Component: ARM Compiler 5.06 update 7 (build 960) Tool: armlink [4d3601]

==============================================================================

Section Cross References

    startup_stm32h750xx.o(STACK) refers (Special) to heapauxi.o(.text) for __use_two_region_memory
    startup_stm32h750xx.o(HEAP) refers (Special) to heapauxi.o(.text) for __use_two_region_memory
    startup_stm32h750xx.o(RESET) refers (Special) to heapauxi.o(.text) for __use_two_region_memory
    startup_stm32h750xx.o(RESET) refers to startup_stm32h750xx.o(STACK) for __initial_sp
    startup_stm32h750xx.o(RESET) refers to startup_stm32h750xx.o(.text) for Reset_Handler
    startup_stm32h750xx.o(RESET) refers to stm32h7xx_it.o(i.NMI_Handler) for NMI_Handler
    startup_stm32h750xx.o(RESET) refers to stm32h7xx_it.o(i.HardFault_Handler) for HardFault_Handler
    startup_stm32h750xx.o(RESET) refers to stm32h7xx_it.o(i.MemManage_Handler) for MemManage_Handler
    startup_stm32h750xx.o(RESET) refers to stm32h7xx_it.o(i.BusFault_Handler) for BusFault_Handler
    startup_stm32h750xx.o(RESET) refers to stm32h7xx_it.o(i.UsageFault_Handler) for UsageFault_Handler
    startup_stm32h750xx.o(RESET) refers to stm32h7xx_it.o(i.SVC_Handler) for SVC_Handler
    startup_stm32h750xx.o(RESET) refers to stm32h7xx_it.o(i.DebugMon_Handler) for DebugMon_Handler
    startup_stm32h750xx.o(RESET) refers to stm32h7xx_it.o(i.PendSV_Handler) for PendSV_Handler
    startup_stm32h750xx.o(RESET) refers to stm32h7xx_it.o(i.SysTick_Handler) for SysTick_Handler
    startup_stm32h750xx.o(.text) refers (Special) to heapauxi.o(.text) for __use_two_region_memory
    startup_stm32h750xx.o(.text) refers to system_stm32h7xx.o(i.SystemInit) for SystemInit
    startup_stm32h750xx.o(.text) refers to __main.o(!!!main) for __main
    startup_stm32h750xx.o(.text) refers to startup_stm32h750xx.o(HEAP) for Heap_Mem
    startup_stm32h750xx.o(.text) refers to startup_stm32h750xx.o(STACK) for Stack_Mem
    main.o(i.SystemClock_Config) refers to rt_memclr_w.o(.text) for __aeabi_memclr4
    main.o(i.SystemClock_Config) refers to stm32h7xx_hal_pwr_ex.o(i.HAL_PWREx_ConfigSupply) for HAL_PWREx_ConfigSupply
    main.o(i.SystemClock_Config) refers to stm32h7xx_hal_rcc.o(i.HAL_RCC_OscConfig) for HAL_RCC_OscConfig
    main.o(i.SystemClock_Config) refers to stm32h7xx_hal_rcc.o(i.HAL_RCC_ClockConfig) for HAL_RCC_ClockConfig
    main.o(i.main) refers to stm32h7xx_hal.o(i.HAL_Init) for HAL_Init
    main.o(i.main) refers to main.o(i.SystemClock_Config) for SystemClock_Config
    main.o(i.main) refers to gpio.o(i.MX_GPIO_Init) for MX_GPIO_Init
    main.o(i.main) refers to usart.o(i.MX_USART1_UART_Init) for MX_USART1_UART_Init
    main.o(i.main) refers to spi.o(i.MX_SPI1_Init) for MX_SPI1_Init
    main.o(i.main) refers to icm42688.o(i.icm42688_Init) for icm42688_Init
    main.o(i.main) refers to kalman.o(i.EKF_init) for EKF_init
    main.o(i.main) refers to uart.o(i.myprintf) for myprintf
    main.o(i.main) refers to stm32h7xx_hal.o(i.HAL_GetTick) for HAL_GetTick
    main.o(i.main) refers to icm42688.o(i.icm42688_getGYRO_float) for icm42688_getGYRO_float
    main.o(i.main) refers to icm42688.o(i.icm42688_getAcc_float) for icm42688_getAcc_float
    main.o(i.main) refers to kalman.o(i.EKF_update) for EKF_update
    main.o(i.main) refers to stm32h7xx_hal_gpio.o(i.HAL_GPIO_TogglePin) for HAL_GPIO_TogglePin
    main.o(i.main) refers to stm32h7xx_hal.o(i.HAL_Delay) for HAL_Delay
    main.o(i.main) refers to main.o(.data) for .data
    gpio.o(i.MX_GPIO_Init) refers to rt_memclr_w.o(.text) for __aeabi_memclr4
    gpio.o(i.MX_GPIO_Init) refers to stm32h7xx_hal_gpio.o(i.HAL_GPIO_WritePin) for HAL_GPIO_WritePin
    gpio.o(i.MX_GPIO_Init) refers to stm32h7xx_hal_gpio.o(i.HAL_GPIO_Init) for HAL_GPIO_Init
    spi.o(i.HAL_SPI_MspDeInit) refers to stm32h7xx_hal_gpio.o(i.HAL_GPIO_DeInit) for HAL_GPIO_DeInit
    spi.o(i.HAL_SPI_MspInit) refers to rt_memclr_w.o(.text) for __aeabi_memclr4
    spi.o(i.HAL_SPI_MspInit) refers to stm32h7xx_hal_rcc_ex.o(i.HAL_RCCEx_PeriphCLKConfig) for HAL_RCCEx_PeriphCLKConfig
    spi.o(i.HAL_SPI_MspInit) refers to main.o(i.Error_Handler) for Error_Handler
    spi.o(i.HAL_SPI_MspInit) refers to stm32h7xx_hal_gpio.o(i.HAL_GPIO_Init) for HAL_GPIO_Init
    spi.o(i.MX_SPI1_Init) refers to stm32h7xx_hal_spi.o(i.HAL_SPI_Init) for HAL_SPI_Init
    spi.o(i.MX_SPI1_Init) refers to main.o(i.Error_Handler) for Error_Handler
    spi.o(i.MX_SPI1_Init) refers to spi.o(.bss) for .bss
    usart.o(i.HAL_UART_MspDeInit) refers to stm32h7xx_hal_gpio.o(i.HAL_GPIO_DeInit) for HAL_GPIO_DeInit
    usart.o(i.HAL_UART_MspInit) refers to rt_memclr_w.o(.text) for __aeabi_memclr4
    usart.o(i.HAL_UART_MspInit) refers to stm32h7xx_hal_rcc_ex.o(i.HAL_RCCEx_PeriphCLKConfig) for HAL_RCCEx_PeriphCLKConfig
    usart.o(i.HAL_UART_MspInit) refers to main.o(i.Error_Handler) for Error_Handler
    usart.o(i.HAL_UART_MspInit) refers to stm32h7xx_hal_gpio.o(i.HAL_GPIO_Init) for HAL_GPIO_Init
[...]
    i.HAL_SPI_Receive                        0x08003c78   Section        0  stm32h7xx_hal_spi.o(i.HAL_SPI_Receive)
    i.HAL_SPI_Transmit                       0x08003e4e   Section        0  stm32h7xx_hal_spi.o(i.HAL_SPI_Transmit)
    i.HAL_SYSTICK_Config                     0x0800409c   Section        0  stm32h7xx_hal_cortex.o(i.HAL_SYSTICK_Config)
    i.HAL_UARTEx_DisableFifoMode             0x080040c2   Section        0  stm32h7xx_hal_uart_ex.o(i.HAL_UARTEx_DisableFifoMode)
    i.HAL_UARTEx_SetRxFifoThreshold          0x08004102   Section        0  stm32h7xx_hal_uart_ex.o(i.HAL_UARTEx_SetRxFifoThreshold)
    i.HAL_UARTEx_SetTxFifoThreshold          0x0800414e   Section        0  stm32h7xx_hal_uart_ex.o(i.HAL_UARTEx_SetTxFifoThreshold)
    i.HAL_UART_Init                          0x0800419a   Section        0  stm32h7xx_hal_uart.o(i.HAL_UART_Init)
    i.HAL_UART_MspInit                       0x08004204   Section        0  usart.o(i.HAL_UART_MspInit)
    i.HAL_UART_Transmit                      0x0800428c   Section        0  stm32h7xx_hal_uart.o(i.HAL_UART_Transmit)
    i.HardFault_Handler                      0x0800433c   Section        0  stm32h7xx_it.o(i.HardFault_Handler)
    i.MX_GPIO_Init                           0x08004340   Section        0  gpio.o(i.MX_GPIO_Init)
    i.MX_SPI1_Init                           0x080043d0   Section        0  spi.o(i.MX_SPI1_Init)
    i.MX_USART1_UART_Init                    0x0800442c   Section        0  usart.o(i.MX_USART1_UART_Init)
    i.MemManage_Handler                      0x08004494   Section        0  stm32h7xx_it.o(i.MemManage_Handler)
    i.Merge_Raw_Data                         0x08004496   Section        0  icm42688.o(i.Merge_Raw_Data)
    i.NMI_Handler                            0x080044bc   Section        0  stm32h7xx_it.o(i.NMI_Handler)
    i.PendSV_Handler                         0x080044be   Section        0  stm32h7xx_it.o(i.PendSV_Handler)
    i.RCCEx_PLL2_Config                      0x080044c0   Section        0  stm32h7xx_hal_rcc_ex.o(i.RCCEx_PLL2_Config)
    RCCEx_PLL2_Config                        0x080044c1   Thumb Code   284  stm32h7xx_hal_rcc_ex.o(i.RCCEx_PLL2_Config)
    i.RCCEx_PLL3_Config                      0x080045e0   Section        0  stm32h7xx_hal_rcc_ex.o(i.RCCEx_PLL3_Config)
    RCCEx_PLL3_Config                        0x080045e1   Thumb Code   284  stm32h7xx_hal_rcc_ex.o(i.RCCEx_PLL3_Config)
    i.SPI_CloseTransfer                      0x08004700   Section        0  stm32h7xx_hal_spi.o(i.SPI_CloseTransfer)
    SPI_CloseTransfer                        0x08004701   Thumb Code   188  stm32h7xx_hal_spi.o(i.SPI_CloseTransfer)
    i.SPI_WaitOnFlagUntilTimeout             0x080047bc   Section        0  stm32h7xx_hal_spi.o(i.SPI_WaitOnFlagUntilTimeout)
    SPI_WaitOnFlagUntilTimeout               0x080047bd   Thumb Code    70  stm32h7xx_hal_spi.o(i.SPI_WaitOnFlagUntilTimeout)
    i.SVC_Handler                            0x08004802   Section        0  stm32h7xx_it.o(i.SVC_Handler)
    i.SysTick_Handler                        0x08004804   Section        0  stm32h7xx_it.o(i.SysTick_Handler)
    i.SystemClock_Config                     0x08004808   Section        0  main.o(i.SystemClock_Config)
    i.SystemInit                             0x080048e4   Section        0  system_stm32h7xx.o(i.SystemInit)
    i.UARTEx_SetNbDataToProcess              0x080049c0   Section        0  stm32h7xx_hal_uart_ex.o(i.UARTEx_SetNbDataToProcess)
    UARTEx_SetNbDataToProcess                0x080049c1   Thumb Code    62  stm32h7xx_hal_uart_ex.o(i.UARTEx_SetNbDataToProcess)
    i.UART_AdvFeatureConfig                  0x08004a04   Section        0  stm32h7xx_hal_uart.o(i.UART_AdvFeatureConfig)
    i.UART_CheckIdleState                    0x08004acc   Section        0  stm32h7xx_hal_uart.o(i.UART_CheckIdleState)
    i.UART_EndRxTransfer                     0x08004b78   Section        0  stm32h7xx_hal_uart.o(i.UART_EndRxTransfer)
    UART_EndRxTransfer                       0x08004b79   Thumb Code    78  stm32h7xx_hal_uart.o(i.UART_EndRxTransfer)
    i.UART_SetConfig                         0x08004bcc   Section        0  stm32h7xx_hal_uart.o(i.UART_SetConfig)
    i.UART_WaitOnFlagUntilTimeout            0x08004f78   Section        0  stm32h7xx_hal_uart.o(i.UART_WaitOnFlagUntilTimeout)
    i.UsageFault_Handler                     0x08005004   Section        0  stm32h7xx_it.o(i.UsageFault_Handler)
    i.__ARM_fpclassify                       0x08005006   Section        0  fpclassify.o(i.__ARM_fpclassify)
    i.__ARM_fpclassifyf                      0x08005036   Section        0  fpclassifyf.o(i.__ARM_fpclassifyf)
    i.__NVIC_SetPriority                     0x0800505c   Section        0  stm32h7xx_hal_cortex.o(i.__NVIC_SetPriority)
    __NVIC_SetPriority                       0x0800505d   Thumb Code    34  stm32h7xx_hal_cortex.o(i.__NVIC_SetPriority)
    i.__hardfp_atan2f                        0x08005080   Section        0  atan2f.o(i.__hardfp_atan2f)
    i.__hardfp_sqrtf                         0x08005334   Section        0  sqrtf.o(i.__hardfp_sqrtf)
    i.__mathlib_flt_infnan2                  0x0800536e   Section        0  funder.o(i.__mathlib_flt_infnan2)
    i.__mathlib_flt_underflow                0x08005374   Section        0  funder.o(i.__mathlib_flt_underflow)
    i._is_digit                              0x08005384   Section        0  __printf_wp.o(i._is_digit)
    i.icm42688_Init                          0x08005392   Section        0  icm42688.o(i.icm42688_Init)
    i.icm42688_getAcc_float                  0x08005478   Section        0  icm42688.o(i.icm42688_getAcc_float)
    i.icm42688_getAccel                      0x080054d8   Section        0  icm42688.o(i.icm42688_getAccel)
    i.icm42688_getGYRO                       0x080054f2   Section        0  icm42688.o(i.icm42688_getGYRO)
    i.icm42688_getGYRO_float                 0x0800550c   Section        0  icm42688.o(i.icm42688_getGYRO_float)
    i.icm42688_readMem                       0x0800556c   Section        0  icm42688.o(i.icm42688_readMem)
    i.icm42688_readReg                       0x080055b8   Section        0  icm42688.o(i.icm42688_readReg)
    i.icm42688_writeReg                      0x08005608   Section        0  icm42688.o(i.icm42688_writeReg)
    icm42688_writeReg                        0x08005609   Thumb Code    48  icm42688.o(i.icm42688_writeReg)
    i.main                                   0x08005640   Section        0  main.o(i.main)
    i.myprintf                               0x0800571c   Section        0  uart.o(i.myprintf)
    locale$$code                             0x0800574c   Section       44  lc_numeric_c.o(locale$$code)
    locale$$code                             0x08005778   Section       44  lc_ctype_c.o(locale$$code)
    x$fpl$fpinit                             0x080057a4   Section       10  fpinit.o(x$fpl$fpinit)
    $v0                                      0x080057a4   Number         0  fpinit.o(x$fpl$fpinit)
    x$fpl$printf1                            0x080057ae   Section        4  printf1.o(x$fpl$printf1)
    $v0                                      0x080057ae   Number         0  printf1.o(x$fpl$printf1)
    x$fpl$printf2                            0x080057b2   Section        4  printf2.o(x$fpl$printf2)
    $v0                                      0x080057b2   Number         0  printf2.o(x$fpl$printf2)
    .constdata                               0x080057b6   Section       24  stm32h7xx_hal_uart.o(.constdata)
    x$fpl$usenofp                            0x080057b6   Section        0  usenofp.o(x$fpl$usenofp)
    .constdata                               0x080057ce   Section       16  stm32h7xx_hal_uart_ex.o(.constdata)
    numerator                                0x080057ce   Data           8  stm32h7xx_hal_uart_ex.o(.constdata)
    denominator                              0x080057d6   Data           8  stm32h7xx_hal_uart_ex.o(.constdata)
    .constdata                               0x080057de   Section       16  system_stm32h7xx.o(.constdata)
    .constdata                               0x080057f0   Section        8  _printf_wctomb.o(.constdata)
    initial_mbstate                          0x080057f0   Data           8  _printf_wctomb.o(.constdata)
    .constdata                               0x080057f8   Section       40  _printf_hex_int_ll_ptr.o(.constdata)
    uc_hextab                                0x080057f8   Data          20  _printf_hex_int_ll_ptr.o(.constdata)
    lc_hextab                                0x0800580c   Data          20  _printf_hex_int_ll_ptr.o(.constdata)
    .constdata                               0x08005820   Section       17  __printf_flags_ss_wp.o(.constdata)
    maptable                                 0x08005820   Data          17  __printf_flags_ss_wp.o(.constdata)
    .constdata                               0x08005831   Section       38  _printf_fp_hex.o(.constdata)
    lc_hextab                                0x08005831   Data          19  _printf_fp_hex.o(.constdata)
    uc_hextab                                0x08005844   Data          19  _printf_fp_hex.o(.constdata)
    .constdata                               0x08005858   Section      148  bigflt0.o(.constdata)
    tenpwrs_x                                0x08005858   Data          60  bigflt0.o(.constdata)
    tenpwrs_i                                0x08005894   Data          64  bigflt0.o(.constdata)
    locale$$data                             0x0800590c   Section       28  lc_numeric_c.o(locale$$data)
    __lcnum_c_name                           0x08005910   Data           2  lc_numeric_c.o(locale$$data)
    __lcnum_c_start                          0x08005918   Data           0  lc_numeric_c.o(locale$$data)
    __lcnum_c_point                          0x08005924   Data           0  lc_numeric_c.o(locale$$data)
    __lcnum_c_thousands                      0x08005926   Data           0  lc_numeric_c.o(locale$$data)
    __lcnum_c_grouping                       0x08005927   Data           0  lc_numeric_c.o(locale$$data)
    locale$$data                             0x08005928   Section      272  lc_ctype_c.o(locale$$data)
    __lcnum_c_end                            0x08005928   Data           0  lc_numeric_c.o(locale$$data)
    __lcctype_c_name                         0x0800592c   Data           2  lc_ctype_c.o(locale$$data)
    __lcctype_c_start                        0x08005934   Data           0  lc_ctype_c.o(locale$$data)
    __lcctype_c_end                          0x08005a38   Data           0  lc_ctype_c.o(locale$$data)
    .data                                    0x24000000   Section       92  main.o(.data)
    .data                                    0x2400005c   Section       12  stm32h7xx_hal.o(.data)
    .data                                    0x24000068   Section        8  system_stm32h7xx.o(.data)
    .bss                                     0x24000070   Section      136  spi.o(.bss)
    .bss                                     0x240000f8   Section      148  usart.o(.bss)
    .bss                                     0x2400018c   Section       96  libspace.o(.bss)
    HEAP                                     0x240001f0   Section      512  startup_stm32h750xx.o(HEAP)
    Heap_Mem                                 0x240001f0   Data         512  startup_stm32h750xx.o(HEAP)
    STACK                                    0x240003f0   Section     1024  startup_stm32h750xx.o(STACK)
    Stack_Mem                                0x240003f0   Data        1024  startup_stm32h750xx.o(STACK)
    __initial_sp                             0x240007f0   Data           0  startup_stm32h750xx.o(STACK)

    Global Symbols

    Symbol Name                              Value     Ov Type        Size  Object(Section)

    BuildAttributes$$THM_ISAv4$E$P$D$K$B$S$7EM$VFPv5_D16$PE$PLD8$A:L22UL41UL21$X:L11$S22US41US21$IEEE1$IW$USESV6$~STKCKD$USESV7$~SHL$OTIME$ROPI$IEEEX$EBA8$UX$STANDARDLIB$REQ8$PRES8$EABIv2 0x00000000   Number         0  anon$$obj.o ABSOLUTE
    __ARM_use_no_argv                        0x00000000   Number         0  main.o ABSOLUTE
    _printf_flags                            0x00000000   Number         0  printf_stubs.o ABSOLUTE
    _printf_return_value                     0x00000000   Number         0  printf_stubs.o ABSOLUTE
    _printf_sizespec                         0x00000000   Number         0  printf_stubs.o ABSOLUTE
    _printf_widthprec                        0x00000000   Number         0  printf_stubs.o ABSOLUTE
    __ARM_exceptions_init                     - Undefined Weak Reference
    __alloca_initialize                       - Undefined Weak Reference
    __arm_fini_                               - Undefined Weak Reference
    __arm_preinit_                            - Undefined Weak Reference
    __cpp_initialize__aeabi_                  - Undefined Weak Reference
    __cxa_finalize                            - Undefined Weak Reference
    __sigvec_lookup                           - Undefined Weak Reference
    _atexit_init                              - Undefined Weak Reference
    _call_atexit_fns                          - Undefined Weak Reference
    _clock_init                               - Undefined Weak Reference
    _fp_trap_init                             - Undefined Weak Reference
    _fp_trap_shutdown                         - Undefined Weak Reference
    _get_lc_collate                           - Undefined Weak Reference
    _get_lc_monetary                          - Undefined Weak Reference
    _get_lc_time                              - Undefined Weak Reference
    _getenv_init                              - Undefined Weak Reference
    _handle_redirection                       - Undefined Weak Reference
    _init_alloc                               - Undefined Weak Reference
    _init_user_alloc                          - Undefined Weak Reference
    _initio                                   - Undefined Weak Reference
    _printf_mbtowc                            - Undefined Weak Reference
    _printf_wc                                - Undefined Weak Reference
    _rand_init                                - Undefined Weak Reference
    _signal_finish                            - Undefined Weak Reference
    _signal_init                              - Undefined Weak Reference
    _terminate_alloc                          - Undefined Weak Reference
    _terminate_user_alloc                     - Undefined Weak Reference
    _terminateio                              - Undefined Weak Reference
    __Vectors_Size                           0x00000298   Number         0  startup_stm32h750xx.o ABSOLUTE
    __Vectors                                0x08000000   Data           4  startup_stm32h750xx.o(RESET)
    __Vectors_End                            0x08000298   Data           0  startup_stm32h750xx.o(RESET)
    __main                                   0x08000299   Thumb Code     8  __main.o(!!!main)
    __scatterload                            0x080002a1   Thumb Code     0  __scatter.o(!!!scatter)
    __scatterload_rt2                        0x080002a1   Thumb Code    44  __scatter.o(!!!scatter)
    __scatterload_rt2_thumb_only             0x080002a1   Thumb Code     0  __scatter.o(!!!scatter)
    __scatterload_null                       0x080002af   Thumb Code     0  __scatter.o(!!!scatter)
    __scatterload_copy                       0x080002d5   Thumb Code    26  __scatter_copy.o(!!handler_copy)
    __scatterload_zeroinit                   0x080002f1   Thumb Code    28  __scatter_zi.o(!!handler_zi)
    _printf_n                                0x0800030d   Thumb Code     0  _printf_n.o(.ARM.Collect$$_printf_percent$$00000001)
    _printf_percent                          0x0800030d   Thumb Code     0  _printf_percent.o(.ARM.Collect$$_printf_percent$$00000000)
    _printf_p                                0x08000313   Thumb Code     0  _printf_p.o(.ARM.Collect$$_printf_percent$$00000002)
    _printf_f                                0x08000319   Thumb Code     0  _printf_f.o(.ARM.Collect$$_printf_percent$$00000003)
    _printf_e                                0x0800031f   Thumb Code     0  _printf_e.o(.ARM.Collect$$_printf_percent$$00000004)
    _printf_g                                0x08000325   Thumb Code     0  _printf_g.o(.ARM.Collect$$_printf_percent$$00000005)
    _printf_a                                0x0800032b   Thumb Code     0  _printf_a.o(.ARM.Collect$$_printf_percent$$00000006)
    _printf_ll                               0x08000331   Thumb Code     0  _printf_ll.o(.ARM.Collect$$_printf_percent$$00000007)
    _printf_i                                0x0800033b   Thumb Code     0  _printf_i.o(.ARM.Collect$$_printf_percent$$00000008)
    _printf_d                                0x08000341   Thumb Code     0  _printf_d.o(.ARM.Collect$$_printf_percent$$00000009)
    _printf_u                                0x08000347   Thumb Code     0  _printf_u.o(.ARM.Collect$$_printf_percent$$0000000A)
    _printf_o                                0x0800034d   Thumb Code     0  _printf_o.o(.ARM.Collect$$_printf_percent$$0000000B)
    _printf_x                                0x08000353   Thumb Code     0  _printf_x.o(.ARM.Collect$$_printf_percent$$0000000C)
    _printf_lli                              0x08000359   Thumb Code     0  _printf_lli.o(.ARM.Collect$$_printf_percent$$0000000D)
    _printf_lld                              0x0800035f   Thumb Code     0  _printf_lld.o(.ARM.Collect$$_printf_percent$$0000000E)
    _printf_llu                              0x08000365   Thumb Code     0  _printf_llu.o(.ARM.Collect$$_printf_percent$$0000000F)
    _printf_llo                              0x0800036b   Thumb Code     0  _printf_llo.o(.ARM.Collect$$_printf_percent$$00000010)
    _printf_llx                              0x08000371   Thumb Code     0  _printf_llx.o(.ARM.Collect$$_printf_percent$$00000011)
    _printf_l                                0x08000377   Thumb Code     0  _printf_l.o(.ARM.Collect$$_printf_percent$$00000012)
    _printf_c                                0x08000381   Thumb Code     0  _printf_c.o(.ARM.Collect$$_printf_percent$$00000013)
    _printf_s                                0x08000387   Thumb Code     0  _printf_s.o(.ARM.Collect$$_printf_percent$$00000014)
    _printf_lc                               0x0800038d   Thumb Code     0  _printf_lc.o(.ARM.Collect$$_printf_percent$$00000015)
    _printf_ls                               0x08000393   Thumb Code     0  _printf_ls.o(.ARM.Collect$$_printf_percent$$00000016)
    _printf_percent_end                      0x08000399   Thumb Code     0  _printf_percent_end.o(.ARM.Collect$$_printf_percent$$00000017)
    __rt_lib_init                            0x0800039d   Thumb Code     0  libinit.o(.ARM.Collect$$libinit$$00000000)
    __rt_lib_init_fp_1                       0x0800039f   Thumb Code     0  libinit2.o(.ARM.Collect$$libinit$$00000001)
    __rt_lib_init_heap_1                     0x080003a3   Thumb Code     0  libinit2.o(.ARM.Collect$$libinit$$0000000A)
    __rt_lib_init_lc_common                  0x080003a3   Thumb Code     0  libinit2.o(.ARM.Collect$$libinit$$0000000F)
    __rt_lib_init_preinit_1                  0x080003a3   Thumb Code     0  libinit2.o(.ARM.Collect$$libinit$$00000004)
    __rt_lib_init_rand_1                     0x080003a3   Thumb Code     0  libinit2.o(.ARM.Collect$$libinit$$0000000E)
    __rt_lib_init_user_alloc_1               0x080003a3   Thumb Code     0  libinit2.o(.ARM.Collect$$libinit$$0000000C)
    __rt_lib_init_lc_collate_1               0x080003a9   Thumb Code     0  libinit2.o(.ARM.Collect$$libinit$$00000011)
    __rt_lib_init_lc_ctype_2                 0x080003a9   Thumb Code     0  libinit2.o(.ARM.Collect$$libinit$$00000012)
    __rt_lib_init_lc_ctype_1                 0x080003b5   Thumb Code     0  libinit2.o(.ARM.Collect$$libinit$$00000013)
    __rt_lib_init_lc_monetary_1              0x080003b5   Thumb Code     0  libinit2.o(.ARM.Collect$$libinit$$00000015)
    __rt_lib_init_lc_numeric_2               0x080003b5   Thumb Code     0  libinit2.o(.ARM.Collect$$libinit$$00000016)
    __rt_lib_init_alloca_1                   0x080003bf   Thumb Code     0  libinit2.o(.ARM.Collect$$libinit$$0000002E)
    __rt_lib_init_argv_1                     0x080003bf   Thumb Code     0  libinit2.o(.ARM.Collect$$libinit$$0000002C)
    __rt_lib_init_atexit_1                   0x080003bf   Thumb Code     0  libinit2.o(.ARM.Collect$$libinit$$0000001B)
    __rt_lib_init_clock_1                    0x080003bf   Thumb Code     0  libinit2.o(.ARM.Collect$$libinit$$00000021)
    __rt_lib_init_cpp_1                      0x080003bf   Thumb Code     0  libinit2.o(.ARM.Collect$$libinit$$00000032)
    __rt_lib_init_exceptions_1               0x080003bf   Thumb Code     0  libinit2.o(.ARM.Collect$$libinit$$00000030)
    __rt_lib_init_fp_trap_1                  0x080003bf   Thumb Code     0  libinit2.o(.ARM.Collect$$libinit$$0000001F)
    __rt_lib_init_getenv_1                   0x080003bf   Thumb Code     0  libinit2.o(.ARM.Collect$$libinit$$00000023)
    __rt_lib_init_lc_numeric_1               0x080003bf   Thumb Code     0  libinit2.o(.ARM.Collect$$libinit$$00000017)
    __rt_lib_init_lc_time_1                  0x080003bf   Thumb Code     0  libinit2.o(.ARM.Collect$$libinit$$00000019)
    __rt_lib_init_return                     0x080003bf   Thumb Code     0  libinit2.o(.ARM.Collect$$libinit$$00000033)
    __rt_lib_init_signal_1                   0x080003bf   Thumb Code     0  libinit2.o(.ARM.Collect$$libinit$$0000001D)
    __rt_lib_init_stdio_1                    0x080003bf   Thumb Code     0  libinit2.o(.ARM.Collect$$libinit$$00000025)
    __rt_lib_shutdown                        0x080003c1   Thumb Code     0  libshutdown.o(.ARM.Collect$$libshutdown$$00000000)
    __rt_lib_shutdown_cpp_1                  0x080003c3   Thumb Code     0  libshutdown2.o(.ARM.Collect$$libshutdown$$00000004)
    __rt_lib_shutdown_fini_1                 0x080003c3   Thumb Code     0  libshutdown2.o(.ARM.Collect$$libshutdown$$00000002)
    __rt_lib_shutdown_fp_trap_1              0x080003c3   Thumb Code     0  libshutdown2.o(.ARM.Collect$$libshutdown$$00000009)
    __rt_lib_shutdown_heap_1                 0x080003c3   Thumb Code     0  libshutdown2.o(.ARM.Collect$$libshutdown$$00000011)
    __rt_lib_shutdown_return                 0x080003c3   Thumb Code     0  libshutdown2.o(.ARM.Collect$$libshutdown$$00000012)
    __rt_lib_shutdown_signal_1               0x080003c3   Thumb Code     0  libshutdown2.o(.ARM.Collect$$libshutdown$$0000000C)
    __rt_lib_shutdown_stdio_1                0x080003c3   Thumb Code     0  libshutdown2.o(.ARM.Collect$$libshutdown$$00000006)
    __rt_lib_shutdown_user_alloc_1           0x080003c3   Thumb Code     0  libshutdown2.o(.ARM.Collect$$libshutdown$$0000000E)
    __rt_entry                               0x080003c5   Thumb Code     0  __rtentry.o(.ARM.Collect$$rtentry$$00000000)
    __rt_entry_presh_1                       0x080003c5   Thumb Code     0  __rtentry2.o(.ARM.Collect$$rtentry$$00000002)
    __rt_entry_sh                            0x080003c5   Thumb Code     0  __rtentry4.o(.ARM.Collect$$rtentry$$00000004)
    __rt_entry_li                            0x080003cb   Thumb Code     0  __rtentry2.o(.ARM.Collect$$rtentry$$0000000A)
    __rt_entry_postsh_1                      0x080003cb   Thumb Code     0  __rtentry2.o(.ARM.Collect$$rtentry$$00000009)
    __rt_entry_main                          0x080003cf   Thumb Code     0  __rtentry2.o(.ARM.Collect$$rtentry$$0000000D)
    __rt_entry_postli_1                      0x080003cf   Thumb Code     0  __rtentry2.o(.ARM.Collect$$rtentry$$0000000C)
    __rt_exit                                0x080003d7   Thumb Code     0  rtexit.o(.ARM.Collect$$rtexit$$00000000)
    __rt_exit_ls                             0x080003d9   Thumb Code     0  rtexit2.o(.ARM.Collect$$rtexit$$00000003)
    __rt_exit_prels_1                        0x080003d9   Thumb Code     0  rtexit2.o(.ARM.Collect$$rtexit$$00000002)
    __rt_exit_exit                           0x080003dd   Thumb Code     0  rtexit2.o(.ARM.Collect$$rtexit$$00000004)
    Reset_Handler                            0x080003e5   Thumb Code     8  startup_stm32h750xx.o(.text)
    ADC3_IRQHandler                          0x080003ff   Thumb Code     0  startup_stm32h750xx.o(.text)
    ADC_IRQHandler                           0x080003ff   Thumb Code     0  startup_stm32h750xx.o(.text)
    BDMA_Channel0_IRQHandler                 0x080003ff   Thumb Code     0  startup_stm32h750xx.o(.text)
    BDMA_Channel1_IRQHandler                 0x080003ff   Thumb Code     0  startup_stm32h750xx.o(.text)
    BDMA_Channel2_IRQHandler                 0x080003ff   Thumb Code     0  startup_stm32h750xx.o(.text)
    BDMA_Channel3_IRQHandler                 0x080003ff   Thumb Code     0  startup_stm32h750xx.o(.text)
    BDMA_Channel4_IRQHandler                 0x080003ff   Thumb Code     0  startup_stm32h750xx.o(.text)
    BDMA_Channel5_IRQHandler                 0x080003ff   Thumb Code     0  startup_stm32h750xx.o(.text)
    BDMA_Channel6_IRQHandler                 0x080003ff   Thumb Code     0  startup_stm32h750xx.o(.text)
    BDMA_Channel7_IRQHandler                 0x080003ff   Thumb Code     0  startup_stm32h750xx.o(.text)
    CEC_IRQHandler                           0x080003ff   Thumb Code     0  startup_stm32h750xx.o(.text)
    COMP1_IRQHandler                         0x080003ff   Thumb Code     0  startup_stm32h750xx.o(.text)
    CRS_IRQHandler                           0x080003ff   Thumb Code     0  startup_stm32h750xx.o(.text)
    CRYP_IRQHandler                          0x080003ff   Thumb Code     0  startup_stm32h750xx.o(.text)
    DCMI_IRQHandler                          0x080003ff   Thumb Code     0  startup_stm32h750xx.o(.text)
    DFSDM1_FLT0_IRQHandler                   0x080003ff   Thumb Code     0  startup_stm32h750xx.o(.text)
    DFSDM1_FLT1_IRQHandler                   0x080003ff   Thumb Code     0  startup_stm32h750xx.o(.text)
    DFSDM1_FLT2_IRQHandler                   0x080003ff   Thumb Code     0  startup_stm32h750xx.o(.text)
    DFSDM1_FLT3_IRQHandler                   0x080003ff   Thumb Code     0  startup_stm32h750xx.o(.text)
    DMA1_Stream0_IRQHandler                  0x080003ff   Thumb Code     0  startup_stm32h750xx.o(.text)
    DMA1_Stream1_IRQHandler                  0x080003ff   Thumb Code     0  startup_stm32h750xx.o(.text)
    DMA1_Stream2_IRQHandler                  0x080003ff   Thumb Code     0  startup_stm32h750xx.o(.text)
    DMA1_Stream3_IRQHandler                  0x080003ff   Thumb Code     0  startup_stm32h750xx.o(.text)
    DMA1_Stream4_IRQHandler                  0x080003ff   Thumb Code     0  startup_stm32h750xx.o(.text)
    DMA1_Stream5_IRQHandler                  0x080003ff   Thumb Code     0  startup_stm32h750xx.o(.text)
    DMA1_Stream6_IRQHandler                  0x080003ff   Thumb Code     0  startup_stm32h750xx.o(.text)
    DMA1_Stream7_IRQHandler                  0x080003ff   Thumb Code     0  startup_stm32h750xx.o(.text)
    DMA2D_IRQHandler                         0x080003ff   Thumb Code     0  startup_stm32h750xx.o(.text)
    DMA2_Stream0_IRQHandler                  0x080003ff   Thumb Code     0  startup_stm32h750xx.o(.text)
    DMA2_Stream1_IRQHandler                  0x080003ff   Thumb Code     0  startup_stm32h750xx.o(.text)
    DMA2_Stream2_IRQHandler                  0x080003ff   Thumb Code     0  startup_stm32h750xx.o(.text)
    DMA2_Stream3_IRQHandler                  0x080003ff   Thumb Code     0  startup_stm32h750xx.o(.text)
    DMA2_Stream4_IRQHandler                  0x080003ff   Thumb Code     0  startup_stm32h750xx.o(.text)
    DMA2_Stream5_IRQHandler                  0x080003ff   Thumb Code     0  startup_stm32h750xx.o(.text)
    DMA2_Stream6_IRQHandler                  0x080003ff   Thumb Code     0  startup_stm32h750xx.o(.text)
    DMA2_Stream7_IRQHandler                  0x080003ff   Thumb Code     0  startup_stm32h750xx.o(.text)
    DMAMUX1_OVR_IRQHandler                   0x080003ff   Thumb Code     0  startup_stm32h750xx.o(.text)
    DMAMUX2_OVR_IRQHandler                   0x080003ff   Thumb Code     0  startup_stm32h750xx.o(.text)
    ECC_IRQHandler                           0x080003ff   Thumb Code     0  startup_stm32h750xx.o(.text)
    ETH_IRQHandler                           0x080003ff   Thumb Code     0  startup_stm32h750xx.o(.text)
    ETH_WKUP_IRQHandler                      0x080003ff   Thumb Code     0  startup_stm32h750xx.o(.text)
    EXTI0_IRQHandler                         0x080003ff   Thumb Code     0  startup_stm32h750xx.o(.text)
    EXTI15_10_IRQHandler                     0x080003ff   Thumb Code     0  startup_stm32h750xx.o(.text)
    EXTI1_IRQHandler                         0x080003ff   Thumb Code     0  startup_stm32h750xx.o(.text)
    EXTI2_IRQHandler                         0x080003ff   Thumb Code     0  startup_stm32h750xx.o(.text)
    EXTI3_IRQHandler                         0x080003ff   Thumb Code     0  startup_stm32h750xx.o(.text)
    EXTI4_IRQHandler                         0x080003ff   Thumb Code     0  startup_stm32h750xx.o(.text)
    EXTI9_5_IRQHandler                       0x080003ff   Thumb Code     0  startup_stm32h750xx.o(.text)
    FDCAN1_IT0_IRQHandler                    0x080003ff   Thumb Code     0  startup_stm32h750xx.o(.text)
    FDCAN1_IT1_IRQHandler                    0x080003ff   Thumb Code     0  startup_stm32h750xx.o(.text)
    FDCAN2_IT0_IRQHandler                    0x080003ff   Thumb Code     0  startup_stm32h750xx.o(.text)
    FDCAN2_IT1_IRQHandler                    0x080003ff   Thumb Code     0  startup_stm32h750xx.o(.text)
    FDCAN_CAL_IRQHandler                     0x080003ff   Thumb Code     0  startup_stm32h750xx.o(.text)
    FLASH_IRQHandler                         0x080003ff   Thumb Code     0  startup_stm32h750xx.o(.text)
    FMC_IRQHandler                           0x080003ff   Thumb Code     0  startup_stm32h750xx.o(.text)
    FPU_IRQHandler                           0x080003ff   Thumb Code     0  startup_stm32h750xx.o(.text)
    HASH_RNG_IRQHandler                      0x080003ff   Thumb Code     0  startup_stm32h750xx.o(.text)
    HRTIM1_FLT_IRQHandler                    0x080003ff   Thumb Code     0  startup_stm32h750xx.o(.text)
    HRTIM1_Master_IRQHandler                 0x080003ff   Thumb Code     0  startup_stm32h750xx.o(.text)
    HRTIM1_TIMA_IRQHandler                   0x080003ff   Thumb Code     0  startup_stm32h750xx.o(.text)
    HRTIM1_TIMB_IRQHandler                   0x080003ff   Thumb Code     0  startup_stm32h750xx.o(.text)
    HRTIM1_TIMC_IRQHandler                   0x080003ff   Thumb Code     0  startup_stm32h750xx.o(.text)
    HRTIM1_TIMD_IRQHandler                   0x080003ff   Thumb Code     0  startup_stm32h750xx.o(.text)
    HRTIM1_TIME_IRQHandler                   0x080003ff   Thumb Code     0  startup_stm32h750xx.o(.text)
    HSEM1_IRQHandler                         0x080003ff   Thumb Code     0  startup_stm32h750xx.o(.text)
    I2C1_ER_IRQHandler                       0x080003ff   Thumb Code     0  startup_stm32h750xx.o(.text)
    I2C1_EV_IRQHandler                       0x080003ff   Thumb Code     0  startup_stm32h750xx.o(.text)
    I2C2_ER_IRQHandler                       0x080003ff   Thumb Code     0  startup_stm32h750xx.o(.text)
    I2C2_EV_IRQHandler                       0x080003ff   Thumb Code     0  startup_stm32h750xx.o(.text)
    I2C3_ER_IRQHandler                       0x080003ff   Thumb Code     0  startup_stm32h750xx.o(.text)
    I2C3_EV_IRQHandler                       0x080003ff   Thumb Code     0  startup_stm32h750xx.o(.text)
    I2C4_ER_IRQHandler                       0x080003ff   Thumb Code     0  startup_stm32h750xx.o(.text)
    I2C4_EV_IRQHandler                       0x080003ff   Thumb Code     0  startup_stm32h750xx.o(.text)
    JPEG_IRQHandler                          0x080003ff   Thumb Code     0  startup_stm32h750xx.o(.text)
    LPTIM1_IRQHandler                        0x080003ff   Thumb Code     0  startup_stm32h750xx.o(.text)
    LPTIM2_IRQHandler                        0x080003ff   Thumb Code     0  startup_stm32h750xx.o(.text)
    LPTIM3_IRQHandler                        0x080003ff   Thumb Code     0  startup_stm32h750xx.o(.text)
    LPTIM4_IRQHandler                        0x080003ff   Thumb Code     0  startup_stm32h750xx.o(.text)
    LPTIM5_IRQHandler                        0x080003ff   Thumb Code     0  startup_stm32h750xx.o(.text)
    LPUART1_IRQHandler                       0x080003ff   Thumb Code     0  startup_stm32h750xx.o(.text)
    LTDC_ER_IRQHandler                       0x080003ff   Thumb Code     0  startup_stm32h750xx.o(.text)
    LTDC_IRQHandler                          0x080003ff   Thumb Code     0  startup_stm32h750xx.o(.text)
    MDIOS_IRQHandler                         0x080003ff   Thumb Code     0  startup_stm32h750xx.o(.text)
    MDIOS_WKUP_IRQHandler                    0x080003ff   Thumb Code     0  startup_stm32h750xx.o(.text)
    MDMA_IRQHandler                          0x080003ff   Thumb Code     0  startup_stm32h750xx.o(.text)
    OTG_FS_EP1_IN_IRQHandler                 0x080003ff   Thumb Code     0  startup_stm32h750xx.o(.text)
    OTG_FS_EP1_OUT_IRQHandler                0x080003ff   Thumb Code     0  startup_stm32h750xx.o(.text)
    OTG_FS_IRQHandler                        0x080003ff   Thumb Code     0  startup_stm32h750xx.o(.text)
    OTG_FS_WKUP_IRQHandler                   0x080003ff   Thumb Code     0  startup_stm32h750xx.o(.text)
    OTG_HS_EP1_IN_IRQHandler                 0x080003ff   Thumb Code     0  startup_stm32h750xx.o(.text)
    OTG_HS_EP1_OUT_IRQHandler                0x080003ff   Thumb Code     0  startup_stm32h750xx.o(.text)
    OTG_HS_IRQHandler                        0x080003ff   Thumb Code     0  startup_stm32h750xx.o(.text)
    OTG_HS_WKUP_IRQHandler                   0x080003ff   Thumb Code     0  startup_stm32h750xx.o(.text)
    PVD_AVD_IRQHandler                       0x080003ff   Thumb Code     0  startup_stm32h750xx.o(.text)
    QUADSPI_IRQHandler                       0x080003ff   Thumb Code     0  startup_stm32h750xx.o(.text)
    RCC_IRQHandler                           0x080003ff   Thumb Code     0  startup_stm32h750xx.o(.text)
    RTC_Alarm_IRQHandler                     0x080003ff   Thumb Code     0  startup_stm32h750xx.o(.text)
    RTC_WKUP_IRQHandler                      0x080003ff   Thumb Code     0  startup_stm32h750xx.o(.text)
    SAI1_IRQHandler                          0x080003ff   Thumb Code     0  startup_stm32h750xx.o(.text)
    SAI2_IRQHandler                          0x080003ff   Thumb Code     0  startup_stm32h750xx.o(.text)
    SAI3_IRQHandler                          0x080003ff   Thumb Code     0  startup_stm32h750xx.o(.text)
    SAI4_IRQHandler                          0x080003ff   Thumb Code     0  startup_stm32h750xx.o(.text)
    SDMMC1_IRQHandler                        0x080003ff   Thumb Code     0  startup_stm32h750xx.o(.text)
    SDMMC2_IRQHandler                        0x080003ff   Thumb Code     0  startup_stm32h750xx.o(.text)
    SPDIF_RX_IRQHandler                      0x080003ff   Thumb Code     0  startup_stm32h750xx.o(.text)
    SPI1_IRQHandler                          0x080003ff   Thumb Code     0  startup_stm32h750xx.o(.text)
    SPI2_IRQHandler                          0x080003ff   Thumb Code     0  startup_stm32h750xx.o(.text)
    SPI3_IRQHandler                          0x080003ff   Thumb Code     0  startup_stm32h750xx.o(.text)
    SPI4_IRQHandler                          0x080003ff   Thumb Code     0  startup_stm32h750xx.o(.text)
    SPI5_IRQHandler                          0x080003ff   Thumb Code     0  startup_stm32h750xx.o(.text)
    SPI6_IRQHandler                          0x080003ff   Thumb Code     0  startup_stm32h750xx.o(.text)
    SWPMI1_IRQHandler                        0x080003ff   Thumb Code     0  startup_stm32h750xx.o(.text)
    TAMP_STAMP_IRQHandler                    0x080003ff   Thumb Code     0  startup_stm32h750xx.o(.text)
    TIM15_IRQHandler                         0x080003ff   Thumb Code     0  startup_stm32h750xx.o(.text)
    TIM16_IRQHandler                         0x080003ff   Thumb Code     0  startup_stm32h750xx.o(.text)
    TIM17_IRQHandler                         0x080003ff   Thumb Code     0  startup_stm32h750xx.o(.text)
    TIM1_BRK_IRQHandler                      0x080003ff   Thumb Code     0  startup_stm32h750xx.o(.text)
    TIM1_CC_IRQHandler                       0x080003ff   Thumb Code     0  startup_stm32h750xx.o(.text)
    TIM1_TRG_COM_IRQHandler                  0x080003ff   Thumb Code     0  startup_stm32h750xx.o(.text)
    TIM1_UP_IRQHandler                       0x080003ff   Thumb Code     0  startup_stm32h750xx.o(.text)
    TIM2_IRQHandler                          0x080003ff   Thumb Code     0  startup_stm32h750xx.o(.text)
    TIM3_IRQHandler                          0x080003ff   Thumb Code     0  startup_stm32h750xx.o(.text)
    TIM4_IRQHandler                          0x080003ff   Thumb Code     0  startup_stm32h750xx.o(.text)
    TIM5_IRQHandler                          0x080003ff   Thumb Code     0  startup_stm32h750xx.o(.text)
    TIM6_DAC_IRQHandler                      0x080003ff   Thumb Code     0  startup_stm32h750xx.o(.text)
    TIM7_IRQHandler                          0x080003ff   Thumb Code     0  startup_stm32h750xx.o(.text)
    TIM8_BRK_TIM12_IRQHandler                0x080003ff   Thumb Code     0  startup_stm32h750xx.o(.text)
    TIM8_CC_IRQHandler                       0x080003ff   Thumb Code     0  startup_stm32h750xx.o(.text)
    TIM8_TRG_COM_TIM14_IRQHandler            0x080003ff   Thumb Code     0  startup_stm32h750xx.o(.text)
    TIM8_UP_TIM13_IRQHandler                 0x080003ff   Thumb Code     0  startup_stm32h750xx.o(.text)
    UART4_IRQHandler                         0x080003ff   Thumb Code     0  startup_stm32h750xx.o(.text)
    UART5_IRQHandler                         0x080003ff   Thumb Code     0  startup_stm32h750xx.o(.text)
    UART7_IRQHandler                         0x080003ff   Thumb Code     0  startup_stm32h750xx.o(.text)
    UART8_IRQHandler                         0x080003ff   Thumb Code     0  startup_stm32h750xx.o(.text)
    USART1_IRQHandler                        0x080003ff   Thumb Code     0  startup_stm32h750xx.o(.text)
    USART2_IRQHandler                        0x080003ff   Thumb Code     0  startup_stm32h750xx.o(.text)
    USART3_IRQHandler                        0x080003ff   Thumb Code     0  startup_stm32h750xx.o(.text)
    USART6_IRQHandler                        0x080003ff   Thumb Code     0  startup_stm32h750xx.o(.text)
    WAKEUP_PIN_IRQHandler                    0x080003ff   Thumb Code     0  startup_stm32h750xx.o(.text)
    WWDG_IRQHandler                          0x080003ff   Thumb Code     0  startup_stm32h750xx.o(.text)
    __user_initial_stackheap                 0x08000401   Thumb Code     0  startup_stm32h750xx.o(.text)
    __aeabi_uldivmod                         0x08000425   Thumb Code     0  lludivv7m.o(.text)
    _ll_udiv                                 0x08000425   Thumb Code   238  lludivv7m.o(.text)
    vsnprintf                                0x08000515   Thumb Code    48  vsnprintf.o(.text)
    strlen                                   0x08000549   Thumb Code    62  strlen.o(.text)
    __aeabi_memclr4                          0x08000587   Thumb Code     0  rt_memclr_w.o(.text)
    __aeabi_memclr8                          0x08000587   Thumb Code     0  rt_memclr_w.o(.text)
    __rt_memclr_w                            0x08000587   Thumb Code    78  rt_memclr_w.o(.text)
    _memset_w                                0x0800058b   Thumb Code     0  rt_memclr_w.o(.text)
    __use_two_region_memory                  0x080005d5   Thumb Code     2  heapauxi.o(.text)
    __rt_heap_escrow$2region                 0x080005d7   Thumb Code     2  heapauxi.o(.text)
    __rt_heap_expand$2region                 0x080005d9   Thumb Code     2  heapauxi.o(.text)
    __read_errno                             0x080005db   Thumb Code    10  _rserrno.o(.text)
    __set_errno                              0x080005e5   Thumb Code    12  _rserrno.o(.text)
    _printf_pre_padding                      0x080005f1   Thumb Code    44  _printf_pad.o(.text)
    _printf_post_padding                     0x0800061d   Thumb Code    34  _printf_pad.o(.text)
    _printf_truncate_signed                  0x0800063f   Thumb Code    18  _printf_truncate.o(.text)
    _printf_truncate_unsigned                0x08000651   Thumb Code    18  _printf_truncate.o(.text)
    _printf_str                              0x08000663   Thumb Code    82  _printf_str.o(.text)
    _printf_int_dec                          0x080006b5   Thumb Code   104  _printf_dec.o(.text)
    _printf_charcount                        0x0800072d   Thumb Code    40  _printf_charcount.o(.text)
    _printf_char_common                      0x0800075f   Thumb Code    32  _printf_char_common.o(.text)
    _sputc                                   0x08000785   Thumb Code    10  _sputc.o(.text)
    _snputc                                  0x0800078f   Thumb Code    16  _snputc.o(.text)
    _printf_wctomb                           0x080007a1   Thumb Code   182  _printf_wctomb.o(.text)
    _printf_longlong_dec                     0x0800085d   Thumb Code   108  _printf_longlong_dec.o(.text)
    _printf_longlong_oct                     0x080008d9   Thumb Code    66  _printf_oct_int_ll.o(.text)
    _printf_int_oct                          0x0800091b   Thumb Code    24  _printf_oct_int_ll.o(.text)
    _printf_ll_oct                           0x08000933   Thumb Code    12  _printf_oct_int_ll.o(.text)
    _printf_longlong_hex                     0x08000949   Thumb Code    86  _printf_hex_int_ll_ptr.o(.text)
    _printf_int_hex                          0x0800099f   Thumb Code    28  _printf_hex_int_ll_ptr.o(.text)
    _printf_ll_hex                           0x080009bb   Thumb Code    12  _printf_hex_int_ll_ptr.o(.text)
    _printf_hex_ptr                          0x080009c7   Thumb Code    18  _printf_hex_int_ll_ptr.o(.text)
    __printf                                 0x080009dd   Thumb Code   388  __printf_flags_ss_wp.o(.text)
    __aeabi_errno_addr                       0x08000b65   Thumb Code     8  rt_errno_addr_intlibspace.o(.text)
    __errno$intlibspace                      0x08000b65   Thumb Code     0  rt_errno_addr_intlibspace.o(.text)
    __rt_errno_addr$intlibspace              0x08000b65   Thumb Code     0  rt_errno_addr_intlibspace.o(.text)
    _ll_udiv10                               0x08000b6d   Thumb Code   138  lludiv10.o(.text)
    _printf_int_common                       0x08000bf7   Thumb Code   178  _printf_intcommon.o(.text)
    __lib_sel_fp_printf                      0x08000ca9   Thumb Code     2  _printf_fp_dec.o(.text)
    _printf_fp_dec_real                      0x08000e5b   Thumb Code   620  _printf_fp_dec.o(.text)
    _printf_fp_hex_real                      0x080010c9   Thumb Code   756  _printf_fp_hex.o(.text)
    _printf_cs_common                        0x080013c5   Thumb Code    20  _printf_char.o(.text)
    _printf_char                             0x080013d9   Thumb Code    16  _printf_char.o(.text)
    _printf_string                           0x080013e9   Thumb Code     8  _printf_char.o(.text)
    _printf_lcs_common                       0x080013f1   Thumb Code    20  _printf_wchar.o(.text)
    _printf_wchar                            0x08001405   Thumb Code    16  _printf_wchar.o(.text)
    _printf_wstring                          0x08001415   Thumb Code     8  _printf_wchar.o(.text)
    _wcrtomb                                 0x0800141d   Thumb Code    64  _wcrtomb.o(.text)
    __user_libspace                          0x0800145d   Thumb Code     8  libspace.o(.text)
    __user_perproc_libspace                  0x0800145d   Thumb Code     0  libspace.o(.text)
    __user_perthread_libspace                0x0800145d   Thumb Code     0  libspace.o(.text)
    __user_setup_stackheap                   0x08001465   Thumb Code    74  sys_stackheap_outer.o(.text)
    __rt_ctype_table                         0x080014b1   Thumb Code    16  rt_ctype_table.o(.text)
    __rt_locale                              0x080014c1   Thumb Code     8  rt_locale_intlibspace.o(.text)
    _printf_fp_infnan                        0x080014c9   Thumb Code   112  _printf_fp_infnan.o(.text)
    _btod_etento                             0x08001549   Thumb Code   224  bigflt0.o(.text)
    exit                                     0x0800162d   Thumb Code    18  exit.o(.text)
    strcmp                                   0x08001641   Thumb Code   104  strcmpv7m_pel.o(.text)
    _sys_exit                                0x080016a9   Thumb Code     8  sys_exit.o(.text)
    __I$use$semihosting                      0x080016b5   Thumb Code     0  use_no_semi.o(.text)
    __use_no_semihosting_swi                 0x080016b5   Thumb Code     2  use_no_semi.o(.text)
    __semihosting_library_function           0x080016b7   Thumb Code     0  indicate_semi.o(.text)
    _btod_d2e                                0x080016b7   Thumb Code    62  btod.o(CL$$btod_d2e)
    _d2e_denorm_low                          0x080016f5   Thumb Code    70  btod.o(CL$$btod_d2e_denorm_low)
    _d2e_norm_op1                            0x0800173b   Thumb Code    96  btod.o(CL$$btod_d2e_norm_op1)
    __btod_div_common                        0x0800179b   Thumb Code   696  btod.o(CL$$btod_div_common)
    _e2e                                     0x08001ad3   Thumb Code   220  btod.o(CL$$btod_e2e)
    _btod_ediv                               0x08001baf   Thumb Code    42  btod.o(CL$$btod_ediv)
    _btod_emul                               0x08001bd9   Thumb Code    42  btod.o(CL$$btod_emul)
    __btod_mult_common                       0x08001c03   Thumb Code   580  btod.o(CL$$btod_mult_common)
    BusFault_Handler                         0x08001e47   Thumb Code     2  stm32h7xx_it.o(i.BusFault_Handler)
    DebugMon_Handler                         0x08001e49   Thumb Code     2  stm32h7xx_it.o(i.DebugMon_Handler)
    EKF_init                                 0x08001e4d   Thumb Code    80  kalman.o(i.EKF_init)
    EKF_update                               0x08001ead   Thumb Code   422  kalman.o(i.EKF_update)
    Error_Handler                            0x0800205d   Thumb Code     4  main.o(i.Error_Handler)
    HAL_Delay                                0x08002061   Thumb Code    32  stm32h7xx_hal.o(i.HAL_Delay)
    HAL_GPIO_Init                            0x08002085   Thumb Code   506  stm32h7xx_hal_gpio.o(i.HAL_GPIO_Init)
    HAL_GPIO_TogglePin                       0x080022b1   Thumb Code    16  stm32h7xx_hal_gpio.o(i.HAL_GPIO_TogglePin)
    HAL_GPIO_WritePin                        0x080022c1   Thumb Code    10  stm32h7xx_hal_gpio.o(i.HAL_GPIO_WritePin)
    HAL_GetREVID                             0x080022cd   Thumb Code     8  stm32h7xx_hal.o(i.HAL_GetREVID)
    HAL_GetTick                              0x080022d9   Thumb Code     6  stm32h7xx_hal.o(i.HAL_GetTick)
    HAL_IncTick                              0x080022e5   Thumb Code    12  stm32h7xx_hal.o(i.HAL_IncTick)
    HAL_Init                                 0x080022f5   Thumb Code    74  stm32h7xx_hal.o(i.HAL_Init)
    HAL_InitTick                             0x08002351   Thumb Code    56  stm32h7xx_hal.o(i.HAL_InitTick)
    HAL_MspInit                              0x08002391   Thumb Code    22  stm32h7xx_hal_msp.o(i.HAL_MspInit)
    HAL_NVIC_SetPriority                     0x080023ad   Thumb Code    60  stm32h7xx_hal_cortex.o(i.HAL_NVIC_SetPriority)
    HAL_NVIC_SetPriorityGrouping             0x080023ed   Thumb Code    28  stm32h7xx_hal_cortex.o(i.HAL_NVIC_SetPriorityGrouping)
    HAL_PWREx_ConfigSupply                   0x08002411   Thumb Code    78  stm32h7xx_hal_pwr_ex.o(i.HAL_PWREx_ConfigSupply)
    HAL_RCCEx_GetD3PCLK1Freq                 0x08002465   Thumb Code    26  stm32h7xx_hal_rcc_ex.o(i.HAL_RCCEx_GetD3PCLK1Freq)
    HAL_RCCEx_GetPLL2ClockFreq               0x08002489   Thumb Code   296  stm32h7xx_hal_rcc_ex.o(i.HAL_RCCEx_GetPLL2ClockFreq)
    HAL_RCCEx_GetPLL3ClockFreq               0x080025cd   Thumb Code   296  stm32h7xx_hal_rcc_ex.o(i.HAL_RCCEx_GetPLL3ClockFreq)
    HAL_RCCEx_PeriphCLKConfig                0x08002711   Thumb Code  2472  stm32h7xx_hal_rcc_ex.o(i.HAL_RCCEx_PeriphCLKConfig)
    HAL_RCC_ClockConfig                      0x080030bd   Thumb Code   580  stm32h7xx_hal_rcc.o(i.HAL_RCC_ClockConfig)
    HAL_RCC_GetHCLKFreq                      0x08003319   Thumb Code    52  stm32h7xx_hal_rcc.o(i.HAL_RCC_GetHCLKFreq)
    HAL_RCC_GetPCLK1Freq                     0x0800335d   Thumb Code    26  stm32h7xx_hal_rcc.o(i.HAL_RCC_GetPCLK1Freq)
    HAL_RCC_GetPCLK2Freq                     0x08003381   Thumb Code    26  stm32h7xx_hal_rcc.o(i.HAL_RCC_GetPCLK2Freq)
    HAL_RCC_GetSysClockFreq                  0x080033a5   Thumb Code   278  stm32h7xx_hal_rcc.o(i.HAL_RCC_GetSysClockFreq)
    HAL_RCC_OscConfig                        0x080034dd   Thumb Code  1410  stm32h7xx_hal_rcc.o(i.HAL_RCC_OscConfig)
    HAL_SPI_Init                             0x08003a61   Thumb Code   366  stm32h7xx_hal_spi.o(i.HAL_SPI_Init)
    HAL_SPI_MspInit                          0x08003bdd   Thumb Code   142  spi.o(i.HAL_SPI_MspInit)
    HAL_SPI_Receive                          0x08003c79   Thumb Code   470  stm32h7xx_hal_spi.o(i.HAL_SPI_Receive)
    HAL_SPI_Transmit                         0x08003e4f   Thumb Code   590  stm32h7xx_hal_spi.o(i.HAL_SPI_Transmit)
    HAL_SYSTICK_Config                       0x0800409d   Thumb Code    38  stm32h7xx_hal_cortex.o(i.HAL_SYSTICK_Config)
    HAL_UARTEx_DisableFifoMode               0x080040c3   Thumb Code    64  stm32h7xx_hal_uart_ex.o(i.HAL_UARTEx_DisableFifoMode)
    HAL_UARTEx_SetRxFifoThreshold            0x08004103   Thumb Code    76  stm32h7xx_hal_uart_ex.o(i.HAL_UARTEx_SetRxFifoThreshold)
    HAL_UARTEx_SetTxFifoThreshold            0x0800414f   Thumb Code    76  stm32h7xx_hal_uart_ex.o(i.HAL_UARTEx_SetTxFifoThreshold)
    HAL_UART_Init                            0x0800419b   Thumb Code   106  stm32h7xx_hal_uart.o(i.HAL_UART_Init)
    HAL_UART_MspInit                         0x08004205   Thumb Code   122  usart.o(i.HAL_UART_MspInit)
    HAL_UART_Transmit                        0x0800428d   Thumb Code   176  stm32h7xx_hal_uart.o(i.HAL_UART_Transmit)
    HardFault_Handler                        0x0800433d   Thumb Code     2  stm32h7xx_it.o(i.HardFault_Handler)
    MX_GPIO_Init                             0x08004341   Thumb Code   130  gpio.o(i.MX_GPIO_Init)
    MX_SPI1_Init                             0x080043d1   Thumb Code    84  spi.o(i.MX_SPI1_Init)
    MX_USART1_UART_Init                      0x0800442d   Thumb Code    94  usart.o(i.MX_USART1_UART_Init)
    MemManage_Handler                        0x08004495   Thumb Code     2  stm32h7xx_it.o(i.MemManage_Handler)
    Merge_Raw_Data                           0x08004497   Thumb Code    38  icm42688.o(i.Merge_Raw_Data)
    NMI_Handler                              0x080044bd   Thumb Code     2  stm32h7xx_it.o(i.NMI_Handler)
    PendSV_Handler                           0x080044bf   Thumb Code     2  stm32h7xx_it.o(i.PendSV_Handler)
    SVC_Handler                              0x08004803   Thumb Code     2  stm32h7xx_it.o(i.SVC_Handler)
    SysTick_Handler                          0x08004805   Thumb Code     4  stm32h7xx_it.o(i.SysTick_Handler)
    SystemClock_Config                       0x08004809   Thumb Code   208  main.o(i.SystemClock_Config)
    SystemInit                               0x080048e5   Thumb Code   180  system_stm32h7xx.o(i.SystemInit)
    UART_AdvFeatureConfig                    0x08004a05   Thumb Code   200  stm32h7xx_hal_uart.o(i.UART_AdvFeatureConfig)
    UART_CheckIdleState                      0x08004acd   Thumb Code   170  stm32h7xx_hal_uart.o(i.UART_CheckIdleState)
    UART_SetConfig                           0x08004bcd   Thumb Code   876  stm32h7xx_hal_uart.o(i.UART_SetConfig)
    UART_WaitOnFlagUntilTimeout              0x08004f79   Thumb Code   140  stm32h7xx_hal_uart.o(i.UART_WaitOnFlagUntilTimeout)
    UsageFault_Handler                       0x08005005   Thumb Code     2  stm32h7xx_it.o(i.UsageFault_Handler)
    __ARM_fpclassify                         0x08005007   Thumb Code    48  fpclassify.o(i.__ARM_fpclassify)
    __ARM_fpclassifyf                        0x08005037   Thumb Code    38  fpclassifyf.o(i.__ARM_fpclassifyf)
    __hardfp_atan2f                          0x08005081   Thumb Code   594  atan2f.o(i.__hardfp_atan2f)
    __hardfp_sqrtf                           0x08005335   Thumb Code    58  sqrtf.o(i.__hardfp_sqrtf)
    __mathlib_flt_infnan2                    0x0800536f   Thumb Code     6  funder.o(i.__mathlib_flt_infnan2)
    __mathlib_flt_underflow                  0x08005375   Thumb Code    10  funder.o(i.__mathlib_flt_underflow)
    _is_digit                                0x08005385   Thumb Code    14  __printf_wp.o(i._is_digit)
    icm42688_Init                            0x08005393   Thumb Code   230  icm42688.o(i.icm42688_Init)
    icm42688_getAcc_float                    0x08005479   Thumb Code    78  icm42688.o(i.icm42688_getAcc_float)
    icm42688_getAccel                        0x080054d9   Thumb Code    26  icm42688.o(i.icm42688_getAccel)
    icm42688_getGYRO                         0x080054f3   Thumb Code    26  icm42688.o(i.icm42688_getGYRO)
    icm42688_getGYRO_float                   0x0800550d   Thumb Code    78  icm42688.o(i.icm42688_getGYRO_float)
    icm42688_readMem                         0x0800556d   Thumb Code    66  icm42688.o(i.icm42688_readMem)
    icm42688_readReg                         0x080055b9   Thumb Code    72  icm42688.o(i.icm42688_readReg)
    main                                     0x08005641   Thumb Code   168  main.o(i.main)
    myprintf                                 0x0800571d   Thumb Code    44  uart.o(i.myprintf)
    _get_lc_numeric                          0x0800574d   Thumb Code    44  lc_numeric_c.o(locale$$code)
    _get_lc_ctype                            0x08005779   Thumb Code    44  lc_ctype_c.o(locale$$code)
    _fp_init                                 0x080057a5   Thumb Code    10  fpinit.o(x$fpl$fpinit)
    __fplib_config_fpu_vfp                   0x080057ad   Thumb Code     0  fpinit.o(x$fpl$fpinit)
    __fplib_config_pureend_doubles           0x080057ad   Thumb Code     0  fpinit.o(x$fpl$fpinit)
    _printf_fp_dec                           0x080057af   Thumb Code     4  printf1.o(x$fpl$printf1)
    _printf_fp_hex                           0x080057b3   Thumb Code     4  printf2.o(x$fpl$printf2)
    UARTPrescTable                           0x080057b6   Data          24  stm32h7xx_hal_uart.o(.constdata)
    __I$use$fp                               0x080057b6   Number         0  usenofp.o(x$fpl$usenofp)
    D1CorePrescTable                         0x080057de   Data          16  system_stm32h7xx.o(.constdata)
    Region$$Table$$Base                      0x080058ec   Number         0  anon$$obj.o(Region$$Table)
    Region$$Table$$Limit                     0x0800590c   Number         0  anon$$obj.o(Region$$Table)
    __ctype                                  0x08005935   Data           0  lc_ctype_c.o(locale$$data)
    Kalman_para                              0x24000000   Data          92  main.o(.data)
    uwTickFreq                               0x2400005c   Data           1  stm32h7xx_hal.o(.data)
    uwTickPrio                               0x24000060   Data           4  stm32h7xx_hal.o(.data)
    uwTick                                   0x24000064   Data           4  stm32h7xx_hal.o(.data)
    SystemCoreClock                          0x24000068   Data           4  system_stm32h7xx.o(.data)
    SystemD2Clock                            0x2400006c   Data           4  system_stm32h7xx.o(.data)
    hspi1                                    0x24000070   Data         136  spi.o(.bss)
    huart1                                   0x240000f8   Data         148  usart.o(.bss)
    __libspace_start                         0x2400018c   Data          96  libspace.o(.bss)
    __temporary_stack_top$libspace           0x240001ec   Data           0  libspace.o(.bss)



==============================================================================

Memory Map of the image

  Image Entry point : 0x08000299

  Load Region LR_IROM1 (Base: 0x08000000, Size: 0x00005aa8, Max: 0x00020000, ABSOLUTE)

    Execution Region ER_IROM1 (Exec base: 0x08000000, Load base: 0x08000000, Size: 0x00005a38, Max: 0x00020000, ABSOLUTE)

    Exec Addr    Load Addr    Size         Type   Attr      Idx    E Section Name        Object

    0x08000000   0x08000000   0x00000298   Data   RO            3    RESET               startup_stm32h750xx.o
    0x08000298   0x08000298   0x00000008   Code   RO         4054  * !!!main             c_w.l(__main.o)
    0x080002a0   0x080002a0   0x00000034   Code   RO         4499    !!!scatter          c_w.l(__scatter.o)
    0x080002d4   0x080002d4   0x0000001a   Code   RO         4501    !!handler_copy      c_w.l(__scatter_copy.o)
    0x080002ee   0x080002ee   0x00000002   PAD
    0x080002f0   0x080002f0   0x0000001c   Code   RO         4503    !!handler_zi        c_w.l(__scatter_zi.o)
    0x0800030c   0x0800030c   0x00000000   Code   RO         4194    .ARM.Collect$$_printf_percent$$00000000  c_w.l(_printf_percent.o)
    0x0800030c   0x0800030c   0x00000006   Code   RO         4183    .ARM.Collect$$_printf_percent$$00000001  c_w.l(_printf_n.o)
    0x08000312   0x08000312   0x00000006   Code   RO         4185    .ARM.Collect$$_printf_percent$$00000002  c_w.l(_printf_p.o)
    0x08000318   0x08000318   0x00000006   Code   RO         4190    .ARM.Collect$$_printf_percent$$00000003  c_w.l(_printf_f.o)
    0x0800031e   0x0800031e   0x00000006   Code   RO         4191    .ARM.Collect$$_printf_percent$$00000004  c_w.l(_printf_e.o)
    0x08000324   0x08000324   0x00000006   Code   RO         4192    .ARM.Collect$$_printf_percent$$00000005  c_w.l(_printf_g.o)
    0x0800032a   0x0800032a   0x00000006   Code   RO         4193    .ARM.Collect$$_printf_percent$$00000006  c_w.l(_printf_a.o)
    0x08000330   0x08000330   0x0000000a   Code   RO         4198    .ARM.Collect$$_printf_percent$$00000007  c_w.l(_printf_ll.o)
    0x0800033a   0x0800033a   0x00000006   Code   RO         4187    .ARM.Collect$$_printf_percent$$00000008  c_w.l(_printf_i.o)
    0x08000340   0x08000340   0x00000006   Code   RO         4188    .ARM.Collect$$_printf_percent$$00000009  c_w.l(_printf_d.o)
    0x08000346   0x08000346   0x00000006   Code   RO         4189    .ARM.Collect$$_printf_percent$$0000000A  c_w.l(_printf_u.o)
    0x0800034c   0x0800034c   0x00000006   Code   RO         4186    .ARM.Collect$$_printf_percent$$0000000B  c_w.l(_printf_o.o)
    0x08000352   0x08000352   0x00000006   Code   RO         4184    .ARM.Collect$$_printf_percent$$0000000C  c_w.l(_printf_x.o)
    0x08000358   0x08000358   0x00000006   Code   RO         4195    .ARM.Collect$$_printf_percent$$0000000D  c_w.l(_printf_lli.o)
    0x0800035e   0x0800035e   0x00000006   Code   RO         4196    .ARM.Collect$$_printf_percent$$0000000E  c_w.l(_printf_lld.o)
    0x08000364   0x08000364   0x00000006   Code   RO         4197    .ARM.Collect$$_printf_percent$$0000000F  c_w.l(_printf_llu.o)
    0x0800036a   0x0800036a   0x00000006   Code   RO         4202    .ARM.Collect$$_printf_percent$$00000010  c_w.l(_printf_llo.o)
    0x08000370   0x08000370   0x00000006   Code   RO         4203    .ARM.Collect$$_printf_percent$$00000011  c_w.l(_printf_llx.o)
    0x08000376   0x08000376   0x0000000a   Code   RO         4199    .ARM.Collect$$_printf_percent$$00000012  c_w.l(_printf_l.o)
    0x08000380   0x08000380   0x00000006   Code   RO         4181    .ARM.Collect$$_printf_percent$$00000013  c_w.l(_printf_c.o)
    0x08000386   0x08000386   0x00000006   Code   RO         4182    .ARM.Collect$$_printf_percent$$00000014  c_w.l(_printf_s.o)
    0x0800038c   0x0800038c   0x00000006   Code   RO         4200    .ARM.Collect$$_printf_percent$$00000015  c_w.l(_printf_lc.o)
    0x08000392   0x08000392   0x00000006   Code   RO         4201    .ARM.Collect$$_printf_percent$$00000016  c_w.l(_printf_ls.o)
    0x08000398   0x08000398   0x00000004   Code   RO         4303    .ARM.Collect$$_printf_percent$$00000017  c_w.l(_printf_percent_end.o)
    0x0800039c   0x0800039c   0x00000002   Code   RO         4363    .ARM.Collect$$libinit$$00000000  c_w.l(libinit.o)
    0x0800039e   0x0800039e   0x00000004   Code   RO         4379    .ARM.Collect$$libinit$$00000001  c_w.l(libinit2.o)
    0x080003a2   0x080003a2   0x00000000   Code   RO         4382    .ARM.Collect$$libinit$$00000004  c_w.l(libinit2.o)
    0x080003a2   0x080003a2   0x00000000   Code   RO         4385    .ARM.Collect$$libinit$$0000000A  c_w.l(libinit2.o)
    0x080003a2   0x080003a2   0x00000000   Code   RO         4387    .ARM.Collect$$libinit$$0000000C  c_w.l(libinit2.o)
    0x080003a2   0x080003a2   0x00000000   Code   RO         4389    .ARM.Collect$$libinit$$0000000E  c_w.l(libinit2.o)
    0x080003a2   0x080003a2   0x00000006   Code   RO         4390    .ARM.Collect$$libinit$$0000000F  c_w.l(libinit2.o)
    0x080003a8   0x080003a8   0x00000000   Code   RO         4392    .ARM.Collect$$libinit$$00000011  c_w.l(libinit2.o)
    0x080003a8   0x080003a8   0x0000000c   Code   RO         4393    .ARM.Collect$$libinit$$00000012  c_w.l(libinit2.o)
    0x080003b4   0x080003b4   0x00000000   Code   RO         4394    .ARM.Collect$$libinit$$00000013  c_w.l(libinit2.o)
    0x080003b4   0x080003b4   0x00000000   Code   RO         4396    .ARM.Collect$$libinit$$00000015  c_w.l(libinit2.o)
    0x080003b4   0x080003b4   0x0000000a   Code   RO         4397    .ARM.Collect$$libinit$$00000016  c_w.l(libinit2.o)
    0x080003be   0x080003be   0x00000000   Code   RO         4398    .ARM.Collect$$libinit$$00000017  c_w.l(libinit2.o)
    0x080003be   0x080003be   0x00000000   Code   RO         4400    .ARM.Collect$$libinit$$00000019  c_w.l(libinit2.o)
    0x080003be   0x080003be   0x00000000   Code   RO         4402    .ARM.Collect$$libinit$$0000001B  c_w.l(libinit2.o)
    0x080003be   0x080003be   0x00000000   Code   RO         4404    .ARM.Collect$$libinit$$0000001D  c_w.l(libinit2.o)
    0x080003be   0x080003be   0x00000000   Code   RO         4406    .ARM.Collect$$libinit$$0000001F  c_w.l(libinit2.o)
    0x080003be   0x080003be   0x00000000   Code   RO         4408    .ARM.Collect$$libinit$$00000021  c_w.l(libinit2.o)
    0x080003be   0x080003be   0x00000000   Code   RO         4410    .ARM.Collect$$libinit$$00000023  c_w.l(libinit2.o)
    0x080003be   0x080003be   0x00000000   Code   RO         4412    .ARM.Collect$$libinit$$00000025  c_w.l(libinit2.o)
    0x080003be   0x080003be   0x00000000   Code   RO         4416    .ARM.Collect$$libinit$$0000002C  c_w.l(libinit2.o)
    0x080003be   0x080003be   0x00000000   Code   RO         4418    .ARM.Collect$$libinit$$0000002E  c_w.l(libinit2.o)
    0x080003be   0x080003be   0x00000000   Code   RO         4420    .ARM.Collect$$libinit$$00000030  c_w.l(libinit2.o)
    0x080003be   0x080003be   0x00000000   Code   RO         4422    .ARM.Collect$$libinit$$00000032  c_w.l(libinit2.o)
    0x080003be   0x080003be   0x00000002   Code   RO         4423    .ARM.Collect$$libinit$$00000033  c_w.l(libinit2.o)
    0x080003c0   0x080003c0   0x00000002   Code   RO         4454    .ARM.Collect$$libshutdown$$00000000  c_w.l(libshutdown.o)
    0x080003c2   0x080003c2   0x00000000   Code   RO         4480    .ARM.Collect$$libshutdown$$00000002  c_w.l(libshutdown2.o)
    0x080003c2   0x080003c2   0x00000000   Code   RO         4482    .ARM.Collect$$libshutdown$$00000004  c_w.l(libshutdown2.o)
    0x080003c2   0x080003c2   0x00000000   Code   RO         4484    .ARM.Collect$$libshutdown$$00000006  c_w.l(libshutdown2.o)
    0x080003c2   0x080003c2   0x00000000   Code   RO         4487    .ARM.Collect$$libshutdown$$00000009  c_w.l(libshutdown2.o)
    0x080003c2   0x080003c2   0x00000000   Code   RO         4490    .ARM.Collect$$libshutdown$$0000000C  c_w.l(libshutdown2.o)
    0x080003c2   0x080003c2   0x00000000   Code   RO         4492    .ARM.Collect$$libshutdown$$0000000E  c_w.l(libshutdown2.o)
    0x080003c2   0x080003c2   0x00000000   Code   RO         4495    .ARM.Collect$$libshutdown$$00000011  c_w.l(libshutdown2.o)
    0x080003c2   0x080003c2   0x00000002   Code   RO         4496    .ARM.Collect$$libshutdown$$00000012  c_w.l(libshutdown2.o)
    0x080003c4   0x080003c4   0x00000000   Code   RO         4104    .ARM.Collect$$rtentry$$00000000  c_w.l(__rtentry.o)
    0x080003c4   0x080003c4   0x00000000   Code   RO         4267    .ARM.Collect$$rtentry$$00000002  c_w.l(__rtentry2.o)
    0x080003c4   0x080003c4   0x00000006   Code   RO         4279    .ARM.Collect$$rtentry$$00000004  c_w.l(__rtentry4.o)
    0x080003ca   0x080003ca   0x00000000   Code   RO         4269    .ARM.Collect$$rtentry$$00000009  c_w.l(__rtentry2.o)
    0x080003ca   0x080003ca   0x00000004   Code   RO         4270    .ARM.Collect$$rtentry$$0000000A  c_w.l(__rtentry2.o)
    0x080003ce   0x080003ce   0x00000000   Code   RO         4272    .ARM.Collect$$rtentry$$0000000C  c_w.l(__rtentry2.o)
    0x080003ce   0x080003ce   0x00000008   Code   RO         4273    .ARM.Collect$$rtentry$$0000000D  c_w.l(__rtentry2.o)
    0x080003d6   0x080003d6   0x00000002   Code   RO         4366    .ARM.Collect$$rtexit$$00000000  c_w.l(rtexit.o)
    0x080003d8   0x080003d8   0x00000000   Code   RO         4427    .ARM.Collect$$rtexit$$00000002  c_w.l(rtexit2.o)
    0x080003d8   0x080003d8   0x00000004   Code   RO         4428    .ARM.Collect$$rtexit$$00000003  c_w.l(rtexit2.o)
    0x080003dc   0x080003dc   0x00000006   Code   RO         4429    .ARM.Collect$$rtexit$$00000004  c_w.l(rtexit2.o)
    0x080003e2   0x080003e2   0x00000002   PAD
    0x080003e4   0x080003e4   0x00000040   Code   RO            4    .text               startup_stm32h750xx.o
    0x08000424   0x08000424   0x000000ee   Code   RO         4042    .text               c_w.l(lludivv7m.o)
    0x08000512   0x08000512   0x00000002   PAD
    0x08000514   0x08000514   0x00000034   Code   RO         4044    .text               c_w.l(vsnprintf.o)
    0x08000548   0x08000548   0x0000003e   Code   RO         4046    .text               c_w.l(strlen.o)
    0x08000586   0x08000586   0x0000004e   Code   RO         4050    .text               c_w.l(rt_memclr_w.o)
    0x080005d4   0x080005d4   0x00000006   Code   RO         4052    .text               c_w.l(heapauxi.o)
    0x080005da   0x080005da   0x00000016   Code   RO         4109    .text               c_w.l(_rserrno.o)
    0x080005f0   0x080005f0   0x0000004e   Code   RO         4113    .text               c_w.l(_printf_pad.o)
    0x0800063e   0x0800063e   0x00000024   Code   RO         4115    .text               c_w.l(_printf_truncate.o)
    0x08000662   0x08000662   0x00000052   Code   RO         4117    .text               c_w.l(_printf_str.o)
    0x080006b4   0x080006b4   0x00000078   Code   RO         4119    .text               c_w.l(_printf_dec.o)
    0x0800072c   0x0800072c   0x00000028   Code   RO         4121    .text               c_w.l(_printf_charcount.o)
    0x08000754   0x08000754   0x00000030   Code   RO         4123    .text               c_w.l(_printf_char_common.o)
    0x08000784   0x08000784   0x0000000a   Code   RO         4125    .text               c_w.l(_sputc.o)
    0x0800078e   0x0800078e   0x00000010   Code   RO         4127    .text               c_w.l(_snputc.o)
    0x0800079e   0x0800079e   0x00000002   PAD
    0x080007a0   0x080007a0   0x000000bc   Code   RO         4129    .text               c_w.l(_printf_wctomb.o)
    0x0800085c   0x0800085c   0x0000007c   Code   RO         4132    .text               c_w.l(_printf_longlong_dec.o)
    0x080008d8   0x080008d8   0x00000070   Code   RO         4138    .text               c_w.l(_printf_oct_int_ll.o)
    0x08000948   0x08000948   0x00000094   Code   RO         4158    .text               c_w.l(_printf_hex_int_ll_ptr.o)
    0x080009dc   0x080009dc   0x00000188   Code   RO         4178    .text               c_w.l(__printf_flags_ss_wp.o)
    0x08000b64   0x08000b64   0x00000008   Code   RO         4286    .text               c_w.l(rt_errno_addr_intlibspace.o)
    0x08000b6c   0x08000b6c   0x0000008a   Code   RO         4288    .text               c_w.l(lludiv10.o)
    0x08000bf6   0x08000bf6   0x000000b2   Code   RO         4290    .text               c_w.l(_printf_intcommon.o)
    0x08000ca8   0x08000ca8   0x0000041e   Code   RO         4292    .text               c_w.l(_printf_fp_dec.o)
    0x080010c6   0x080010c6   0x00000002   PAD
    0x080010c8   0x080010c8   0x000002fc   Code   RO         4294    .text               c_w.l(_printf_fp_hex.o)
    0x080013c4   0x080013c4   0x0000002c   Code   RO         4299    .text               c_w.l(_printf_char.o)
    0x080013f0   0x080013f0   0x0000002c   Code   RO         4301    .text               c_w.l(_printf_wchar.o)
    0x0800141c   0x0800141c   0x00000040   Code   RO         4304    .text               c_w.l(_wcrtomb.o)
    0x0800145c   0x0800145c   0x00000008   Code   RO         4310    .text               c_w.l(libspace.o)
    0x08001464   0x08001464   0x0000004a   Code   RO         4313    .text               c_w.l(sys_stackheap_outer.o)
    0x080014ae   0x080014ae   0x00000002   PAD
    0x080014b0   0x080014b0   0x00000010   Code   RO         4315    .text               c_w.l(rt_ctype_table.o)
    0x080014c0   0x080014c0   0x00000008   Code   RO         4320    .text               c_w.l(rt_locale_intlibspace.o)
    0x080014c8   0x080014c8   0x00000080   Code   RO         4322    .text               c_w.l(_printf_fp_infnan.o)
    0x08001548   0x08001548   0x000000e4   Code   RO         4324    .text               c_w.l(bigflt0.o)
    0x0800162c   0x0800162c   0x00000012   Code   RO         4352    .text               c_w.l(exit.o)
    0x0800163e   0x0800163e   0x00000002   PAD
    0x08001640   0x08001640   0x00000068   Code   RO         4377    .text               c_w.l(strcmpv7m_pel.o)
    0x080016a8   0x080016a8   0x0000000c   Code   RO         4424    .text               c_w.l(sys_exit.o)
    0x080016b4   0x080016b4   0x00000002   Code   RO         4443    .text               c_w.l(use_no_semi.o)
    0x080016b6   0x080016b6   0x00000000   Code   RO         4445    .text               c_w.l(indicate_semi.o)
    0x080016b6   0x080016b6   0x0000003e   Code   RO         4327    CL$$btod_d2e        c_w.l(btod.o)
    0x080016f4   0x080016f4   0x00000046   Code   RO         4329    CL$$btod_d2e_denorm_low  c_w.l(btod.o)
    0x0800173a   0x0800173a   0x00000060   Code   RO         4328    CL$$btod_d2e_norm_op1  c_w.l(btod.o)
    0x0800179a   0x0800179a   0x00000338   Code   RO         4337    CL$$btod_div_common  c_w.l(btod.o)
    0x08001ad2   0x08001ad2   0x000000dc   Code   RO         4334    CL$$btod_e2e        c_w.l(btod.o)
    0x08001bae   0x08001bae   0x0000002a   Code   RO         4331    CL$$btod_ediv       c_w.l(btod.o)
    0x08001bd8   0x08001bd8   0x0000002a   Code   RO         4330    CL$$btod_emul       c_w.l(btod.o)
    0x08001c02   0x08001c02   0x00000244   Code   RO         4336    CL$$btod_mult_common  c_w.l(btod.o)
    0x08001e46   0x08001e46   0x00000002   Code   RO          414    i.BusFault_Handler  stm32h7xx_it.o
    0x08001e48   0x08001e48   0x00000002   Code   RO          415    i.DebugMon_Handler  stm32h7xx_it.o
    0x08001e4a   0x08001e4a   0x00000002   PAD
    0x08001e4c   0x08001e4c   0x00000060   Code   RO         4000    i.EKF_init          kalman.o
    0x08001eac   0x08001eac   0x000001b0   Code   RO         4001    i.EKF_update        kalman.o
    0x0800205c   0x0800205c   0x00000004   Code   RO           13    i.Error_Handler     main.o
    0x08002060   0x08002060   0x00000024   Code   RO         1988    i.HAL_Delay         stm32h7xx_hal.o
    0x08002084   0x08002084   0x0000022c   Code   RO         1127    i.HAL_GPIO_Init     stm32h7xx_hal_gpio.o
    0x080022b0   0x080022b0   0x00000010   Code   RO         1130    i.HAL_GPIO_TogglePin  stm32h7xx_hal_gpio.o
    0x080022c0   0x080022c0   0x0000000a   Code   RO         1131    i.HAL_GPIO_WritePin  stm32h7xx_hal_gpio.o
    0x080022ca   0x080022ca   0x00000002   PAD
    0x080022cc   0x080022cc   0x0000000c   Code   RO         1999    i.HAL_GetREVID      stm32h7xx_hal.o
    0x080022d8   0x080022d8   0x0000000c   Code   RO         2000    i.HAL_GetTick       stm32h7xx_hal.o
    0x080022e4   0x080022e4   0x00000010   Code   RO         2006    i.HAL_IncTick       stm32h7xx_hal.o
    0x080022f4   0x080022f4   0x0000005c   Code   RO         2007    i.HAL_Init          stm32h7xx_hal.o
    0x08002350   0x08002350   0x00000040   Code   RO         2008    i.HAL_InitTick      stm32h7xx_hal.o
    0x08002390   0x08002390   0x0000001c   Code   RO          489    i.HAL_MspInit       stm32h7xx_hal_msp.o
    0x080023ac   0x080023ac   0x00000040   Code   RO          525    i.HAL_NVIC_SetPriority  stm32h7xx_hal_cortex.o
    0x080023ec   0x080023ec   0x00000024   Code   RO          526    i.HAL_NVIC_SetPriorityGrouping  stm32h7xx_hal_cortex.o
    0x08002410   0x08002410   0x00000054   Code   RO         1728    i.HAL_PWREx_ConfigSupply  stm32h7xx_hal_pwr_ex.o
    0x08002464   0x08002464   0x00000024   Code   RO          770    i.HAL_RCCEx_GetD3PCLK1Freq  stm32h7xx_hal_rcc_ex.o
    0x08002488   0x08002488   0x00000144   Code   RO          772    i.HAL_RCCEx_GetPLL2ClockFreq  stm32h7xx_hal_rcc_ex.o
    0x080025cc   0x080025cc   0x00000144   Code   RO          773    i.HAL_RCCEx_GetPLL3ClockFreq  stm32h7xx_hal_rcc_ex.o
    0x08002710   0x08002710   0x000009ac   Code   RO          779    i.HAL_RCCEx_PeriphCLKConfig  stm32h7xx_hal_rcc_ex.o
    0x080030bc   0x080030bc   0x0000025c   Code   RO          655    i.HAL_RCC_ClockConfig  stm32h7xx_hal_rcc.o
    0x08003318   0x08003318   0x00000044   Code   RO          660    i.HAL_RCC_GetHCLKFreq  stm32h7xx_hal_rcc.o
    0x0800335c   0x0800335c   0x00000024   Code   RO          662    i.HAL_RCC_GetPCLK1Freq  stm32h7xx_hal_rcc.o
    0x08003380   0x08003380   0x00000024   Code   RO          663    i.HAL_RCC_GetPCLK2Freq  stm32h7xx_hal_rcc.o
    0x080033a4   0x080033a4   0x00000138   Code   RO          664    i.HAL_RCC_GetSysClockFreq  stm32h7xx_hal_rcc.o
    0x080034dc   0x080034dc   0x00000582   Code   RO          667    i.HAL_RCC_OscConfig  stm32h7xx_hal_rcc.o
    0x08003a5e   0x08003a5e   0x00000002   PAD
    0x08003a60   0x08003a60   0x0000017c   Code   RO         2902    i.HAL_SPI_Init      stm32h7xx_hal_spi.o
    0x08003bdc   0x08003bdc   0x0000009c   Code   RO          331    i.HAL_SPI_MspInit   spi.o
    0x08003c78   0x08003c78   0x000001d6   Code   RO         2905    i.HAL_SPI_Receive   stm32h7xx_hal_spi.o
    0x08003e4e   0x08003e4e   0x0000024e   Code   RO         2911    i.HAL_SPI_Transmit  stm32h7xx_hal_spi.o
    0x0800409c   0x0800409c   0x00000026   Code   RO          530    i.HAL_SYSTICK_Config  stm32h7xx_hal_cortex.o
    0x080040c2   0x080040c2   0x00000040   Code   RO         3676    i.HAL_UARTEx_DisableFifoMode  stm32h7xx_hal_uart_ex.o
    0x08004102   0x08004102   0x0000004c   Code   RO         3685    i.HAL_UARTEx_SetRxFifoThreshold  stm32h7xx_hal_uart_ex.o
    0x0800414e   0x0800414e   0x0000004c   Code   RO         3686    i.HAL_UARTEx_SetTxFifoThreshold  stm32h7xx_hal_uart_ex.o
    0x0800419a   0x0800419a   0x0000006a   Code   RO         3285    i.HAL_UART_Init     stm32h7xx_hal_uart.o
    0x08004204   0x08004204   0x00000088   Code   RO          373    i.HAL_UART_MspInit  usart.o
    0x0800428c   0x0800428c   0x000000b0   Code   RO         3294    i.HAL_UART_Transmit  stm32h7xx_hal_uart.o
    0x0800433c   0x0800433c   0x00000002   Code   RO          416    i.HardFault_Handler  stm32h7xx_it.o
    0x0800433e   0x0800433e   0x00000002   PAD
    0x08004340   0x08004340   0x00000090   Code   RO          199    i.MX_GPIO_Init      gpio.o
    0x080043d0   0x080043d0   0x0000005c   Code   RO          332    i.MX_SPI1_Init      spi.o
    0x0800442c   0x0800442c   0x00000068   Code   RO          374    i.MX_USART1_UART_Init  usart.o
    0x08004494   0x08004494   0x00000002   Code   RO          417    i.MemManage_Handler  stm32h7xx_it.o
    0x08004496   0x08004496   0x00000026   Code   RO         3833    i.Merge_Raw_Data    icm42688.o
    0x080044bc   0x080044bc   0x00000002   Code   RO          418    i.NMI_Handler       stm32h7xx_it.o
    0x080044be   0x080044be   0x00000002   Code   RO          419    i.PendSV_Handler    stm32h7xx_it.o
    0x080044c0   0x080044c0   0x00000120   Code   RO          782    i.RCCEx_PLL2_Config  stm32h7xx_hal_rcc_ex.o
    0x080045e0   0x080045e0   0x00000120   Code   RO          783    i.RCCEx_PLL3_Config  stm32h7xx_hal_rcc_ex.o
    0x08004700   0x08004700   0x000000bc   Code   RO         2922    i.SPI_CloseTransfer  stm32h7xx_hal_spi.o
    0x080047bc   0x080047bc   0x00000046   Code   RO         2939    i.SPI_WaitOnFlagUntilTimeout  stm32h7xx_hal_spi.o
    0x08004802   0x08004802   0x00000002   Code   RO          420    i.SVC_Handler       stm32h7xx_it.o
    0x08004804   0x08004804   0x00000004   Code   RO          421    i.SysTick_Handler   stm32h7xx_it.o
    0x08004808   0x08004808   0x000000dc   Code   RO           14    i.SystemClock_Config  main.o
    0x080048e4   0x080048e4   0x000000dc   Code   RO         3795    i.SystemInit        system_stm32h7xx.o
    0x080049c0   0x080049c0   0x00000044   Code   RO         3690    i.UARTEx_SetNbDataToProcess  stm32h7xx_hal_uart_ex.o
    0x08004a04   0x08004a04   0x000000c8   Code   RO         3299    i.UART_AdvFeatureConfig  stm32h7xx_hal_uart.o
    0x08004acc   0x08004acc   0x000000aa   Code   RO         3300    i.UART_CheckIdleState  stm32h7xx_hal_uart.o
    0x08004b76   0x08004b76   0x00000002   PAD
    0x08004b78   0x08004b78   0x00000054   Code   RO         3311    i.UART_EndRxTransfer  stm32h7xx_hal_uart.o
    0x08004bcc   0x08004bcc   0x000003ac   Code   RO         3317    i.UART_SetConfig    stm32h7xx_hal_uart.o
    0x08004f78   0x08004f78   0x0000008c   Code   RO         3324    i.UART_WaitOnFlagUntilTimeout  stm32h7xx_hal_uart.o
    0x08005004   0x08005004   0x00000002   Code   RO          422    i.UsageFault_Handler  stm32h7xx_it.o
    0x08005006   0x08005006   0x00000030   Code   RO         4306    i.__ARM_fpclassify  m_wv.l(fpclassify.o)
    0x08005036   0x08005036   0x00000026   Code   RO         4249    i.__ARM_fpclassifyf  m_wv.l(fpclassifyf.o)
    0x0800505c   0x0800505c   0x00000022   Code   RO          532    i.__NVIC_SetPriority  stm32h7xx_hal_cortex.o
    0x0800507e   0x0800507e   0x00000002   PAD
    0x08005080   0x08005080   0x000002b4   Code   RO         4068    i.__hardfp_atan2f   m_wv.l(atan2f.o)
    0x08005334   0x08005334   0x0000003a   Code   RO         4092    i.__hardfp_sqrtf    m_wv.l(sqrtf.o)
    0x0800536e   0x0800536e   0x00000006   Code   RO         4253    i.__mathlib_flt_infnan2  m_wv.l(funder.o)
    0x08005374   0x08005374   0x00000010   Code   RO         4257    i.__mathlib_flt_underflow  m_wv.l(funder.o)
    0x08005384   0x08005384   0x0000000e   Code   RO         4171    i._is_digit         c_w.l(__printf_wp.o)
    0x08005392   0x08005392   0x000000e6   Code   RO         3838    i.icm42688_Init     icm42688.o
    0x08005478   0x08005478   0x00000060   Code   RO         3839    i.icm42688_getAcc_float  icm42688.o
    0x080054d8   0x080054d8   0x0000001a   Code   RO         3840    i.icm42688_getAccel  icm42688.o
    0x080054f2   0x080054f2   0x0000001a   Code   RO         3842    i.icm42688_getGYRO  icm42688.o
    0x0800550c   0x0800550c   0x00000060   Code   RO         3843    i.icm42688_getGYRO_float  icm42688.o
    0x0800556c   0x0800556c   0x0000004c   Code   RO         3844    i.icm42688_readMem  icm42688.o
    0x080055b8   0x080055b8   0x00000050   Code   RO         3845    i.icm42688_readReg  icm42688.o
    0x08005608   0x08005608   0x00000038   Code   RO         3847    i.icm42688_writeReg  icm42688.o
    0x08005640   0x08005640   0x000000dc   Code   RO           15    i.main              main.o
    0x0800571c   0x0800571c   0x00000030   Code   RO         3964    i.myprintf          uart.o
    0x0800574c   0x0800574c   0x0000002c   Code   RO         4350    locale$$code        c_w.l(lc_numeric_c.o)
    0x08005778   0x08005778   0x0000002c   Code   RO         4371    locale$$code        c_w.l(lc_ctype_c.o)
    0x080057a4   0x080057a4   0x0000000a   Code   RO         4439    x$fpl$fpinit        fz_wv.l(fpinit.o)
    0x080057ae   0x080057ae   0x00000004   Code   RO         4206    x$fpl$printf1       fz_wv.l(printf1.o)
    0x080057b2   0x080057b2   0x00000004   Code   RO         4208    x$fpl$printf2       fz_wv.l(printf2.o)
    0x080057b6   0x080057b6   0x00000000   Code   RO         4214    x$fpl$usenofp       fz_wv.l(usenofp.o)
    0x080057b6   0x080057b6   0x00000018   Data   RO         3325    .constdata          stm32h7xx_hal_uart.o
    0x080057ce   0x080057ce   0x00000010   Data   RO         3691    .constdata          stm32h7xx_hal_uart_ex.o
    0x080057de   0x080057de   0x00000010   Data   RO         3796    .constdata          system_stm32h7xx.o
    0x080057ee   0x080057ee   0x00000002   PAD
    0x080057f0   0x080057f0   0x00000008   Data   RO         4130    .constdata          c_w.l(_printf_wctomb.o)
    0x080057f8   0x080057f8   0x00000028   Data   RO         4159    .constdata          c_w.l(_printf_hex_int_ll_ptr.o)
    0x08005820   0x08005820   0x00000011   Data   RO         4179    .constdata          c_w.l(__printf_flags_ss_wp.o)
    0x08005831   0x08005831   0x00000026   Data   RO         4295    .constdata          c_w.l(_printf_fp_hex.o)
    0x08005857   0x08005857   0x00000001   PAD
    0x08005858   0x08005858   0x00000094   Data   RO         4325    .constdata          c_w.l(bigflt0.o)
    0x080058ec   0x080058ec   0x00000020   Data   RO         4497    Region$$Table       anon$$obj.o
    0x0800590c   0x0800590c   0x0000001c   Data   RO         4349    locale$$data        c_w.l(lc_numeric_c.o)
    0x08005928   0x08005928   0x00000110   Data   RO         4370    locale$$data        c_w.l(lc_ctype_c.o)


    Execution Region RW_IRAM1 (Exec base: 0x20000000, Load base: 0x08005a38, Size: 0x00000000, Max: 0x00020000, ABSOLUTE)

    **** No section assigned to this execution region ****


    Execution Region RW_IRAM2 (Exec base: 0x24000000, Load base: 0x08005a38, Size: 0x000007f0, Max: 0x00080000, ABSOLUTE)

    Exec Addr    Load Addr    Size         Type   Attr      Idx    E Section Name        Object

    0x24000000   0x08005a38   0x0000005c   Data   RW           18    .data               main.o
    0x2400005c   0x08005a94   0x0000000c   Data   RW         2029    .data               stm32h7xx_hal.o
    0x24000068   0x08005aa0   0x00000008   Data   RW         3797    .data               system_stm32h7xx.o
    0x24000070        -       0x00000088   Zero   RW          333    .bss                spi.o
    0x240000f8        -       0x00000094   Zero   RW          375    .bss                usart.o
    0x2400018c        -       0x00000060   Zero   RW         4311    .bss                c_w.l(libspace.o)
    0x240001ec   0x08005aa8   0x00000004   PAD
    0x240001f0        -       0x00000200   Zero   RW            2    HEAP                startup_stm32h750xx.o
    0x240003f0        -       0x00000400   Zero   RW            1    STACK               startup_stm32h750xx.o


==============================================================================

Image component sizes


      Code (inc. data)   RO Data    RW Data    ZI Data      Debug   Object Name

       144         14          0          0          0    1249280   gpio.o
       724         62          0          0          0      12363   icm42688.o
       528         26          0          0          0       8572   kalman.o
       444         64          0         92          0    1183345   main.o
       248         22          0          0        136       1945   spi.o
        64         26        664          0       1536        852   startup_stm32h750xx.o
       232         44          0         12          0      23524   stm32h7xx_hal.o
       172         12          0          0          0      38982   stm32h7xx_hal_cortex.o
       582         50          0          0          0       2997   stm32h7xx_hal_gpio.o
        28          6          0          0          0        954   stm32h7xx_hal_msp.o
        84          6          0          0          0        801   stm32h7xx_hal_pwr_ex.o
      2466        102          0          0          0       7244   stm32h7xx_hal_rcc.o
      3736        118          0          0          0       7957   stm32h7xx_hal_rcc_ex.o
      1698         14          0          0          0       6468   stm32h7xx_hal_spi.o
      1816        112         24          0          0      27002   stm32h7xx_hal_uart.o
       284          6         16          0          0       3865   stm32h7xx_hal_uart_ex.o
        20          0          0          0          0       4262   stm32h7xx_it.o
       220         40         16          8          0       1538   system_stm32h7xx.o
        48          4          0          0          0        639   uart.o
       240         24          0          0        148       1982   usart.o

    ----------------------------------------------------------------------
     13790        752        754        112       1820    2584572   Object Totals
         0          0         32          0          0          0   (incl. Generated)
        12          0          2          0          0          0   (incl. Padding)

    ----------------------------------------------------------------------

      Code (inc. data)   RO Data    RW Data    ZI Data      Debug   Library Member Name

         8          0          0          0          0         68   __main.o
       392          4         17          0          0         92   __printf_flags_ss_wp.o
        14          0          0          0          0         68   __printf_wp.o
         0          0          0          0          0          0   __rtentry.o
        12          0          0          0          0          0   __rtentry2.o
         6          0          0          0          0          0   __rtentry4.o
        52          8          0          0          0          0   __scatter.o
        26          0          0          0          0          0   __scatter_copy.o
        28          0          0          0          0          0   __scatter_zi.o
         6          0          0          0          0          0   _printf_a.o
         6          0          0          0          0          0   _printf_c.o
        44          0          0          0          0        108   _printf_char.o
        48          6          0          0          0         96   _printf_char_common.o
        40          0          0          0          0         68   _printf_charcount.o
         6          0          0          0          0          0   _printf_d.o
       120         16          0          0          0         92   _printf_dec.o
         6          0          0          0          0          0   _printf_e.o
         6          0          0          0          0          0   _printf_f.o
      1054          0          0          0          0        216   _printf_fp_dec.o
       764          8         38          0          0        100   _printf_fp_hex.o
       128         16          0          0          0         84   _printf_fp_infnan.o
         6          0          0          0          0          0   _printf_g.o
       148          4         40          0          0        160   _printf_hex_int_ll_ptr.o
         6          0          0          0          0          0   _printf_i.o
       178          0          0          0          0         88   _printf_intcommon.o
        10          0          0          0          0          0   _printf_l.o
         6          0          0          0          0          0   _printf_lc.o
        10          0          0          0          0          0   _printf_ll.o
         6          0          0          0          0          0   _printf_lld.o
         6          0          0          0          0          0   _printf_lli.o
         6          0          0          0          0          0   _printf_llo.o
         6          0          0          0          0          0   _printf_llu.o
         6          0          0          0          0          0   _printf_llx.o
       124         16          0          0          0         92   _printf_longlong_dec.o
         6          0          0          0          0          0   _printf_ls.o
         6          0          0          0          0          0   _printf_n.o
         6          0          0          0          0          0   _printf_o.o
       112         10          0          0          0        124   _printf_oct_int_ll.o
         6          0          0          0          0          0   _printf_p.o
        78          0          0          0          0        108   _printf_pad.o
         0          0          0          0          0          0   _printf_percent.o
         4          0          0          0          0          0   _printf_percent_end.o
         6          0          0          0          0          0   _printf_s.o
        82          0          0          0          0         80   _printf_str.o
        36          0          0          0          0         84   _printf_truncate.o
         6          0          0          0          0          0   _printf_u.o
        44          0          0          0          0        108   _printf_wchar.o
       188          6          8          0          0         92   _printf_wctomb.o
         6          0          0          0          0          0   _printf_x.o
        22          0          0          0          0        100   _rserrno.o
        16          0          0          0          0         68   _snputc.o
        10          0          0          0          0         68   _sputc.o
        64          0          0          0          0         92   _wcrtomb.o
       228          4        148          0          0         96   bigflt0.o
      1936        128          0          0          0        672   btod.o
        18          0          0          0          0         80   exit.o
         6          0          0          0          0        152   heapauxi.o
         0          0          0          0          0          0   indicate_semi.o
        44         10        272          0          0         76   lc_ctype_c.o
        44         10         28          0          0         76   lc_numeric_c.o
         2          0          0          0          0          0   libinit.o
        34          0          0          0          0          0   libinit2.o
         2          0          0          0          0          0   libshutdown.o
         2          0          0          0          0          0   libshutdown2.o
         8          4          0          0         96         68   libspace.o
       138          0          0          0          0         80   lludiv10.o
       238          0          0          0          0        100   lludivv7m.o
        16          4          0          0          0         76   rt_ctype_table.o
         8          4          0          0          0         68   rt_errno_addr_intlibspace.o
         8          4          0          0          0         68   rt_locale_intlibspace.o
        78          0          0          0          0         80   rt_memclr_w.o
         2          0          0          0          0          0   rtexit.o
        10          0          0          0          0          0   rtexit2.o
       104          0          0          0          0         68   strcmpv7m_pel.o
        62          0          0          0          0         76   strlen.o
        12          4          0          0          0         68   sys_exit.o
        74          0          0          0          0         80   sys_stackheap_outer.o
         2          0          0          0          0         68   use_no_semi.o
        52          4          0          0          0         80   vsnprintf.o
        10          0          0          0          0        116   fpinit.o
         4          0          0          0          0        116   printf1.o
         4          0          0          0          0        116   printf2.o
         0          0          0          0          0          0   usenofp.o
       692         98          0          0          0        208   atan2f.o
        48          0          0          0          0        124   fpclassify.o
        38          0          0          0          0        116   fpclassifyf.o
        22          6          0          0          0        232   funder.o
        58          0          0          0          0        136   sqrtf.o

    ----------------------------------------------------------------------
      8000        374        552          0        100       5552   Library Totals
        14          0          1          0          4          0   (incl. Padding)

    ----------------------------------------------------------------------

      Code (inc. data)   RO Data    RW Data    ZI Data      Debug   Library Name

      7110        270        551          0         96       4388   c_w.l
        18          0          0          0          0        348   fz_wv.l
       858        104          0          0          0        816   m_wv.l

    ----------------------------------------------------------------------
      8000        374        552          0        100       5552   Library Totals

    ----------------------------------------------------------------------

==============================================================================


      Code (inc. data)   RO Data    RW Data    ZI Data      Debug   

     21790       1126       1306        112       1920    2580632   Grand Totals
     21790       1126       1306        112       1920    2580632   ELF Image Totals
     21790       1126       1306        112          0          0   ROM Totals

==============================================================================

    Total RO  Size (Code + RO Data)                23096 (  22.55kB)
    Total RW  Size (RW Data + ZI Data)              2032 (   1.98kB)
    Total ROM Size (Code + RO Data + RW Data)      23208 (  22.66kB)

==============================================================================

