Component: ARM Compiler 5.06 update 7 (build 960) Tool: armlink [4d3601]

==============================================================================

Section Cross References

    startup_stm32h750xx.o(STACK) refers (Special) to heapauxi.o(.text) for __use_two_region_memory
    startup_stm32h750xx.o(HEAP) refers (Special) to heapauxi.o(.text) for __use_two_region_memory
    startup_stm32h750xx.o(RESET) refers (Special) to heapauxi.o(.text) for __use_two_region_memory
    startup_stm32h750xx.o(RESET) refers to startup_stm32h750xx.o(STACK) for __initial_sp
    startup_stm32h750xx.o(RESET) refers to startup_stm32h750xx.o(.text) for Reset_Handler
    startup_stm32h750xx.o(RESET) refers to stm32h7xx_it.o(i.NMI_Handler) for NMI_Handler
    startup_stm32h750xx.o(RESET) refers to stm32h7xx_it.o(i.HardFault_Handler) for HardFault_Handler
    startup_stm32h750xx.o(RESET) refers to stm32h7xx_it.o(i.MemManage_Handler) for MemManage_Handler
    startup_stm32h750xx.o(RESET) refers to stm32h7xx_it.o(i.BusFault_Handler) for BusFault_Handler
    startup_stm32h750xx.o(RESET) refers to stm32h7xx_it.o(i.UsageFault_Handler) for UsageFault_Handler
    startup_stm32h750xx.o(RESET) refers to stm32h7xx_it.o(i.SVC_Handler) for SVC_Handler
    startup_stm32h750xx.o(RESET) refers to stm32h7xx_it.o(i.DebugMon_Handler) for DebugMon_Handler
    startup_stm32h750xx.o(RESET) refers to stm32h7xx_it.o(i.PendSV_Handler) for PendSV_Handler
    startup_stm32h750xx.o(RESET) refers to stm32h7xx_it.o(i.SysTick_Handler) for SysTick_Handler
    startup_stm32h750xx.o(.text) refers (Special) to heapauxi.o(.text) for __use_two_region_memory
    startup_stm32h750xx.o(.text) refers to system_stm32h7xx.o(i.SystemInit) for SystemInit
    startup_stm32h750xx.o(.text) refers to __main.o(!!!main) for __main
    startup_stm32h750xx.o(.text) refers to startup_stm32h750xx.o(HEAP) for Heap_Mem
    startup_stm32h750xx.o(.text) refers to startup_stm32h750xx.o(STACK) for Stack_Mem
    main.o(i.SystemClock_Config) refers to rt_memclr_w.o(.text) for __aeabi_memclr4
    main.o(i.SystemClock_Config) refers to stm32h7xx_hal_pwr_ex.o(i.HAL_PWREx_ConfigSupply) for HAL_PWREx_ConfigSupply
    main.o(i.SystemClock_Config) refers to stm32h7xx_hal_rcc.o(i.HAL_RCC_OscConfig) for HAL_RCC_OscConfig
    main.o(i.SystemClock_Config) refers to stm32h7xx_hal_rcc.o(i.HAL_RCC_ClockConfig) for HAL_RCC_ClockConfig
    main.o(i.main) refers to stm32h7xx_hal.o(i.HAL_Init) for HAL_Init
    main.o(i.main) refers to main.o(i.SystemClock_Config) for SystemClock_Config
    main.o(i.main) refers to gpio.o(i.MX_GPIO_Init) for MX_GPIO_Init
    main.o(i.main) refers to usart.o(i.MX_USART1_UART_Init) for MX_USART1_UART_Init
    main.o(i.main) refers to spi.o(i.MX_SPI1_Init) for MX_SPI1_Init
    main.o(i.main) refers to tim.o(i.MX_TIM2_Init) for MX_TIM2_Init
    main.o(i.main) refers to icm42688.o(i.icm42688_Init) for icm42688_Init
    main.o(i.main) refers to kalman.o(i.EKF_init) for EKF_init
    main.o(i.main) refers to icm42688.o(i.Yaw_Bias_Calibration) for Yaw_Bias_Calibration
    main.o(i.main) refers to uart.o(i.myprintf) for myprintf
    main.o(i.main) refers to icm42688.o(i.Start_usTick) for Start_usTick
    main.o(i.main) refers to icm42688.o(i.Get_usTick) for Get_usTick
    main.o(i.main) refers to icm42688.o(i.icm42688_getGYRO_float) for icm42688_getGYRO_float
    main.o(i.main) refers to icm42688.o(i.icm42688_getAcc_float) for icm42688_getAcc_float
    main.o(i.main) refers to kalman.o(i.EKF_update) for EKF_update
    main.o(i.main) refers to icm42688.o(i.Reset_usTick) for Reset_usTick
    main.o(i.main) refers to stm32h7xx_hal_gpio.o(i.HAL_GPIO_TogglePin) for HAL_GPIO_TogglePin
    main.o(i.main) refers to stm32h7xx_hal.o(i.HAL_Delay) for HAL_Delay
    main.o(i.main) refers to main.o(.data) for .data
    gpio.o(i.MX_GPIO_Init) refers to rt_memclr_w.o(.text) for __aeabi_memclr4
    gpio.o(i.MX_GPIO_Init) refers to stm32h7xx_hal_gpio.o(i.HAL_GPIO_WritePin) for HAL_GPIO_WritePin
    gpio.o(i.MX_GPIO_Init) refers to stm32h7xx_hal_gpio.o(i.HAL_GPIO_Init) for HAL_GPIO_Init
    spi.o(i.HAL_SPI_MspDeInit) refers to stm32h7xx_hal_gpio.o(i.HAL_GPIO_DeInit) for HAL_GPIO_DeInit
    spi.o(i.HAL_SPI_MspInit) refers to rt_memclr_w.o(.text) for __aeabi_memclr4
    spi.o(i.HAL_SPI_MspInit) refers to stm32h7xx_hal_rcc_ex.o(i.HAL_RCCEx_PeriphCLKConfig) for HAL_RCCEx_PeriphCLKConfig
    spi.o(i.HAL_SPI_MspInit) refers to main.o(i.Error_Handler) for Error_Handler
    spi.o(i.HAL_SPI_MspInit) refers to stm32h7xx_hal_gpio.o(i.HAL_GPIO_Init) for HAL_GPIO_Init
    spi.o(i.MX_SPI1_Init) refers to stm32h7xx_hal_spi.o(i.HAL_SPI_Init) for HAL_SPI_Init
    spi.o(i.MX_SPI1_Init) refers to main.o(i.Error_Handler) for Error_Handler
    spi.o(i.MX_SPI1_Init) refers to spi.o(.bss) for .bss
    tim.o(i.MX_TIM2_Init) refers to stm32h7xx_hal_tim.o(i.HAL_TIM_Base_Init) for HAL_TIM_Base_Init
    tim.o(i.MX_TIM2_Init) refers to main.o(i.Error_Handler) for Error_Handler
[...]
    i.UART_EndRxTransfer                     0x080050ac   Section        0  stm32h7xx_hal_uart.o(i.UART_EndRxTransfer)
    UART_EndRxTransfer                       0x080050ad   Thumb Code    78  stm32h7xx_hal_uart.o(i.UART_EndRxTransfer)
    i.UART_SetConfig                         0x08005100   Section        0  stm32h7xx_hal_uart.o(i.UART_SetConfig)
    i.UART_WaitOnFlagUntilTimeout            0x080054ac   Section        0  stm32h7xx_hal_uart.o(i.UART_WaitOnFlagUntilTimeout)
    i.UsageFault_Handler                     0x08005538   Section        0  stm32h7xx_it.o(i.UsageFault_Handler)
    i.Yaw_Bias_Calibration                   0x0800553c   Section        0  icm42688.o(i.Yaw_Bias_Calibration)
    i.__ARM_fpclassify                       0x0800558c   Section        0  fpclassify.o(i.__ARM_fpclassify)
    i.__ARM_fpclassifyf                      0x080055bc   Section        0  fpclassifyf.o(i.__ARM_fpclassifyf)
    i.__NVIC_SetPriority                     0x080055e2   Section        0  stm32h7xx_hal_cortex.o(i.__NVIC_SetPriority)
    __NVIC_SetPriority                       0x080055e3   Thumb Code    34  stm32h7xx_hal_cortex.o(i.__NVIC_SetPriority)
    i.__hardfp_atan2f                        0x08005604   Section        0  atan2f.o(i.__hardfp_atan2f)
    i.__hardfp_sqrtf                         0x080058b8   Section        0  sqrtf.o(i.__hardfp_sqrtf)
    i.__mathlib_flt_infnan2                  0x080058f2   Section        0  funder.o(i.__mathlib_flt_infnan2)
    i.__mathlib_flt_underflow                0x080058f8   Section        0  funder.o(i.__mathlib_flt_underflow)
    i._is_digit                              0x08005908   Section        0  __printf_wp.o(i._is_digit)
    i.icm42688_Init                          0x08005916   Section        0  icm42688.o(i.icm42688_Init)
    i.icm42688_getAcc_float                  0x080059fc   Section        0  icm42688.o(i.icm42688_getAcc_float)
    i.icm42688_getAccel                      0x08005a5c   Section        0  icm42688.o(i.icm42688_getAccel)
    i.icm42688_getGYRO                       0x08005a76   Section        0  icm42688.o(i.icm42688_getGYRO)
    i.icm42688_getGYRO_float                 0x08005a90   Section        0  icm42688.o(i.icm42688_getGYRO_float)
    i.icm42688_readMem                       0x08005af0   Section        0  icm42688.o(i.icm42688_readMem)
    i.icm42688_readReg                       0x08005b3c   Section        0  icm42688.o(i.icm42688_readReg)
    i.icm42688_writeReg                      0x08005b8c   Section        0  icm42688.o(i.icm42688_writeReg)
    icm42688_writeReg                        0x08005b8d   Thumb Code    48  icm42688.o(i.icm42688_writeReg)
    i.main                                   0x08005bc4   Section        0  main.o(i.main)
    i.myprintf                               0x08005cac   Section        0  uart.o(i.myprintf)
    locale$$code                             0x08005cdc   Section       44  lc_numeric_c.o(locale$$code)
    locale$$code                             0x08005d08   Section       44  lc_ctype_c.o(locale$$code)
    x$fpl$fpinit                             0x08005d34   Section       10  fpinit.o(x$fpl$fpinit)
    $v0                                      0x08005d34   Number         0  fpinit.o(x$fpl$fpinit)
    x$fpl$printf1                            0x08005d3e   Section        4  printf1.o(x$fpl$printf1)
    $v0                                      0x08005d3e   Number         0  printf1.o(x$fpl$printf1)
    x$fpl$printf2                            0x08005d42   Section        4  printf2.o(x$fpl$printf2)
    $v0                                      0x08005d42   Number         0  printf2.o(x$fpl$printf2)
    .constdata                               0x08005d46   Section       24  stm32h7xx_hal_uart.o(.constdata)
    x$fpl$usenofp                            0x08005d46   Section        0  usenofp.o(x$fpl$usenofp)
    .constdata                               0x08005d5e   Section       16  stm32h7xx_hal_uart_ex.o(.constdata)
    numerator                                0x08005d5e   Data           8  stm32h7xx_hal_uart_ex.o(.constdata)
    denominator                              0x08005d66   Data           8  stm32h7xx_hal_uart_ex.o(.constdata)
    .constdata                               0x08005d6e   Section       16  system_stm32h7xx.o(.constdata)
    .constdata                               0x08005d80   Section        8  _printf_wctomb.o(.constdata)
    initial_mbstate                          0x08005d80   Data           8  _printf_wctomb.o(.constdata)
    .constdata                               0x08005d88   Section       40  _printf_hex_int_ll_ptr.o(.constdata)
    uc_hextab                                0x08005d88   Data          20  _printf_hex_int_ll_ptr.o(.constdata)
    lc_hextab                                0x08005d9c   Data          20  _printf_hex_int_ll_ptr.o(.constdata)
    .constdata                               0x08005db0   Section       17  __printf_flags_ss_wp.o(.constdata)
    maptable                                 0x08005db0   Data          17  __printf_flags_ss_wp.o(.constdata)
    .constdata                               0x08005dc1   Section       38  _printf_fp_hex.o(.constdata)
    lc_hextab                                0x08005dc1   Data          19  _printf_fp_hex.o(.constdata)
    uc_hextab                                0x08005dd4   Data          19  _printf_fp_hex.o(.constdata)
    .constdata                               0x08005de8   Section      148  bigflt0.o(.constdata)
    tenpwrs_x                                0x08005de8   Data          60  bigflt0.o(.constdata)
    tenpwrs_i                                0x08005e24   Data          64  bigflt0.o(.constdata)
    locale$$data                             0x08005e9c   Section       28  lc_numeric_c.o(locale$$data)
    __lcnum_c_name                           0x08005ea0   Data           2  lc_numeric_c.o(locale$$data)
    __lcnum_c_start                          0x08005ea8   Data           0  lc_numeric_c.o(locale$$data)
    __lcnum_c_point                          0x08005eb4   Data           0  lc_numeric_c.o(locale$$data)
    __lcnum_c_thousands                      0x08005eb6   Data           0  lc_numeric_c.o(locale$$data)
    __lcnum_c_grouping                       0x08005eb7   Data           0  lc_numeric_c.o(locale$$data)
    locale$$data                             0x08005eb8   Section      272  lc_ctype_c.o(locale$$data)
    __lcnum_c_end                            0x08005eb8   Data           0  lc_numeric_c.o(locale$$data)
    __lcctype_c_name                         0x08005ebc   Data           2  lc_ctype_c.o(locale$$data)
    __lcctype_c_start                        0x08005ec4   Data           0  lc_ctype_c.o(locale$$data)
    __lcctype_c_end                          0x08005fc8   Data           0  lc_ctype_c.o(locale$$data)
    .data                                    0x24000000   Section      100  main.o(.data)
    .data                                    0x24000064   Section       12  stm32h7xx_hal.o(.data)
    .data                                    0x24000070   Section        8  system_stm32h7xx.o(.data)
    .bss                                     0x24000078   Section      136  spi.o(.bss)
    .bss                                     0x24000100   Section       76  tim.o(.bss)
    .bss                                     0x2400014c   Section      148  usart.o(.bss)
    .bss                                     0x240001e0   Section       96  libspace.o(.bss)
    HEAP                                     0x24000240   Section      512  startup_stm32h750xx.o(HEAP)
    Heap_Mem                                 0x24000240   Data         512  startup_stm32h750xx.o(HEAP)
    STACK                                    0x24000440   Section     1024  startup_stm32h750xx.o(STACK)
    Stack_Mem                                0x24000440   Data        1024  startup_stm32h750xx.o(STACK)
    __initial_sp                             0x24000840   Data           0  startup_stm32h750xx.o(STACK)

    Global Symbols

    Symbol Name                              Value     Ov Type        Size  Object(Section)

    BuildAttributes$$THM_ISAv4$E$P$D$K$B$S$7EM$VFPv5_D16$PE$PLD8$A:L22UL41UL21$X:L11$S22US41US21$IEEE1$IW$USESV6$~STKCKD$USESV7$~SHL$OTIME$ROPI$IEEEX$EBA8$UX$STANDARDLIB$REQ8$PRES8$EABIv2 0x00000000   Number         0  anon$$obj.o ABSOLUTE
    __ARM_use_no_argv                        0x00000000   Number         0  main.o ABSOLUTE
    _printf_flags                            0x00000000   Number         0  printf_stubs.o ABSOLUTE
    _printf_return_value                     0x00000000   Number         0  printf_stubs.o ABSOLUTE
    _printf_sizespec                         0x00000000   Number         0  printf_stubs.o ABSOLUTE
    _printf_widthprec                        0x00000000   Number         0  printf_stubs.o ABSOLUTE
    __ARM_exceptions_init                     - Undefined Weak Reference
    __alloca_initialize                       - Undefined Weak Reference
    __arm_fini_                               - Undefined Weak Reference
    __arm_preinit_                            - Undefined Weak Reference
    __cpp_initialize__aeabi_                  - Undefined Weak Reference
    __cxa_finalize                            - Undefined Weak Reference
    __sigvec_lookup                           - Undefined Weak Reference
    _atexit_init                              - Undefined Weak Reference
    _call_atexit_fns                          - Undefined Weak Reference
    _clock_init                               - Undefined Weak Reference
    _fp_trap_init                             - Undefined Weak Reference
    _fp_trap_shutdown                         - Undefined Weak Reference
    _get_lc_collate                           - Undefined Weak Reference
    _get_lc_monetary                          - Undefined Weak Reference
    _get_lc_time                              - Undefined Weak Reference
    _getenv_init                              - Undefined Weak Reference
    _handle_redirection                       - Undefined Weak Reference
    _init_alloc                               - Undefined Weak Reference
    _init_user_alloc                          - Undefined Weak Reference
    _initio                                   - Undefined Weak Reference
    _printf_mbtowc                            - Undefined Weak Reference
    _printf_wc                                - Undefined Weak Reference
    _rand_init                                - Undefined Weak Reference
    _signal_finish                            - Undefined Weak Reference
    _signal_init                              - Undefined Weak Reference
    _terminate_alloc                          - Undefined Weak Reference
    _terminate_user_alloc                     - Undefined Weak Reference
    _terminateio                              - Undefined Weak Reference
    __Vectors_Size                           0x00000298   Number         0  startup_stm32h750xx.o ABSOLUTE
    __Vectors                                0x08000000   Data           4  startup_stm32h750xx.o(RESET)
    __Vectors_End                            0x08000298   Data           0  startup_stm32h750xx.o(RESET)
    __main                                   0x08000299   Thumb Code     8  __main.o(!!!main)
    __scatterload                            0x080002a1   Thumb Code     0  __scatter.o(!!!scatter)
    __scatterload_rt2                        0x080002a1   Thumb Code    44  __scatter.o(!!!scatter)
    __scatterload_rt2_thumb_only             0x080002a1   Thumb Code     0  __scatter.o(!!!scatter)
    __scatterload_null                       0x080002af   Thumb Code     0  __scatter.o(!!!scatter)
    __scatterload_copy                       0x080002d5   Thumb Code    26  __scatter_copy.o(!!handler_copy)
    __scatterload_zeroinit                   0x080002f1   Thumb Code    28  __scatter_zi.o(!!handler_zi)
    _printf_n                                0x0800030d   Thumb Code     0  _printf_n.o(.ARM.Collect$$_printf_percent$$00000001)
    _printf_percent                          0x0800030d   Thumb Code     0  _printf_percent.o(.ARM.Collect$$_printf_percent$$00000000)
    _printf_p                                0x08000313   Thumb Code     0  _printf_p.o(.ARM.Collect$$_printf_percent$$00000002)
    _printf_f                                0x08000319   Thumb Code     0  _printf_f.o(.ARM.Collect$$_printf_percent$$00000003)
    _printf_e                                0x0800031f   Thumb Code     0  _printf_e.o(.ARM.Collect$$_printf_percent$$00000004)
    _printf_g                                0x08000325   Thumb Code     0  _printf_g.o(.ARM.Collect$$_printf_percent$$00000005)
    _printf_a                                0x0800032b   Thumb Code     0  _printf_a.o(.ARM.Collect$$_printf_percent$$00000006)
    _printf_ll                               0x08000331   Thumb Code     0  _printf_ll.o(.ARM.Collect$$_printf_percent$$00000007)
    _printf_i                                0x0800033b   Thumb Code     0  _printf_i.o(.ARM.Collect$$_printf_percent$$00000008)
    _printf_d                                0x08000341   Thumb Code     0  _printf_d.o(.ARM.Collect$$_printf_percent$$00000009)
    _printf_u                                0x08000347   Thumb Code     0  _printf_u.o(.ARM.Collect$$_printf_percent$$0000000A)
    _printf_o                                0x0800034d   Thumb Code     0  _printf_o.o(.ARM.Collect$$_printf_percent$$0000000B)
    _printf_x                                0x08000353   Thumb Code     0  _printf_x.o(.ARM.Collect$$_printf_percent$$0000000C)
    _printf_lli                              0x08000359   Thumb Code     0  _printf_lli.o(.ARM.Collect$$_printf_percent$$0000000D)
    _printf_lld                              0x0800035f   Thumb Code     0  _printf_lld.o(.ARM.Collect$$_printf_percent$$0000000E)
    _printf_llu                              0x08000365   Thumb Code     0  _printf_llu.o(.ARM.Collect$$_printf_percent$$0000000F)
    _printf_llo                              0x0800036b   Thumb Code     0  _printf_llo.o(.ARM.Collect$$_printf_percent$$00000010)
    _printf_llx                              0x08000371   Thumb Code     0  _printf_llx.o(.ARM.Collect$$_printf_percent$$00000011)
    _printf_l                                0x08000377   Thumb Code     0  _printf_l.o(.ARM.Collect$$_printf_percent$$00000012)
    _printf_c                                0x08000381   Thumb Code     0  _printf_c.o(.ARM.Collect$$_printf_percent$$00000013)
    _printf_s                                0x08000387   Thumb Code     0  _printf_s.o(.ARM.Collect$$_printf_percent$$00000014)
    _printf_lc                               0x0800038d   Thumb Code     0  _printf_lc.o(.ARM.Collect$$_printf_percent$$00000015)
    _printf_ls                               0x08000393   Thumb Code     0  _printf_ls.o(.ARM.Collect$$_printf_percent$$00000016)
    _printf_percent_end                      0x08000399   Thumb Code     0  _printf_percent_end.o(.ARM.Collect$$_printf_percent$$00000017)
    __rt_lib_init                            0x0800039d   Thumb Code     0  libinit.o(.ARM.Collect$$libinit$$00000000)
    __rt_lib_init_fp_1                       0x0800039f   Thumb Code     0  libinit2.o(.ARM.Collect$$libinit$$00000001)
    __rt_lib_init_heap_1                     0x080003a3   Thumb Code     0  libinit2.o(.ARM.Collect$$libinit$$0000000A)
    __rt_lib_init_lc_common                  0x080003a3   Thumb Code     0  libinit2.o(.ARM.Collect$$libinit$$0000000F)
    __rt_lib_init_preinit_1                  0x080003a3   Thumb Code     0  libinit2.o(.ARM.Collect$$libinit$$00000004)
    __rt_lib_init_rand_1                     0x080003a3   Thumb Code     0  libinit2.o(.ARM.Collect$$libinit$$0000000E)
    __rt_lib_init_user_alloc_1               0x080003a3   Thumb Code     0  libinit2.o(.ARM.Collect$$libinit$$0000000C)
    __rt_lib_init_lc_collate_1               0x080003a9   Thumb Code     0  libinit2.o(.ARM.Collect$$libinit$$00000011)
    __rt_lib_init_lc_ctype_2                 0x080003a9   Thumb Code     0  libinit2.o(.ARM.Collect$$libinit$$00000012)
    __rt_lib_init_lc_ctype_1                 0x080003b5   Thumb Code     0  libinit2.o(.ARM.Collect$$libinit$$00000013)
    __rt_lib_init_lc_monetary_1              0x080003b5   Thumb Code     0  libinit2.o(.ARM.Collect$$libinit$$00000015)
    __rt_lib_init_lc_numeric_2               0x080003b5   Thumb Code     0  libinit2.o(.ARM.Collect$$libinit$$00000016)
    __rt_lib_init_alloca_1                   0x080003bf   Thumb Code     0  libinit2.o(.ARM.Collect$$libinit$$0000002E)
    __rt_lib_init_argv_1                     0x080003bf   Thumb Code     0  libinit2.o(.ARM.Collect$$libinit$$0000002C)
    __rt_lib_init_atexit_1                   0x080003bf   Thumb Code     0  libinit2.o(.ARM.Collect$$libinit$$0000001B)
    __rt_lib_init_clock_1                    0x080003bf   Thumb Code     0  libinit2.o(.ARM.Collect$$libinit$$00000021)
    __rt_lib_init_cpp_1                      0x080003bf   Thumb Code     0  libinit2.o(.ARM.Collect$$libinit$$00000032)
    __rt_lib_init_exceptions_1               0x080003bf   Thumb Code     0  libinit2.o(.ARM.Collect$$libinit$$00000030)
    __rt_lib_init_fp_trap_1                  0x080003bf   Thumb Code     0  libinit2.o(.ARM.Collect$$libinit$$0000001F)
    __rt_lib_init_getenv_1                   0x080003bf   Thumb Code     0  libinit2.o(.ARM.Collect$$libinit$$00000023)
    __rt_lib_init_lc_numeric_1               0x080003bf   Thumb Code     0  libinit2.o(.ARM.Collect$$libinit$$00000017)
    __rt_lib_init_lc_time_1                  0x080003bf   Thumb Code     0  libinit2.o(.ARM.Collect$$libinit$$00000019)
    __rt_lib_init_return                     0x080003bf   Thumb Code     0  libinit2.o(.ARM.Collect$$libinit$$00000033)
    __rt_lib_init_signal_1                   0x080003bf   Thumb Code     0  libinit2.o(.ARM.Collect$$libinit$$0000001D)
    __rt_lib_init_stdio_1                    0x080003bf   Thumb Code     0  libinit2.o(.ARM.Collect$$libinit$$00000025)
    __rt_lib_shutdown                        0x080003c1   Thumb Code     0  libshutdown.o(.ARM.Collect$$libshutdown$$00000000)
    __rt_lib_shutdown_cpp_1                  0x080003c3   Thumb Code     0  libshutdown2.o(.ARM.Collect$$libshutdown$$00000004)
    __rt_lib_shutdown_fini_1                 0x080003c3   Thumb Code     0  libshutdown2.o(.ARM.Collect$$libshutdown$$00000002)
    __rt_lib_shutdown_fp_trap_1              0x080003c3   Thumb Code     0  libshutdown2.o(.ARM.Collect$$libshutdown$$00000009)
    __rt_lib_shutdown_heap_1                 0x080003c3   Thumb Code     0  libshutdown2.o(.ARM.Collect$$libshutdown$$00000011)
    __rt_lib_shutdown_return                 0x080003c3   Thumb Code     0  libshutdown2.o(.ARM.Collect$$libshutdown$$00000012)
    __rt_lib_shutdown_signal_1               0x080003c3   Thumb Code     0  libshutdown2.o(.ARM.Collect$$libshutdown$$0000000C)
    __rt_lib_shutdown_stdio_1                0x080003c3   Thumb Code     0  libshutdown2.o(.ARM.Collect$$libshutdown$$00000006)
    __rt_lib_shutdown_user_alloc_1           0x080003c3   Thumb Code     0  libshutdown2.o(.ARM.Collect$$libshutdown$$0000000E)
    __rt_entry                               0x080003c5   Thumb Code     0  __rtentry.o(.ARM.Collect$$rtentry$$00000000)
    __rt_entry_presh_1                       0x080003c5   Thumb Code     0  __rtentry2.o(.ARM.Collect$$rtentry$$00000002)
    __rt_entry_sh                            0x080003c5   Thumb Code     0  __rtentry4.o(.ARM.Collect$$rtentry$$00000004)
    __rt_entry_li                            0x080003cb   Thumb Code     0  __rtentry2.o(.ARM.Collect$$rtentry$$0000000A)
    __rt_entry_postsh_1                      0x080003cb   Thumb Code     0  __rtentry2.o(.ARM.Collect$$rtentry$$00000009)
    __rt_entry_main                          0x080003cf   Thumb Code     0  __rtentry2.o(.ARM.Collect$$rtentry$$0000000D)
    __rt_entry_postli_1                      0x080003cf   Thumb Code     0  __rtentry2.o(.ARM.Collect$$rtentry$$0000000C)
    __rt_exit                                0x080003d7   Thumb Code     0  rtexit.o(.ARM.Collect$$rtexit$$00000000)
    __rt_exit_ls                             0x080003d9   Thumb Code     0  rtexit2.o(.ARM.Collect$$rtexit$$00000003)
    __rt_exit_prels_1                        0x080003d9   Thumb Code     0  rtexit2.o(.ARM.Collect$$rtexit$$00000002)
    __rt_exit_exit                           0x080003dd   Thumb Code     0  rtexit2.o(.ARM.Collect$$rtexit$$00000004)
    Reset_Handler                            0x080003e5   Thumb Code     8  startup_stm32h750xx.o(.text)
    ADC3_IRQHandler                          0x080003ff   Thumb Code     0  startup_stm32h750xx.o(.text)
    ADC_IRQHandler                           0x080003ff   Thumb Code     0  startup_stm32h750xx.o(.text)
    BDMA_Channel0_IRQHandler                 0x080003ff   Thumb Code     0  startup_stm32h750xx.o(.text)
    BDMA_Channel1_IRQHandler                 0x080003ff   Thumb Code     0  startup_stm32h750xx.o(.text)
    BDMA_Channel2_IRQHandler                 0x080003ff   Thumb Code     0  startup_stm32h750xx.o(.text)
    BDMA_Channel3_IRQHandler                 0x080003ff   Thumb Code     0  startup_stm32h750xx.o(.text)
    BDMA_Channel4_IRQHandler                 0x080003ff   Thumb Code     0  startup_stm32h750xx.o(.text)
    BDMA_Channel5_IRQHandler                 0x080003ff   Thumb Code     0  startup_stm32h750xx.o(.text)
    BDMA_Channel6_IRQHandler                 0x080003ff   Thumb Code     0  startup_stm32h750xx.o(.text)
    BDMA_Channel7_IRQHandler                 0x080003ff   Thumb Code     0  startup_stm32h750xx.o(.text)
    CEC_IRQHandler                           0x080003ff   Thumb Code     0  startup_stm32h750xx.o(.text)
    COMP1_IRQHandler                         0x080003ff   Thumb Code     0  startup_stm32h750xx.o(.text)
    CRS_IRQHandler                           0x080003ff   Thumb Code     0  startup_stm32h750xx.o(.text)
    CRYP_IRQHandler                          0x080003ff   Thumb Code     0  startup_stm32h750xx.o(.text)
    DCMI_IRQHandler                          0x080003ff   Thumb Code     0  startup_stm32h750xx.o(.text)
    DFSDM1_FLT0_IRQHandler                   0x080003ff   Thumb Code     0  startup_stm32h750xx.o(.text)
    DFSDM1_FLT1_IRQHandler                   0x080003ff   Thumb Code     0  startup_stm32h750xx.o(.text)
    DFSDM1_FLT2_IRQHandler                   0x080003ff   Thumb Code     0  startup_stm32h750xx.o(.text)
    DFSDM1_FLT3_IRQHandler                   0x080003ff   Thumb Code     0  startup_stm32h750xx.o(.text)
    DMA1_Stream0_IRQHandler                  0x080003ff   Thumb Code     0  startup_stm32h750xx.o(.text)
    DMA1_Stream1_IRQHandler                  0x080003ff   Thumb Code     0  startup_stm32h750xx.o(.text)
    DMA1_Stream2_IRQHandler                  0x080003ff   Thumb Code     0  startup_stm32h750xx.o(.text)
    DMA1_Stream3_IRQHandler                  0x080003ff   Thumb Code     0  startup_stm32h750xx.o(.text)
    DMA1_Stream4_IRQHandler                  0x080003ff   Thumb Code     0  startup_stm32h750xx.o(.text)
    DMA1_Stream5_IRQHandler                  0x080003ff   Thumb Code     0  startup_stm32h750xx.o(.text)
    DMA1_Stream6_IRQHandler                  0x080003ff   Thumb Code     0  startup_stm32h750xx.o(.text)
    DMA1_Stream7_IRQHandler                  0x080003ff   Thumb Code     0  startup_stm32h750xx.o(.text)
    DMA2D_IRQHandler                         0x080003ff   Thumb Code     0  startup_stm32h750xx.o(.text)
    DMA2_Stream0_IRQHandler                  0x080003ff   Thumb Code     0  startup_stm32h750xx.o(.text)
    DMA2_Stream1_IRQHandler                  0x080003ff   Thumb Code     0  startup_stm32h750xx.o(.text)
    DMA2_Stream2_IRQHandler                  0x080003ff   Thumb Code     0  startup_stm32h750xx.o(.text)
    DMA2_Stream3_IRQHandler                  0x080003ff   Thumb Code     0  startup_stm32h750xx.o(.text)
    DMA2_Stream4_IRQHandler                  0x080003ff   Thumb Code     0  startup_stm32h750xx.o(.text)
    DMA2_Stream5_IRQHandler                  0x080003ff   Thumb Code     0  startup_stm32h750xx.o(.text)
    DMA2_Stream6_IRQHandler                  0x080003ff   Thumb Code     0  startup_stm32h750xx.o(.text)
    DMA2_Stream7_IRQHandler                  0x080003ff   Thumb Code     0  startup_stm32h750xx.o(.text)
    DMAMUX1_OVR_IRQHandler                   0x080003ff   Thumb Code     0  startup_stm32h750xx.o(.text)
    DMAMUX2_OVR_IRQHandler                   0x080003ff   Thumb Code     0  startup_stm32h750xx.o(.text)
    ECC_IRQHandler                           0x080003ff   Thumb Code     0  startup_stm32h750xx.o(.text)
    ETH_IRQHandler                           0x080003ff   Thumb Code     0  startup_stm32h750xx.o(.text)
    ETH_WKUP_IRQHandler                      0x080003ff   Thumb Code     0  startup_stm32h750xx.o(.text)
    EXTI0_IRQHandler                         0x080003ff   Thumb Code     0  startup_stm32h750xx.o(.text)
    EXTI15_10_IRQHandler                     0x080003ff   Thumb Code     0  startup_stm32h750xx.o(.text)
    EXTI1_IRQHandler                         0x080003ff   Thumb Code     0  startup_stm32h750xx.o(.text)
    EXTI2_IRQHandler                         0x080003ff   Thumb Code     0  startup_stm32h750xx.o(.text)
    EXTI3_IRQHandler                         0x080003ff   Thumb Code     0  startup_stm32h750xx.o(.text)
    EXTI4_IRQHandler                         0x080003ff   Thumb Code     0  startup_stm32h750xx.o(.text)
    EXTI9_5_IRQHandler                       0x080003ff   Thumb Code     0  startup_stm32h750xx.o(.text)
    FDCAN1_IT0_IRQHandler                    0x080003ff   Thumb Code     0  startup_stm32h750xx.o(.text)
    FDCAN1_IT1_IRQHandler                    0x080003ff   Thumb Code     0  startup_stm32h750xx.o(.text)
    FDCAN2_IT0_IRQHandler                    0x080003ff   Thumb Code     0  startup_stm32h750xx.o(.text)
    FDCAN2_IT1_IRQHandler                    0x080003ff   Thumb Code     0  startup_stm32h750xx.o(.text)
    FDCAN_CAL_IRQHandler                     0x080003ff   Thumb Code     0  startup_stm32h750xx.o(.text)
    FLASH_IRQHandler                         0x080003ff   Thumb Code     0  startup_stm32h750xx.o(.text)
    FMC_IRQHandler                           0x080003ff   Thumb Code     0  startup_stm32h750xx.o(.text)
    FPU_IRQHandler                           0x080003ff   Thumb Code     0  startup_stm32h750xx.o(.text)
    HASH_RNG_IRQHandler                      0x080003ff   Thumb Code     0  startup_stm32h750xx.o(.text)
    HRTIM1_FLT_IRQHandler                    0x080003ff   Thumb Code     0  startup_stm32h750xx.o(.text)
    HRTIM1_Master_IRQHandler                 0x080003ff   Thumb Code     0  startup_stm32h750xx.o(.text)
    HRTIM1_TIMA_IRQHandler                   0x080003ff   Thumb Code     0  startup_stm32h750xx.o(.text)
    HRTIM1_TIMB_IRQHandler                   0x080003ff   Thumb Code     0  startup_stm32h750xx.o(.text)
    HRTIM1_TIMC_IRQHandler                   0x080003ff   Thumb Code     0  startup_stm32h750xx.o(.text)
    HRTIM1_TIMD_IRQHandler                   0x080003ff   Thumb Code     0  startup_stm32h750xx.o(.text)
    HRTIM1_TIME_IRQHandler                   0x080003ff   Thumb Code     0  startup_stm32h750xx.o(.text)
    HSEM1_IRQHandler                         0x080003ff   Thumb Code     0  startup_stm32h750xx.o(.text)
    I2C1_ER_IRQHandler                       0x080003ff   Thumb Code     0  startup_stm32h750xx.o(.text)
    I2C1_EV_IRQHandler                       0x080003ff   Thumb Code     0  startup_stm32h750xx.o(.text)
    I2C2_ER_IRQHandler                       0x080003ff   Thumb Code     0  startup_stm32h750xx.o(.text)
    I2C2_EV_IRQHandler                       0x080003ff   Thumb Code     0  startup_stm32h750xx.o(.text)
    I2C3_ER_IRQHandler                       0x080003ff   Thumb Code     0  startup_stm32h750xx.o(.text)
    I2C3_EV_IRQHandler                       0x080003ff   Thumb Code     0  startup_stm32h750xx.o(.text)
    I2C4_ER_IRQHandler                       0x080003ff   Thumb Code     0  startup_stm32h750xx.o(.text)
    I2C4_EV_IRQHandler                       0x080003ff   Thumb Code     0  startup_stm32h750xx.o(.text)
    JPEG_IRQHandler                          0x080003ff   Thumb Code     0  startup_stm32h750xx.o(.text)
    LPTIM1_IRQHandler                        0x080003ff   Thumb Code     0  startup_stm32h750xx.o(.text)
    LPTIM2_IRQHandler                        0x080003ff   Thumb Code     0  startup_stm32h750xx.o(.text)
    LPTIM3_IRQHandler                        0x080003ff   Thumb Code     0  startup_stm32h750xx.o(.text)
    LPTIM4_IRQHandler                        0x080003ff   Thumb Code     0  startup_stm32h750xx.o(.text)
    LPTIM5_IRQHandler                        0x080003ff   Thumb Code     0  startup_stm32h750xx.o(.text)
    LPUART1_IRQHandler                       0x080003ff   Thumb Code     0  startup_stm32h750xx.o(.text)
    LTDC_ER_IRQHandler                       0x080003ff   Thumb Code     0  startup_stm32h750xx.o(.text)
    LTDC_IRQHandler                          0x080003ff   Thumb Code     0  startup_stm32h750xx.o(.text)
    MDIOS_IRQHandler                         0x080003ff   Thumb Code     0  startup_stm32h750xx.o(.text)
    MDIOS_WKUP_IRQHandler                    0x080003ff   Thumb Code     0  startup_stm32h750xx.o(.text)
    MDMA_IRQHandler                          0x080003ff   Thumb Code     0  startup_stm32h750xx.o(.text)
    OTG_FS_EP1_IN_IRQHandler                 0x080003ff   Thumb Code     0  startup_stm32h750xx.o(.text)
    OTG_FS_EP1_OUT_IRQHandler                0x080003ff   Thumb Code     0  startup_stm32h750xx.o(.text)
    OTG_FS_IRQHandler                        0x080003ff   Thumb Code     0  startup_stm32h750xx.o(.text)
    OTG_FS_WKUP_IRQHandler                   0x080003ff   Thumb Code     0  startup_stm32h750xx.o(.text)
    OTG_HS_EP1_IN_IRQHandler                 0x080003ff   Thumb Code     0  startup_stm32h750xx.o(.text)
    OTG_HS_EP1_OUT_IRQHandler                0x080003ff   Thumb Code     0  startup_stm32h750xx.o(.text)
    OTG_HS_IRQHandler                        0x080003ff   Thumb Code     0  startup_stm32h750xx.o(.text)
    OTG_HS_WKUP_IRQHandler                   0x080003ff   Thumb Code     0  startup_stm32h750xx.o(.text)
    PVD_AVD_IRQHandler                       0x080003ff   Thumb Code     0  startup_stm32h750xx.o(.text)
    QUADSPI_IRQHandler                       0x080003ff   Thumb Code     0  startup_stm32h750xx.o(.text)
    RCC_IRQHandler                           0x080003ff   Thumb Code     0  startup_stm32h750xx.o(.text)
    RTC_Alarm_IRQHandler                     0x080003ff   Thumb Code     0  startup_stm32h750xx.o(.text)
    RTC_WKUP_IRQHandler                      0x080003ff   Thumb Code     0  startup_stm32h750xx.o(.text)
    SAI1_IRQHandler                          0x080003ff   Thumb Code     0  startup_stm32h750xx.o(.text)
    SAI2_IRQHandler                          0x080003ff   Thumb Code     0  startup_stm32h750xx.o(.text)
    SAI3_IRQHandler                          0x080003ff   Thumb Code     0  startup_stm32h750xx.o(.text)
    SAI4_IRQHandler                          0x080003ff   Thumb Code     0  startup_stm32h750xx.o(.text)
    SDMMC1_IRQHandler                        0x080003ff   Thumb Code     0  startup_stm32h750xx.o(.text)
    SDMMC2_IRQHandler                        0x080003ff   Thumb Code     0  startup_stm32h750xx.o(.text)
    SPDIF_RX_IRQHandler                      0x080003ff   Thumb Code     0  startup_stm32h750xx.o(.text)
    SPI1_IRQHandler                          0x080003ff   Thumb Code     0  startup_stm32h750xx.o(.text)
    SPI2_IRQHandler                          0x080003ff   Thumb Code     0  startup_stm32h750xx.o(.text)
    SPI3_IRQHandler                          0x080003ff   Thumb Code     0  startup_stm32h750xx.o(.text)
    SPI4_IRQHandler                          0x080003ff   Thumb Code     0  startup_stm32h750xx.o(.text)
    SPI5_IRQHandler                          0x080003ff   Thumb Code     0  startup_stm32h750xx.o(.text)
    SPI6_IRQHandler                          0x080003ff   Thumb Code     0  startup_stm32h750xx.o(.text)
    SWPMI1_IRQHandler                        0x080003ff   Thumb Code     0  startup_stm32h750xx.o(.text)
    TAMP_STAMP_IRQHandler                    0x080003ff   Thumb Code     0  startup_stm32h750xx.o(.text)
    TIM15_IRQHandler                         0x080003ff   Thumb Code     0  startup_stm32h750xx.o(.text)
    TIM16_IRQHandler                         0x080003ff   Thumb Code     0  startup_stm32h750xx.o(.text)
    TIM17_IRQHandler                         0x080003ff   Thumb Code     0  startup_stm32h750xx.o(.text)
    TIM1_BRK_IRQHandler                      0x080003ff   Thumb Code     0  startup_stm32h750xx.o(.text)
    TIM1_CC_IRQHandler                       0x080003ff   Thumb Code     0  startup_stm32h750xx.o(.text)
    TIM1_TRG_COM_IRQHandler                  0x080003ff   Thumb Code     0  startup_stm32h750xx.o(.text)
    TIM1_UP_IRQHandler                       0x080003ff   Thumb Code     0  startup_stm32h750xx.o(.text)
    TIM2_IRQHandler                          0x080003ff   Thumb Code     0  startup_stm32h750xx.o(.text)
    TIM3_IRQHandler                          0x080003ff   Thumb Code     0  startup_stm32h750xx.o(.text)
    TIM4_IRQHandler                          0x080003ff   Thumb Code     0  startup_stm32h750xx.o(.text)
    TIM5_IRQHandler                          0x080003ff   Thumb Code     0  startup_stm32h750xx.o(.text)
    TIM6_DAC_IRQHandler                      0x080003ff   Thumb Code     0  startup_stm32h750xx.o(.text)
    TIM7_IRQHandler                          0x080003ff   Thumb Code     0  startup_stm32h750xx.o(.text)
    TIM8_BRK_TIM12_IRQHandler                0x080003ff   Thumb Code     0  startup_stm32h750xx.o(.text)
    TIM8_CC_IRQHandler                       0x080003ff   Thumb Code     0  startup_stm32h750xx.o(.text)
    TIM8_TRG_COM_TIM14_IRQHandler            0x080003ff   Thumb Code     0  startup_stm32h750xx.o(.text)
    TIM8_UP_TIM13_IRQHandler                 0x080003ff   Thumb Code     0  startup_stm32h750xx.o(.text)
    UART4_IRQHandler                         0x080003ff   Thumb Code     0  startup_stm32h750xx.o(.text)
    UART5_IRQHandler                         0x080003ff   Thumb Code     0  startup_stm32h750xx.o(.text)
    UART7_IRQHandler                         0x080003ff   Thumb Code     0  startup_stm32h750xx.o(.text)
    UART8_IRQHandler                         0x080003ff   Thumb Code     0  startup_stm32h750xx.o(.text)
    USART1_IRQHandler                        0x080003ff   Thumb Code     0  startup_stm32h750xx.o(.text)
    USART2_IRQHandler                        0x080003ff   Thumb Code     0  startup_stm32h750xx.o(.text)
    USART3_IRQHandler                        0x080003ff   Thumb Code     0  startup_stm32h750xx.o(.text)
    USART6_IRQHandler                        0x080003ff   Thumb Code     0  startup_stm32h750xx.o(.text)
    WAKEUP_PIN_IRQHandler                    0x080003ff   Thumb Code     0  startup_stm32h750xx.o(.text)
    WWDG_IRQHandler                          0x080003ff   Thumb Code     0  startup_stm32h750xx.o(.text)
    __user_initial_stackheap                 0x08000401   Thumb Code     0  startup_stm32h750xx.o(.text)
    __aeabi_uldivmod                         0x08000425   Thumb Code     0  lludivv7m.o(.text)
    _ll_udiv                                 0x08000425   Thumb Code   238  lludivv7m.o(.text)
    vsnprintf                                0x08000515   Thumb Code    48  vsnprintf.o(.text)
    strlen                                   0x08000549   Thumb Code    62  strlen.o(.text)
    __aeabi_memclr4                          0x08000587   Thumb Code     0  rt_memclr_w.o(.text)
    __aeabi_memclr8                          0x08000587   Thumb Code     0  rt_memclr_w.o(.text)
    __rt_memclr_w                            0x08000587   Thumb Code    78  rt_memclr_w.o(.text)
    _memset_w                                0x0800058b   Thumb Code     0  rt_memclr_w.o(.text)
    __use_two_region_memory                  0x080005d5   Thumb Code     2  heapauxi.o(.text)
    __rt_heap_escrow$2region                 0x080005d7   Thumb Code     2  heapauxi.o(.text)
    __rt_heap_expand$2region                 0x080005d9   Thumb Code     2  heapauxi.o(.text)
    __read_errno                             0x080005db   Thumb Code    10  _rserrno.o(.text)
    __set_errno                              0x080005e5   Thumb Code    12  _rserrno.o(.text)
    _printf_pre_padding                      0x080005f1   Thumb Code    44  _printf_pad.o(.text)
    _printf_post_padding                     0x0800061d   Thumb Code    34  _printf_pad.o(.text)
    _printf_truncate_signed                  0x0800063f   Thumb Code    18  _printf_truncate.o(.text)
    _printf_truncate_unsigned                0x08000651   Thumb Code    18  _printf_truncate.o(.text)
    _printf_str                              0x08000663   Thumb Code    82  _printf_str.o(.text)
    _printf_int_dec                          0x080006b5   Thumb Code   104  _printf_dec.o(.text)
    _printf_charcount                        0x0800072d   Thumb Code    40  _printf_charcount.o(.text)
    _printf_char_common                      0x0800075f   Thumb Code    32  _printf_char_common.o(.text)
    _sputc                                   0x08000785   Thumb Code    10  _sputc.o(.text)
    _snputc                                  0x0800078f   Thumb Code    16  _snputc.o(.text)
    _printf_wctomb                           0x080007a1   Thumb Code   182  _printf_wctomb.o(.text)
    _printf_longlong_dec                     0x0800085d   Thumb Code   108  _printf_longlong_dec.o(.text)
    _printf_longlong_oct                     0x080008d9   Thumb Code    66  _printf_oct_int_ll.o(.text)
    _printf_int_oct                          0x0800091b   Thumb Code    24  _printf_oct_int_ll.o(.text)
    _printf_ll_oct                           0x08000933   Thumb Code    12  _printf_oct_int_ll.o(.text)
    _printf_longlong_hex                     0x08000949   Thumb Code    86  _printf_hex_int_ll_ptr.o(.text)
    _printf_int_hex                          0x0800099f   Thumb Code    28  _printf_hex_int_ll_ptr.o(.text)
    _printf_ll_hex                           0x080009bb   Thumb Code    12  _printf_hex_int_ll_ptr.o(.text)
    _printf_hex_ptr                          0x080009c7   Thumb Code    18  _printf_hex_int_ll_ptr.o(.text)
    __printf                                 0x080009dd   Thumb Code   388  __printf_flags_ss_wp.o(.text)
    __aeabi_errno_addr                       0x08000b65   Thumb Code     8  rt_errno_addr_intlibspace.o(.text)
    __errno$intlibspace                      0x08000b65   Thumb Code     0  rt_errno_addr_intlibspace.o(.text)
    __rt_errno_addr$intlibspace              0x08000b65   Thumb Code     0  rt_errno_addr_intlibspace.o(.text)
    _ll_udiv10                               0x08000b6d   Thumb Code   138  lludiv10.o(.text)
    _printf_int_common                       0x08000bf7   Thumb Code   178  _printf_intcommon.o(.text)
    __lib_sel_fp_printf                      0x08000ca9   Thumb Code     2  _printf_fp_dec.o(.text)
    _printf_fp_dec_real                      0x08000e5b   Thumb Code   620  _printf_fp_dec.o(.text)
    _printf_fp_hex_real                      0x080010c9   Thumb Code   756  _printf_fp_hex.o(.text)
    _printf_cs_common                        0x080013c5   Thumb Code    20  _printf_char.o(.text)
    _printf_char                             0x080013d9   Thumb Code    16  _printf_char.o(.text)
    _printf_string                           0x080013e9   Thumb Code     8  _printf_char.o(.text)
    _printf_lcs_common                       0x080013f1   Thumb Code    20  _printf_wchar.o(.text)
    _printf_wchar                            0x08001405   Thumb Code    16  _printf_wchar.o(.text)
    _printf_wstring                          0x08001415   Thumb Code     8  _printf_wchar.o(.text)
    _wcrtomb                                 0x0800141d   Thumb Code    64  _wcrtomb.o(.text)
    __user_libspace                          0x0800145d   Thumb Code     8  libspace.o(.text)
    __user_perproc_libspace                  0x0800145d   Thumb Code     0  libspace.o(.text)
    __user_perthread_libspace                0x0800145d   Thumb Code     0  libspace.o(.text)
    __user_setup_stackheap                   0x08001465   Thumb Code    74  sys_stackheap_outer.o(.text)
    __rt_ctype_table                         0x080014b1   Thumb Code    16  rt_ctype_table.o(.text)
    __rt_locale                              0x080014c1   Thumb Code     8  rt_locale_intlibspace.o(.text)
    _printf_fp_infnan                        0x080014c9   Thumb Code   112  _printf_fp_infnan.o(.text)
    _btod_etento                             0x08001549   Thumb Code   224  bigflt0.o(.text)
    exit                                     0x0800162d   Thumb Code    18  exit.o(.text)
    strcmp                                   0x08001641   Thumb Code   104  strcmpv7m_pel.o(.text)
    _sys_exit                                0x080016a9   Thumb Code     8  sys_exit.o(.text)
    __I$use$semihosting                      0x080016b5   Thumb Code     0  use_no_semi.o(.text)
    __use_no_semihosting_swi                 0x080016b5   Thumb Code     2  use_no_semi.o(.text)
    __semihosting_library_function           0x080016b7   Thumb Code     0  indicate_semi.o(.text)
    _btod_d2e                                0x080016b7   Thumb Code    62  btod.o(CL$$btod_d2e)
    _d2e_denorm_low                          0x080016f5   Thumb Code    70  btod.o(CL$$btod_d2e_denorm_low)
    _d2e_norm_op1                            0x0800173b   Thumb Code    96  btod.o(CL$$btod_d2e_norm_op1)
    __btod_div_common                        0x0800179b   Thumb Code   696  btod.o(CL$$btod_div_common)
    _e2e                                     0x08001ad3   Thumb Code   220  btod.o(CL$$btod_e2e)
    _btod_ediv                               0x08001baf   Thumb Code    42  btod.o(CL$$btod_ediv)
    _btod_emul                               0x08001bd9   Thumb Code    42  btod.o(CL$$btod_emul)
    __btod_mult_common                       0x08001c03   Thumb Code   580  btod.o(CL$$btod_mult_common)
    BusFault_Handler                         0x08001e47   Thumb Code     2  stm32h7xx_it.o(i.BusFault_Handler)
    DebugMon_Handler                         0x08001e49   Thumb Code     2  stm32h7xx_it.o(i.DebugMon_Handler)
    EKF_init                                 0x08001e4d   Thumb Code    80  kalman.o(i.EKF_init)
    EKF_update                               0x08001ead   Thumb Code   624  kalman.o(i.EKF_update)
    Error_Handler                            0x08002125   Thumb Code     4  main.o(i.Error_Handler)
    Get_usTick                               0x08002129   Thumb Code     8  icm42688.o(i.Get_usTick)
    HAL_Delay                                0x08002135   Thumb Code    32  stm32h7xx_hal.o(i.HAL_Delay)
    HAL_GPIO_Init                            0x08002159   Thumb Code   506  stm32h7xx_hal_gpio.o(i.HAL_GPIO_Init)
    HAL_GPIO_TogglePin                       0x08002385   Thumb Code    16  stm32h7xx_hal_gpio.o(i.HAL_GPIO_TogglePin)
    HAL_GPIO_WritePin                        0x08002395   Thumb Code    10  stm32h7xx_hal_gpio.o(i.HAL_GPIO_WritePin)
    HAL_GetREVID                             0x080023a1   Thumb Code     8  stm32h7xx_hal.o(i.HAL_GetREVID)
    HAL_GetTick                              0x080023ad   Thumb Code     6  stm32h7xx_hal.o(i.HAL_GetTick)
    HAL_IncTick                              0x080023b9   Thumb Code    12  stm32h7xx_hal.o(i.HAL_IncTick)
    HAL_Init                                 0x080023c9   Thumb Code    74  stm32h7xx_hal.o(i.HAL_Init)
    HAL_InitTick                             0x08002425   Thumb Code    56  stm32h7xx_hal.o(i.HAL_InitTick)
    HAL_MspInit                              0x08002465   Thumb Code    22  stm32h7xx_hal_msp.o(i.HAL_MspInit)
    HAL_NVIC_SetPriority                     0x08002481   Thumb Code    60  stm32h7xx_hal_cortex.o(i.HAL_NVIC_SetPriority)
    HAL_NVIC_SetPriorityGrouping             0x080024c1   Thumb Code    28  stm32h7xx_hal_cortex.o(i.HAL_NVIC_SetPriorityGrouping)
    HAL_PWREx_ConfigSupply                   0x080024e5   Thumb Code    78  stm32h7xx_hal_pwr_ex.o(i.HAL_PWREx_ConfigSupply)
    HAL_RCCEx_GetD3PCLK1Freq                 0x08002539   Thumb Code    26  stm32h7xx_hal_rcc_ex.o(i.HAL_RCCEx_GetD3PCLK1Freq)
    HAL_RCCEx_GetPLL2ClockFreq               0x0800255d   Thumb Code   296  stm32h7xx_hal_rcc_ex.o(i.HAL_RCCEx_GetPLL2ClockFreq)
    HAL_RCCEx_GetPLL3ClockFreq               0x080026a1   Thumb Code   296  stm32h7xx_hal_rcc_ex.o(i.HAL_RCCEx_GetPLL3ClockFreq)
    HAL_RCCEx_PeriphCLKConfig                0x080027e5   Thumb Code  2472  stm32h7xx_hal_rcc_ex.o(i.HAL_RCCEx_PeriphCLKConfig)
    HAL_RCC_ClockConfig                      0x08003191   Thumb Code   580  stm32h7xx_hal_rcc.o(i.HAL_RCC_ClockConfig)
    HAL_RCC_GetHCLKFreq                      0x080033ed   Thumb Code    52  stm32h7xx_hal_rcc.o(i.HAL_RCC_GetHCLKFreq)
    HAL_RCC_GetPCLK1Freq                     0x08003431   Thumb Code    26  stm32h7xx_hal_rcc.o(i.HAL_RCC_GetPCLK1Freq)
    HAL_RCC_GetPCLK2Freq                     0x08003455   Thumb Code    26  stm32h7xx_hal_rcc.o(i.HAL_RCC_GetPCLK2Freq)
    HAL_RCC_GetSysClockFreq                  0x08003479   Thumb Code   278  stm32h7xx_hal_rcc.o(i.HAL_RCC_GetSysClockFreq)
    HAL_RCC_OscConfig                        0x080035b1   Thumb Code  1410  stm32h7xx_hal_rcc.o(i.HAL_RCC_OscConfig)
    HAL_SPI_Init                             0x08003b35   Thumb Code   366  stm32h7xx_hal_spi.o(i.HAL_SPI_Init)
    HAL_SPI_MspInit                          0x08003cb1   Thumb Code   142  spi.o(i.HAL_SPI_MspInit)
    HAL_SPI_Receive                          0x08003d4d   Thumb Code   470  stm32h7xx_hal_spi.o(i.HAL_SPI_Receive)
    HAL_SPI_Transmit                         0x08003f23   Thumb Code   590  stm32h7xx_hal_spi.o(i.HAL_SPI_Transmit)
    HAL_SYSTICK_Config                       0x08004171   Thumb Code    38  stm32h7xx_hal_cortex.o(i.HAL_SYSTICK_Config)
    HAL_TIMEx_MasterConfigSynchronization    0x08004199   Thumb Code   134  stm32h7xx_hal_tim_ex.o(i.HAL_TIMEx_MasterConfigSynchronization)
    HAL_TIM_Base_Init                        0x0800423d   Thumb Code    98  stm32h7xx_hal_tim.o(i.HAL_TIM_Base_Init)
    HAL_TIM_Base_MspInit                     0x080042a1   Thumb Code    30  tim.o(i.HAL_TIM_Base_MspInit)
    HAL_TIM_Base_Start                       0x080042c5   Thumb Code    96  stm32h7xx_hal_tim.o(i.HAL_TIM_Base_Start)
    HAL_TIM_ConfigClockSource                0x08004345   Thumb Code   248  stm32h7xx_hal_tim.o(i.HAL_TIM_ConfigClockSource)
    HAL_UARTEx_DisableFifoMode               0x08004441   Thumb Code    64  stm32h7xx_hal_uart_ex.o(i.HAL_UARTEx_DisableFifoMode)
    HAL_UARTEx_SetRxFifoThreshold            0x08004481   Thumb Code    76  stm32h7xx_hal_uart_ex.o(i.HAL_UARTEx_SetRxFifoThreshold)
    HAL_UARTEx_SetTxFifoThreshold            0x080044cd   Thumb Code    76  stm32h7xx_hal_uart_ex.o(i.HAL_UARTEx_SetTxFifoThreshold)
    HAL_UART_Init                            0x08004519   Thumb Code   106  stm32h7xx_hal_uart.o(i.HAL_UART_Init)
    HAL_UART_MspInit                         0x08004585   Thumb Code   122  usart.o(i.HAL_UART_MspInit)
    HAL_UART_Transmit                        0x0800460d   Thumb Code   176  stm32h7xx_hal_uart.o(i.HAL_UART_Transmit)
    HardFault_Handler                        0x080046bd   Thumb Code     2  stm32h7xx_it.o(i.HardFault_Handler)
    MX_GPIO_Init                             0x080046c1   Thumb Code   130  gpio.o(i.MX_GPIO_Init)
    MX_SPI1_Init                             0x08004751   Thumb Code    84  spi.o(i.MX_SPI1_Init)
    MX_TIM2_Init                             0x080047ad   Thumb Code    96  tim.o(i.MX_TIM2_Init)
    MX_USART1_UART_Init                      0x08004811   Thumb Code    94  usart.o(i.MX_USART1_UART_Init)
    MemManage_Handler                        0x08004879   Thumb Code     2  stm32h7xx_it.o(i.MemManage_Handler)
    Merge_Raw_Data                           0x0800487b   Thumb Code    38  icm42688.o(i.Merge_Raw_Data)
    NMI_Handler                              0x080048a1   Thumb Code     2  stm32h7xx_it.o(i.NMI_Handler)
    PendSV_Handler                           0x080048a3   Thumb Code     2  stm32h7xx_it.o(i.PendSV_Handler)
    Reset_usTick                             0x08004ae5   Thumb Code    10  icm42688.o(i.Reset_usTick)
    SVC_Handler                              0x08004bf7   Thumb Code     2  stm32h7xx_it.o(i.SVC_Handler)
    Start_usTick                             0x08004bf9   Thumb Code     6  icm42688.o(i.Start_usTick)
    SysTick_Handler                          0x08004c05   Thumb Code     4  stm32h7xx_it.o(i.SysTick_Handler)
    SystemClock_Config                       0x08004c09   Thumb Code   208  main.o(i.SystemClock_Config)
    SystemInit                               0x08004ce5   Thumb Code   180  system_stm32h7xx.o(i.SystemInit)
    TIM_Base_SetConfig                       0x08004dc1   Thumb Code   162  stm32h7xx_hal_tim.o(i.TIM_Base_SetConfig)
    TIM_ETR_SetConfig                        0x08004e85   Thumb Code    18  stm32h7xx_hal_tim.o(i.TIM_ETR_SetConfig)
    UART_AdvFeatureConfig                    0x08004f39   Thumb Code   200  stm32h7xx_hal_uart.o(i.UART_AdvFeatureConfig)
    UART_CheckIdleState                      0x08005001   Thumb Code   170  stm32h7xx_hal_uart.o(i.UART_CheckIdleState)
    UART_SetConfig                           0x08005101   Thumb Code   876  stm32h7xx_hal_uart.o(i.UART_SetConfig)
    UART_WaitOnFlagUntilTimeout              0x080054ad   Thumb Code   140  stm32h7xx_hal_uart.o(i.UART_WaitOnFlagUntilTimeout)
    UsageFault_Handler                       0x08005539   Thumb Code     2  stm32h7xx_it.o(i.UsageFault_Handler)
    Yaw_Bias_Calibration                     0x0800553d   Thumb Code    62  icm42688.o(i.Yaw_Bias_Calibration)
    __ARM_fpclassify                         0x0800558d   Thumb Code    48  fpclassify.o(i.__ARM_fpclassify)
    __ARM_fpclassifyf                        0x080055bd   Thumb Code    38  fpclassifyf.o(i.__ARM_fpclassifyf)
    __hardfp_atan2f                          0x08005605   Thumb Code   594  atan2f.o(i.__hardfp_atan2f)
    __hardfp_sqrtf                           0x080058b9   Thumb Code    58  sqrtf.o(i.__hardfp_sqrtf)
    __mathlib_flt_infnan2                    0x080058f3   Thumb Code     6  funder.o(i.__mathlib_flt_infnan2)
    __mathlib_flt_underflow                  0x080058f9   Thumb Code    10  funder.o(i.__mathlib_flt_underflow)
    _is_digit                                0x08005909   Thumb Code    14  __printf_wp.o(i._is_digit)
    icm42688_Init                            0x08005917   Thumb Code   230  icm42688.o(i.icm42688_Init)
    icm42688_getAcc_float                    0x080059fd   Thumb Code    78  icm42688.o(i.icm42688_getAcc_float)
    icm42688_getAccel                        0x08005a5d   Thumb Code    26  icm42688.o(i.icm42688_getAccel)
    icm42688_getGYRO                         0x08005a77   Thumb Code    26  icm42688.o(i.icm42688_getGYRO)
    icm42688_getGYRO_float                   0x08005a91   Thumb Code    78  icm42688.o(i.icm42688_getGYRO_float)
    icm42688_readMem                         0x08005af1   Thumb Code    66  icm42688.o(i.icm42688_readMem)
    icm42688_readReg                         0x08005b3d   Thumb Code    72  icm42688.o(i.icm42688_readReg)
    main                                     0x08005bc5   Thumb Code   184  main.o(i.main)
    myprintf                                 0x08005cad   Thumb Code    44  uart.o(i.myprintf)
    _get_lc_numeric                          0x08005cdd   Thumb Code    44  lc_numeric_c.o(locale$$code)
    _get_lc_ctype                            0x08005d09   Thumb Code    44  lc_ctype_c.o(locale$$code)
    _fp_init                                 0x08005d35   Thumb Code    10  fpinit.o(x$fpl$fpinit)
    __fplib_config_fpu_vfp                   0x08005d3d   Thumb Code     0  fpinit.o(x$fpl$fpinit)
    __fplib_config_pureend_doubles           0x08005d3d   Thumb Code     0  fpinit.o(x$fpl$fpinit)
    _printf_fp_dec                           0x08005d3f   Thumb Code     4  printf1.o(x$fpl$printf1)
    _printf_fp_hex                           0x08005d43   Thumb Code     4  printf2.o(x$fpl$printf2)
    UARTPrescTable                           0x08005d46   Data          24  stm32h7xx_hal_uart.o(.constdata)
    __I$use$fp                               0x08005d46   Number         0  usenofp.o(x$fpl$usenofp)
    D1CorePrescTable                         0x08005d6e   Data          16  system_stm32h7xx.o(.constdata)
    Region$$Table$$Base                      0x08005e7c   Number         0  anon$$obj.o(Region$$Table)
    Region$$Table$$Limit                     0x08005e9c   Number         0  anon$$obj.o(Region$$Table)
    __ctype                                  0x08005ec5   Data           0  lc_ctype_c.o(locale$$data)
    Kalman_para                              0x24000000   Data         100  main.o(.data)
    uwTickFreq                               0x24000064   Data           1  stm32h7xx_hal.o(.data)
    uwTickPrio                               0x24000068   Data           4  stm32h7xx_hal.o(.data)
    uwTick                                   0x2400006c   Data           4  stm32h7xx_hal.o(.data)
    SystemCoreClock                          0x24000070   Data           4  system_stm32h7xx.o(.data)
    SystemD2Clock                            0x24000074   Data           4  system_stm32h7xx.o(.data)
    hspi1                                    0x24000078   Data         136  spi.o(.bss)
    htim2                                    0x24000100   Data          76  tim.o(.bss)
    huart1                                   0x2400014c   Data         148  usart.o(.bss)
    __libspace_start                         0x240001e0   Data          96  libspace.o(.bss)
    __temporary_stack_top$libspace           0x24000240   Data           0  libspace.o(.bss)



==============================================================================

Memory Map of the image

  Image Entry point : 0x08000299

  Load Region LR_IROM1 (Base: 0x08000000, Size: 0x00006040, Max: 0x00020000, ABSOLUTE)

    Execution Region ER_IROM1 (Exec base: 0x08000000, Load base: 0x08000000, Size: 0x00005fc8, Max: 0x00020000, ABSOLUTE)

    Exec Addr    Load Addr    Size         Type   Attr      Idx    E Section Name        Object

    0x08000000   0x08000000   0x00000298   Data   RO            3    RESET               startup_stm32h750xx.o
    0x08000298   0x08000298   0x00000008   Code   RO         5002  * !!!main             c_w.l(__main.o)
    0x080002a0   0x080002a0   0x00000034   Code   RO         5447    !!!scatter          c_w.l(__scatter.o)
    0x080002d4   0x080002d4   0x0000001a   Code   RO         5449    !!handler_copy      c_w.l(__scatter_copy.o)
    0x080002ee   0x080002ee   0x00000002   PAD
    0x080002f0   0x080002f0   0x0000001c   Code   RO         5451    !!handler_zi        c_w.l(__scatter_zi.o)
    0x0800030c   0x0800030c   0x00000000   Code   RO         5142    .ARM.Collect$$_printf_percent$$00000000  c_w.l(_printf_percent.o)
    0x0800030c   0x0800030c   0x00000006   Code   RO         5131    .ARM.Collect$$_printf_percent$$00000001  c_w.l(_printf_n.o)
    0x08000312   0x08000312   0x00000006   Code   RO         5133    .ARM.Collect$$_printf_percent$$00000002  c_w.l(_printf_p.o)
    0x08000318   0x08000318   0x00000006   Code   RO         5138    .ARM.Collect$$_printf_percent$$00000003  c_w.l(_printf_f.o)
    0x0800031e   0x0800031e   0x00000006   Code   RO         5139    .ARM.Collect$$_printf_percent$$00000004  c_w.l(_printf_e.o)
    0x08000324   0x08000324   0x00000006   Code   RO         5140    .ARM.Collect$$_printf_percent$$00000005  c_w.l(_printf_g.o)
    0x0800032a   0x0800032a   0x00000006   Code   RO         5141    .ARM.Collect$$_printf_percent$$00000006  c_w.l(_printf_a.o)
    0x08000330   0x08000330   0x0000000a   Code   RO         5146    .ARM.Collect$$_printf_percent$$00000007  c_w.l(_printf_ll.o)
    0x0800033a   0x0800033a   0x00000006   Code   RO         5135    .ARM.Collect$$_printf_percent$$00000008  c_w.l(_printf_i.o)
    0x08000340   0x08000340   0x00000006   Code   RO         5136    .ARM.Collect$$_printf_percent$$00000009  c_w.l(_printf_d.o)
    0x08000346   0x08000346   0x00000006   Code   RO         5137    .ARM.Collect$$_printf_percent$$0000000A  c_w.l(_printf_u.o)
    0x0800034c   0x0800034c   0x00000006   Code   RO         5134    .ARM.Collect$$_printf_percent$$0000000B  c_w.l(_printf_o.o)
    0x08000352   0x08000352   0x00000006   Code   RO         5132    .ARM.Collect$$_printf_percent$$0000000C  c_w.l(_printf_x.o)
    0x08000358   0x08000358   0x00000006   Code   RO         5143    .ARM.Collect$$_printf_percent$$0000000D  c_w.l(_printf_lli.o)
    0x0800035e   0x0800035e   0x00000006   Code   RO         5144    .ARM.Collect$$_printf_percent$$0000000E  c_w.l(_printf_lld.o)
    0x08000364   0x08000364   0x00000006   Code   RO         5145    .ARM.Collect$$_printf_percent$$0000000F  c_w.l(_printf_llu.o)
    0x0800036a   0x0800036a   0x00000006   Code   RO         5150    .ARM.Collect$$_printf_percent$$00000010  c_w.l(_printf_llo.o)
    0x08000370   0x08000370   0x00000006   Code   RO         5151    .ARM.Collect$$_printf_percent$$00000011  c_w.l(_printf_llx.o)
    0x08000376   0x08000376   0x0000000a   Code   RO         5147    .ARM.Collect$$_printf_percent$$00000012  c_w.l(_printf_l.o)
    0x08000380   0x08000380   0x00000006   Code   RO         5129    .ARM.Collect$$_printf_percent$$00000013  c_w.l(_printf_c.o)
    0x08000386   0x08000386   0x00000006   Code   RO         5130    .ARM.Collect$$_printf_percent$$00000014  c_w.l(_printf_s.o)
    0x0800038c   0x0800038c   0x00000006   Code   RO         5148    .ARM.Collect$$_printf_percent$$00000015  c_w.l(_printf_lc.o)
    0x08000392   0x08000392   0x00000006   Code   RO         5149    .ARM.Collect$$_printf_percent$$00000016  c_w.l(_printf_ls.o)
    0x08000398   0x08000398   0x00000004   Code   RO         5251    .ARM.Collect$$_printf_percent$$00000017  c_w.l(_printf_percent_end.o)
    0x0800039c   0x0800039c   0x00000002   Code   RO         5311    .ARM.Collect$$libinit$$00000000  c_w.l(libinit.o)
    0x0800039e   0x0800039e   0x00000004   Code   RO         5327    .ARM.Collect$$libinit$$00000001  c_w.l(libinit2.o)
    0x080003a2   0x080003a2   0x00000000   Code   RO         5330    .ARM.Collect$$libinit$$00000004  c_w.l(libinit2.o)
    0x080003a2   0x080003a2   0x00000000   Code   RO         5333    .ARM.Collect$$libinit$$0000000A  c_w.l(libinit2.o)
    0x080003a2   0x080003a2   0x00000000   Code   RO         5335    .ARM.Collect$$libinit$$0000000C  c_w.l(libinit2.o)
    0x080003a2   0x080003a2   0x00000000   Code   RO         5337    .ARM.Collect$$libinit$$0000000E  c_w.l(libinit2.o)
    0x080003a2   0x080003a2   0x00000006   Code   RO         5338    .ARM.Collect$$libinit$$0000000F  c_w.l(libinit2.o)
    0x080003a8   0x080003a8   0x00000000   Code   RO         5340    .ARM.Collect$$libinit$$00000011  c_w.l(libinit2.o)
    0x080003a8   0x080003a8   0x0000000c   Code   RO         5341    .ARM.Collect$$libinit$$00000012  c_w.l(libinit2.o)
    0x080003b4   0x080003b4   0x00000000   Code   RO         5342    .ARM.Collect$$libinit$$00000013  c_w.l(libinit2.o)
    0x080003b4   0x080003b4   0x00000000   Code   RO         5344    .ARM.Collect$$libinit$$00000015  c_w.l(libinit2.o)
    0x080003b4   0x080003b4   0x0000000a   Code   RO         5345    .ARM.Collect$$libinit$$00000016  c_w.l(libinit2.o)
    0x080003be   0x080003be   0x00000000   Code   RO         5346    .ARM.Collect$$libinit$$00000017  c_w.l(libinit2.o)
    0x080003be   0x080003be   0x00000000   Code   RO         5348    .ARM.Collect$$libinit$$00000019  c_w.l(libinit2.o)
    0x080003be   0x080003be   0x00000000   Code   RO         5350    .ARM.Collect$$libinit$$0000001B  c_w.l(libinit2.o)
    0x080003be   0x080003be   0x00000000   Code   RO         5352    .ARM.Collect$$libinit$$0000001D  c_w.l(libinit2.o)
    0x080003be   0x080003be   0x00000000   Code   RO         5354    .ARM.Collect$$libinit$$0000001F  c_w.l(libinit2.o)
    0x080003be   0x080003be   0x00000000   Code   RO         5356    .ARM.Collect$$libinit$$00000021  c_w.l(libinit2.o)
    0x080003be   0x080003be   0x00000000   Code   RO         5358    .ARM.Collect$$libinit$$00000023  c_w.l(libinit2.o)
    0x080003be   0x080003be   0x00000000   Code   RO         5360    .ARM.Collect$$libinit$$00000025  c_w.l(libinit2.o)
    0x080003be   0x080003be   0x00000000   Code   RO         5364    .ARM.Collect$$libinit$$0000002C  c_w.l(libinit2.o)
    0x080003be   0x080003be   0x00000000   Code   RO         5366    .ARM.Collect$$libinit$$0000002E  c_w.l(libinit2.o)
    0x080003be   0x080003be   0x00000000   Code   RO         5368    .ARM.Collect$$libinit$$00000030  c_w.l(libinit2.o)
    0x080003be   0x080003be   0x00000000   Code   RO         5370    .ARM.Collect$$libinit$$00000032  c_w.l(libinit2.o)
    0x080003be   0x080003be   0x00000002   Code   RO         5371    .ARM.Collect$$libinit$$00000033  c_w.l(libinit2.o)
    0x080003c0   0x080003c0   0x00000002   Code   RO         5402    .ARM.Collect$$libshutdown$$00000000  c_w.l(libshutdown.o)
    0x080003c2   0x080003c2   0x00000000   Code   RO         5428    .ARM.Collect$$libshutdown$$00000002  c_w.l(libshutdown2.o)
    0x080003c2   0x080003c2   0x00000000   Code   RO         5430    .ARM.Collect$$libshutdown$$00000004  c_w.l(libshutdown2.o)
    0x080003c2   0x080003c2   0x00000000   Code   RO         5432    .ARM.Collect$$libshutdown$$00000006  c_w.l(libshutdown2.o)
    0x080003c2   0x080003c2   0x00000000   Code   RO         5435    .ARM.Collect$$libshutdown$$00000009  c_w.l(libshutdown2.o)
    0x080003c2   0x080003c2   0x00000000   Code   RO         5438    .ARM.Collect$$libshutdown$$0000000C  c_w.l(libshutdown2.o)
    0x080003c2   0x080003c2   0x00000000   Code   RO         5440    .ARM.Collect$$libshutdown$$0000000E  c_w.l(libshutdown2.o)
    0x080003c2   0x080003c2   0x00000000   Code   RO         5443    .ARM.Collect$$libshutdown$$00000011  c_w.l(libshutdown2.o)
    0x080003c2   0x080003c2   0x00000002   Code   RO         5444    .ARM.Collect$$libshutdown$$00000012  c_w.l(libshutdown2.o)
    0x080003c4   0x080003c4   0x00000000   Code   RO         5052    .ARM.Collect$$rtentry$$00000000  c_w.l(__rtentry.o)
    0x080003c4   0x080003c4   0x00000000   Code   RO         5215    .ARM.Collect$$rtentry$$00000002  c_w.l(__rtentry2.o)
    0x080003c4   0x080003c4   0x00000006   Code   RO         5227    .ARM.Collect$$rtentry$$00000004  c_w.l(__rtentry4.o)
    0x080003ca   0x080003ca   0x00000000   Code   RO         5217    .ARM.Collect$$rtentry$$00000009  c_w.l(__rtentry2.o)
    0x080003ca   0x080003ca   0x00000004   Code   RO         5218    .ARM.Collect$$rtentry$$0000000A  c_w.l(__rtentry2.o)
    0x080003ce   0x080003ce   0x00000000   Code   RO         5220    .ARM.Collect$$rtentry$$0000000C  c_w.l(__rtentry2.o)
    0x080003ce   0x080003ce   0x00000008   Code   RO         5221    .ARM.Collect$$rtentry$$0000000D  c_w.l(__rtentry2.o)
    0x080003d6   0x080003d6   0x00000002   Code   RO         5314    .ARM.Collect$$rtexit$$00000000  c_w.l(rtexit.o)
    0x080003d8   0x080003d8   0x00000000   Code   RO         5375    .ARM.Collect$$rtexit$$00000002  c_w.l(rtexit2.o)
    0x080003d8   0x080003d8   0x00000004   Code   RO         5376    .ARM.Collect$$rtexit$$00000003  c_w.l(rtexit2.o)
    0x080003dc   0x080003dc   0x00000006   Code   RO         5377    .ARM.Collect$$rtexit$$00000004  c_w.l(rtexit2.o)
    0x080003e2   0x080003e2   0x00000002   PAD
    0x080003e4   0x080003e4   0x00000040   Code   RO            4    .text               startup_stm32h750xx.o
    0x08000424   0x08000424   0x000000ee   Code   RO         4990    .text               c_w.l(lludivv7m.o)
    0x08000512   0x08000512   0x00000002   PAD
    0x08000514   0x08000514   0x00000034   Code   RO         4992    .text               c_w.l(vsnprintf.o)
    0x08000548   0x08000548   0x0000003e   Code   RO         4994    .text               c_w.l(strlen.o)
    0x08000586   0x08000586   0x0000004e   Code   RO         4998    .text               c_w.l(rt_memclr_w.o)
    0x080005d4   0x080005d4   0x00000006   Code   RO         5000    .text               c_w.l(heapauxi.o)
    0x080005da   0x080005da   0x00000016   Code   RO         5057    .text               c_w.l(_rserrno.o)
    0x080005f0   0x080005f0   0x0000004e   Code   RO         5061    .text               c_w.l(_printf_pad.o)
    0x0800063e   0x0800063e   0x00000024   Code   RO         5063    .text               c_w.l(_printf_truncate.o)
    0x08000662   0x08000662   0x00000052   Code   RO         5065    .text               c_w.l(_printf_str.o)
    0x080006b4   0x080006b4   0x00000078   Code   RO         5067    .text               c_w.l(_printf_dec.o)
    0x0800072c   0x0800072c   0x00000028   Code   RO         5069    .text               c_w.l(_printf_charcount.o)
    0x08000754   0x08000754   0x00000030   Code   RO         5071    .text               c_w.l(_printf_char_common.o)
    0x08000784   0x08000784   0x0000000a   Code   RO         5073    .text               c_w.l(_sputc.o)
    0x0800078e   0x0800078e   0x00000010   Code   RO         5075    .text               c_w.l(_snputc.o)
    0x0800079e   0x0800079e   0x00000002   PAD
    0x080007a0   0x080007a0   0x000000bc   Code   RO         5077    .text               c_w.l(_printf_wctomb.o)
    0x0800085c   0x0800085c   0x0000007c   Code   RO         5080    .text               c_w.l(_printf_longlong_dec.o)
    0x080008d8   0x080008d8   0x00000070   Code   RO         5086    .text               c_w.l(_printf_oct_int_ll.o)
    0x08000948   0x08000948   0x00000094   Code   RO         5106    .text               c_w.l(_printf_hex_int_ll_ptr.o)
    0x080009dc   0x080009dc   0x00000188   Code   RO         5126    .text               c_w.l(__printf_flags_ss_wp.o)
    0x08000b64   0x08000b64   0x00000008   Code   RO         5234    .text               c_w.l(rt_errno_addr_intlibspace.o)
    0x08000b6c   0x08000b6c   0x0000008a   Code   RO         5236    .text               c_w.l(lludiv10.o)
    0x08000bf6   0x08000bf6   0x000000b2   Code   RO         5238    .text               c_w.l(_printf_intcommon.o)
    0x08000ca8   0x08000ca8   0x0000041e   Code   RO         5240    .text               c_w.l(_printf_fp_dec.o)
    0x080010c6   0x080010c6   0x00000002   PAD
    0x080010c8   0x080010c8   0x000002fc   Code   RO         5242    .text               c_w.l(_printf_fp_hex.o)
    0x080013c4   0x080013c4   0x0000002c   Code   RO         5247    .text               c_w.l(_printf_char.o)
    0x080013f0   0x080013f0   0x0000002c   Code   RO         5249    .text               c_w.l(_printf_wchar.o)
    0x0800141c   0x0800141c   0x00000040   Code   RO         5252    .text               c_w.l(_wcrtomb.o)
    0x0800145c   0x0800145c   0x00000008   Code   RO         5258    .text               c_w.l(libspace.o)
    0x08001464   0x08001464   0x0000004a   Code   RO         5261    .text               c_w.l(sys_stackheap_outer.o)
    0x080014ae   0x080014ae   0x00000002   PAD
    0x080014b0   0x080014b0   0x00000010   Code   RO         5263    .text               c_w.l(rt_ctype_table.o)
    0x080014c0   0x080014c0   0x00000008   Code   RO         5268    .text               c_w.l(rt_locale_intlibspace.o)
    0x080014c8   0x080014c8   0x00000080   Code   RO         5270    .text               c_w.l(_printf_fp_infnan.o)
    0x08001548   0x08001548   0x000000e4   Code   RO         5272    .text               c_w.l(bigflt0.o)
    0x0800162c   0x0800162c   0x00000012   Code   RO         5300    .text               c_w.l(exit.o)
    0x0800163e   0x0800163e   0x00000002   PAD
    0x08001640   0x08001640   0x00000068   Code   RO         5325    .text               c_w.l(strcmpv7m_pel.o)
    0x080016a8   0x080016a8   0x0000000c   Code   RO         5372    .text               c_w.l(sys_exit.o)
    0x080016b4   0x080016b4   0x00000002   Code   RO         5391    .text               c_w.l(use_no_semi.o)
    0x080016b6   0x080016b6   0x00000000   Code   RO         5393    .text               c_w.l(indicate_semi.o)
    0x080016b6   0x080016b6   0x0000003e   Code   RO         5275    CL$$btod_d2e        c_w.l(btod.o)
    0x080016f4   0x080016f4   0x00000046   Code   RO         5277    CL$$btod_d2e_denorm_low  c_w.l(btod.o)
    0x0800173a   0x0800173a   0x00000060   Code   RO         5276    CL$$btod_d2e_norm_op1  c_w.l(btod.o)
    0x0800179a   0x0800179a   0x00000338   Code   RO         5285    CL$$btod_div_common  c_w.l(btod.o)
    0x08001ad2   0x08001ad2   0x000000dc   Code   RO         5282    CL$$btod_e2e        c_w.l(btod.o)
    0x08001bae   0x08001bae   0x0000002a   Code   RO         5279    CL$$btod_ediv       c_w.l(btod.o)
    0x08001bd8   0x08001bd8   0x0000002a   Code   RO         5278    CL$$btod_emul       c_w.l(btod.o)
    0x08001c02   0x08001c02   0x00000244   Code   RO         5284    CL$$btod_mult_common  c_w.l(btod.o)
    0x08001e46   0x08001e46   0x00000002   Code   RO          359    i.BusFault_Handler  stm32h7xx_it.o
    0x08001e48   0x08001e48   0x00000002   Code   RO          360    i.DebugMon_Handler  stm32h7xx_it.o
    0x08001e4a   0x08001e4a   0x00000002   PAD
    0x08001e4c   0x08001e4c   0x00000060   Code   RO         4948    i.EKF_init          kalman.o
    0x08001eac   0x08001eac   0x00000278   Code   RO         4949    i.EKF_update        kalman.o
    0x08002124   0x08002124   0x00000004   Code   RO           13    i.Error_Handler     main.o
    0x08002128   0x08002128   0x0000000c   Code   RO         4749    i.Get_usTick        icm42688.o
    0x08002134   0x08002134   0x00000024   Code   RO         1933    i.HAL_Delay         stm32h7xx_hal.o
    0x08002158   0x08002158   0x0000022c   Code   RO         1072    i.HAL_GPIO_Init     stm32h7xx_hal_gpio.o
    0x08002384   0x08002384   0x00000010   Code   RO         1075    i.HAL_GPIO_TogglePin  stm32h7xx_hal_gpio.o
    0x08002394   0x08002394   0x0000000a   Code   RO         1076    i.HAL_GPIO_WritePin  stm32h7xx_hal_gpio.o
    0x0800239e   0x0800239e   0x00000002   PAD
    0x080023a0   0x080023a0   0x0000000c   Code   RO         1944    i.HAL_GetREVID      stm32h7xx_hal.o
    0x080023ac   0x080023ac   0x0000000c   Code   RO         1945    i.HAL_GetTick       stm32h7xx_hal.o
    0x080023b8   0x080023b8   0x00000010   Code   RO         1951    i.HAL_IncTick       stm32h7xx_hal.o
    0x080023c8   0x080023c8   0x0000005c   Code   RO         1952    i.HAL_Init          stm32h7xx_hal.o
    0x08002424   0x08002424   0x00000040   Code   RO         1953    i.HAL_InitTick      stm32h7xx_hal.o
    0x08002464   0x08002464   0x0000001c   Code   RO          434    i.HAL_MspInit       stm32h7xx_hal_msp.o
    0x08002480   0x08002480   0x00000040   Code   RO          470    i.HAL_NVIC_SetPriority  stm32h7xx_hal_cortex.o
    0x080024c0   0x080024c0   0x00000024   Code   RO          471    i.HAL_NVIC_SetPriorityGrouping  stm32h7xx_hal_cortex.o
    0x080024e4   0x080024e4   0x00000054   Code   RO         1673    i.HAL_PWREx_ConfigSupply  stm32h7xx_hal_pwr_ex.o
    0x08002538   0x08002538   0x00000024   Code   RO          715    i.HAL_RCCEx_GetD3PCLK1Freq  stm32h7xx_hal_rcc_ex.o
    0x0800255c   0x0800255c   0x00000144   Code   RO          717    i.HAL_RCCEx_GetPLL2ClockFreq  stm32h7xx_hal_rcc_ex.o
    0x080026a0   0x080026a0   0x00000144   Code   RO          718    i.HAL_RCCEx_GetPLL3ClockFreq  stm32h7xx_hal_rcc_ex.o
    0x080027e4   0x080027e4   0x000009ac   Code   RO          724    i.HAL_RCCEx_PeriphCLKConfig  stm32h7xx_hal_rcc_ex.o
    0x08003190   0x08003190   0x0000025c   Code   RO          600    i.HAL_RCC_ClockConfig  stm32h7xx_hal_rcc.o
    0x080033ec   0x080033ec   0x00000044   Code   RO          605    i.HAL_RCC_GetHCLKFreq  stm32h7xx_hal_rcc.o
    0x08003430   0x08003430   0x00000024   Code   RO          607    i.HAL_RCC_GetPCLK1Freq  stm32h7xx_hal_rcc.o
    0x08003454   0x08003454   0x00000024   Code   RO          608    i.HAL_RCC_GetPCLK2Freq  stm32h7xx_hal_rcc.o
    0x08003478   0x08003478   0x00000138   Code   RO          609    i.HAL_RCC_GetSysClockFreq  stm32h7xx_hal_rcc.o
    0x080035b0   0x080035b0   0x00000582   Code   RO          612    i.HAL_RCC_OscConfig  stm32h7xx_hal_rcc.o
    0x08003b32   0x08003b32   0x00000002   PAD
    0x08003b34   0x08003b34   0x0000017c   Code   RO         2847    i.HAL_SPI_Init      stm32h7xx_hal_spi.o
    0x08003cb0   0x08003cb0   0x0000009c   Code   RO          234    i.HAL_SPI_MspInit   spi.o
    0x08003d4c   0x08003d4c   0x000001d6   Code   RO         2850    i.HAL_SPI_Receive   stm32h7xx_hal_spi.o
    0x08003f22   0x08003f22   0x0000024e   Code   RO         2856    i.HAL_SPI_Transmit  stm32h7xx_hal_spi.o
    0x08004170   0x08004170   0x00000026   Code   RO          475    i.HAL_SYSTICK_Config  stm32h7xx_hal_cortex.o
    0x08004196   0x08004196   0x00000002   PAD
    0x08004198   0x08004198   0x000000a4   Code   RO         3903    i.HAL_TIMEx_MasterConfigSynchronization  stm32h7xx_hal_tim_ex.o
    0x0800423c   0x0800423c   0x00000062   Code   RO         3167    i.HAL_TIM_Base_Init  stm32h7xx_hal_tim.o
    0x0800429e   0x0800429e   0x00000002   PAD
    0x080042a0   0x080042a0   0x00000024   Code   RO          276    i.HAL_TIM_Base_MspInit  tim.o
    0x080042c4   0x080042c4   0x00000080   Code   RO         3170    i.HAL_TIM_Base_Start  stm32h7xx_hal_tim.o
    0x08004344   0x08004344   0x000000fc   Code   RO         3176    i.HAL_TIM_ConfigClockSource  stm32h7xx_hal_tim.o
    0x08004440   0x08004440   0x00000040   Code   RO         4592    i.HAL_UARTEx_DisableFifoMode  stm32h7xx_hal_uart_ex.o
    0x08004480   0x08004480   0x0000004c   Code   RO         4601    i.HAL_UARTEx_SetRxFifoThreshold  stm32h7xx_hal_uart_ex.o
    0x080044cc   0x080044cc   0x0000004c   Code   RO         4602    i.HAL_UARTEx_SetTxFifoThreshold  stm32h7xx_hal_uart_ex.o
    0x08004518   0x08004518   0x0000006a   Code   RO         4201    i.HAL_UART_Init     stm32h7xx_hal_uart.o
    0x08004582   0x08004582   0x00000002   PAD
    0x08004584   0x08004584   0x00000088   Code   RO          318    i.HAL_UART_MspInit  usart.o
    0x0800460c   0x0800460c   0x000000b0   Code   RO         4210    i.HAL_UART_Transmit  stm32h7xx_hal_uart.o
    0x080046bc   0x080046bc   0x00000002   Code   RO          361    i.HardFault_Handler  stm32h7xx_it.o
    0x080046be   0x080046be   0x00000002   PAD
    0x080046c0   0x080046c0   0x00000090   Code   RO          209    i.MX_GPIO_Init      gpio.o
    0x08004750   0x08004750   0x0000005c   Code   RO          235    i.MX_SPI1_Init      spi.o
    0x080047ac   0x080047ac   0x00000064   Code   RO          277    i.MX_TIM2_Init      tim.o
    0x08004810   0x08004810   0x00000068   Code   RO          319    i.MX_USART1_UART_Init  usart.o
    0x08004878   0x08004878   0x00000002   Code   RO          362    i.MemManage_Handler  stm32h7xx_it.o
    0x0800487a   0x0800487a   0x00000026   Code   RO         4750    i.Merge_Raw_Data    icm42688.o
    0x080048a0   0x080048a0   0x00000002   Code   RO          363    i.NMI_Handler       stm32h7xx_it.o
    0x080048a2   0x080048a2   0x00000002   Code   RO          364    i.PendSV_Handler    stm32h7xx_it.o
    0x080048a4   0x080048a4   0x00000120   Code   RO          727    i.RCCEx_PLL2_Config  stm32h7xx_hal_rcc_ex.o
    0x080049c4   0x080049c4   0x00000120   Code   RO          728    i.RCCEx_PLL3_Config  stm32h7xx_hal_rcc_ex.o
    0x08004ae4   0x08004ae4   0x00000010   Code   RO         4754    i.Reset_usTick      icm42688.o
    0x08004af4   0x08004af4   0x000000bc   Code   RO         2867    i.SPI_CloseTransfer  stm32h7xx_hal_spi.o
    0x08004bb0   0x08004bb0   0x00000046   Code   RO         2884    i.SPI_WaitOnFlagUntilTimeout  stm32h7xx_hal_spi.o
    0x08004bf6   0x08004bf6   0x00000002   Code   RO          365    i.SVC_Handler       stm32h7xx_it.o
    0x08004bf8   0x08004bf8   0x0000000c   Code   RO         4755    i.Start_usTick      icm42688.o
    0x08004c04   0x08004c04   0x00000004   Code   RO          366    i.SysTick_Handler   stm32h7xx_it.o
    0x08004c08   0x08004c08   0x000000dc   Code   RO           14    i.SystemClock_Config  main.o
    0x08004ce4   0x08004ce4   0x000000dc   Code   RO         4711    i.SystemInit        system_stm32h7xx.o
    0x08004dc0   0x08004dc0   0x000000c4   Code   RO         3260    i.TIM_Base_SetConfig  stm32h7xx_hal_tim.o
    0x08004e84   0x08004e84   0x00000012   Code   RO         3271    i.TIM_ETR_SetConfig  stm32h7xx_hal_tim.o
    0x08004e96   0x08004e96   0x00000002   PAD
    0x08004e98   0x08004e98   0x00000014   Code   RO         3272    i.TIM_ITRx_SetConfig  stm32h7xx_hal_tim.o
    0x08004eac   0x08004eac   0x00000022   Code   RO         3280    i.TIM_TI1_ConfigInputStage  stm32h7xx_hal_tim.o
    0x08004ece   0x08004ece   0x00000024   Code   RO         3282    i.TIM_TI2_ConfigInputStage  stm32h7xx_hal_tim.o
    0x08004ef2   0x08004ef2   0x00000002   PAD
    0x08004ef4   0x08004ef4   0x00000044   Code   RO         4606    i.UARTEx_SetNbDataToProcess  stm32h7xx_hal_uart_ex.o
    0x08004f38   0x08004f38   0x000000c8   Code   RO         4215    i.UART_AdvFeatureConfig  stm32h7xx_hal_uart.o
    0x08005000   0x08005000   0x000000aa   Code   RO         4216    i.UART_CheckIdleState  stm32h7xx_hal_uart.o
    0x080050aa   0x080050aa   0x00000002   PAD
    0x080050ac   0x080050ac   0x00000054   Code   RO         4227    i.UART_EndRxTransfer  stm32h7xx_hal_uart.o
    0x08005100   0x08005100   0x000003ac   Code   RO         4233    i.UART_SetConfig    stm32h7xx_hal_uart.o
    0x080054ac   0x080054ac   0x0000008c   Code   RO         4240    i.UART_WaitOnFlagUntilTimeout  stm32h7xx_hal_uart.o
    0x08005538   0x08005538   0x00000002   Code   RO          367    i.UsageFault_Handler  stm32h7xx_it.o
    0x0800553a   0x0800553a   0x00000002   PAD
    0x0800553c   0x0800553c   0x00000050   Code   RO         4758    i.Yaw_Bias_Calibration  icm42688.o
    0x0800558c   0x0800558c   0x00000030   Code   RO         5254    i.__ARM_fpclassify  m_wv.l(fpclassify.o)
    0x080055bc   0x080055bc   0x00000026   Code   RO         5197    i.__ARM_fpclassifyf  m_wv.l(fpclassifyf.o)
    0x080055e2   0x080055e2   0x00000022   Code   RO          477    i.__NVIC_SetPriority  stm32h7xx_hal_cortex.o
    0x08005604   0x08005604   0x000002b4   Code   RO         5016    i.__hardfp_atan2f   m_wv.l(atan2f.o)
    0x080058b8   0x080058b8   0x0000003a   Code   RO         5040    i.__hardfp_sqrtf    m_wv.l(sqrtf.o)
    0x080058f2   0x080058f2   0x00000006   Code   RO         5201    i.__mathlib_flt_infnan2  m_wv.l(funder.o)
    0x080058f8   0x080058f8   0x00000010   Code   RO         5205    i.__mathlib_flt_underflow  m_wv.l(funder.o)
    0x08005908   0x08005908   0x0000000e   Code   RO         5119    i._is_digit         c_w.l(__printf_wp.o)
    0x08005916   0x08005916   0x000000e6   Code   RO         4760    i.icm42688_Init     icm42688.o
    0x080059fc   0x080059fc   0x00000060   Code   RO         4761    i.icm42688_getAcc_float  icm42688.o
    0x08005a5c   0x08005a5c   0x0000001a   Code   RO         4762    i.icm42688_getAccel  icm42688.o
    0x08005a76   0x08005a76   0x0000001a   Code   RO         4764    i.icm42688_getGYRO  icm42688.o
    0x08005a90   0x08005a90   0x00000060   Code   RO         4765    i.icm42688_getGYRO_float  icm42688.o
    0x08005af0   0x08005af0   0x0000004c   Code   RO         4766    i.icm42688_readMem  icm42688.o
    0x08005b3c   0x08005b3c   0x00000050   Code   RO         4767    i.icm42688_readReg  icm42688.o
    0x08005b8c   0x08005b8c   0x00000038   Code   RO         4769    i.icm42688_writeReg  icm42688.o
    0x08005bc4   0x08005bc4   0x000000e8   Code   RO           15    i.main              main.o
    0x08005cac   0x08005cac   0x00000030   Code   RO         4912    i.myprintf          uart.o
    0x08005cdc   0x08005cdc   0x0000002c   Code   RO         5298    locale$$code        c_w.l(lc_numeric_c.o)
    0x08005d08   0x08005d08   0x0000002c   Code   RO         5319    locale$$code        c_w.l(lc_ctype_c.o)
    0x08005d34   0x08005d34   0x0000000a   Code   RO         5387    x$fpl$fpinit        fz_wv.l(fpinit.o)
    0x08005d3e   0x08005d3e   0x00000004   Code   RO         5154    x$fpl$printf1       fz_wv.l(printf1.o)
    0x08005d42   0x08005d42   0x00000004   Code   RO         5156    x$fpl$printf2       fz_wv.l(printf2.o)
    0x08005d46   0x08005d46   0x00000000   Code   RO         5162    x$fpl$usenofp       fz_wv.l(usenofp.o)
    0x08005d46   0x08005d46   0x00000018   Data   RO         4241    .constdata          stm32h7xx_hal_uart.o
    0x08005d5e   0x08005d5e   0x00000010   Data   RO         4607    .constdata          stm32h7xx_hal_uart_ex.o
    0x08005d6e   0x08005d6e   0x00000010   Data   RO         4712    .constdata          system_stm32h7xx.o
    0x08005d7e   0x08005d7e   0x00000002   PAD
    0x08005d80   0x08005d80   0x00000008   Data   RO         5078    .constdata          c_w.l(_printf_wctomb.o)
    0x08005d88   0x08005d88   0x00000028   Data   RO         5107    .constdata          c_w.l(_printf_hex_int_ll_ptr.o)
    0x08005db0   0x08005db0   0x00000011   Data   RO         5127    .constdata          c_w.l(__printf_flags_ss_wp.o)
    0x08005dc1   0x08005dc1   0x00000026   Data   RO         5243    .constdata          c_w.l(_printf_fp_hex.o)
    0x08005de7   0x08005de7   0x00000001   PAD
    0x08005de8   0x08005de8   0x00000094   Data   RO         5273    .constdata          c_w.l(bigflt0.o)
    0x08005e7c   0x08005e7c   0x00000020   Data   RO         5445    Region$$Table       anon$$obj.o
    0x08005e9c   0x08005e9c   0x0000001c   Data   RO         5297    locale$$data        c_w.l(lc_numeric_c.o)
    0x08005eb8   0x08005eb8   0x00000110   Data   RO         5318    locale$$data        c_w.l(lc_ctype_c.o)


    Execution Region RW_IRAM1 (Exec base: 0x20000000, Load base: 0x08005fc8, Size: 0x00000000, Max: 0x00020000, ABSOLUTE)

    **** No section assigned to this execution region ****


    Execution Region RW_IRAM2 (Exec base: 0x24000000, Load base: 0x08005fc8, Size: 0x00000840, Max: 0x00080000, ABSOLUTE)

    Exec Addr    Load Addr    Size         Type   Attr      Idx    E Section Name        Object

    0x24000000   0x08005fc8   0x00000064   Data   RW           18    .data               main.o
    0x24000064   0x0800602c   0x0000000c   Data   RW         1974    .data               stm32h7xx_hal.o
    0x24000070   0x08006038   0x00000008   Data   RW         4713    .data               system_stm32h7xx.o
    0x24000078        -       0x00000088   Zero   RW          236    .bss                spi.o
    0x24000100        -       0x0000004c   Zero   RW          278    .bss                tim.o
    0x2400014c        -       0x00000094   Zero   RW          320    .bss                usart.o
    0x240001e0        -       0x00000060   Zero   RW         5259    .bss                c_w.l(libspace.o)
    0x24000240        -       0x00000200   Zero   RW            2    HEAP                startup_stm32h750xx.o
    0x24000440        -       0x00000400   Zero   RW            1    STACK               startup_stm32h750xx.o


==============================================================================

Image component sizes


      Code (inc. data)   RO Data    RW Data    ZI Data      Debug   Object Name

       144         14          0          0          0       1059   gpio.o
       844         96          0          0          0      14619   icm42688.o
       728         24          0          0          0       8840   kalman.o
       456         60          0        100          0    1315222   main.o
       248         22          0          0        136       1925   spi.o
        64         26        664          0       1536        848   startup_stm32h750xx.o
       232         44          0         12          0      23488   stm32h7xx_hal.o
       172         12          0          0          0      38954   stm32h7xx_hal_cortex.o
       582         50          0          0          0       2981   stm32h7xx_hal_gpio.o
        28          6          0          0          0        946   stm32h7xx_hal_msp.o
        84          6          0          0          0        793   stm32h7xx_hal_pwr_ex.o
      2466        102          0          0          0       7212   stm32h7xx_hal_rcc.o
      3736        118          0          0          0       7925   stm32h7xx_hal_rcc_ex.o
      1698         14          0          0          0       6440   stm32h7xx_hal_spi.o
       782         82          0          0          0       7220   stm32h7xx_hal_tim.o
       164         30          0          0          0       1588   stm32h7xx_hal_tim_ex.o
      1816        112         24          0          0      26958   stm32h7xx_hal_uart.o
       284          6         16          0          0       3841   stm32h7xx_hal_uart_ex.o
        20          0          0          0          0       4214   stm32h7xx_it.o
       220         40         16          8          0       1522   system_stm32h7xx.o
       136         10          0          0         76       1830   tim.o
        48          4          0          0          0        635   uart.o
       240         24          0          0        148       1962   usart.o

    ----------------------------------------------------------------------
     15214        902        754        120       1896    1481022   Object Totals
         0          0         32          0          0          0   (incl. Generated)
        22          0          2          0          0          0   (incl. Padding)

    ----------------------------------------------------------------------

      Code (inc. data)   RO Data    RW Data    ZI Data      Debug   Library Member Name

         8          0          0          0          0         68   __main.o
       392          4         17          0          0         92   __printf_flags_ss_wp.o
        14          0          0          0          0         68   __printf_wp.o
         0          0          0          0          0          0   __rtentry.o
        12          0          0          0          0          0   __rtentry2.o
         6          0          0          0          0          0   __rtentry4.o
        52          8          0          0          0          0   __scatter.o
        26          0          0          0          0          0   __scatter_copy.o
        28          0          0          0          0          0   __scatter_zi.o
         6          0          0          0          0          0   _printf_a.o
         6          0          0          0          0          0   _printf_c.o
        44          0          0          0          0        108   _printf_char.o
        48          6          0          0          0         96   _printf_char_common.o
        40          0          0          0          0         68   _printf_charcount.o
         6          0          0          0          0          0   _printf_d.o
       120         16          0          0          0         92   _printf_dec.o
         6          0          0          0          0          0   _printf_e.o
         6          0          0          0          0          0   _printf_f.o
      1054          0          0          0          0        216   _printf_fp_dec.o
       764          8         38          0          0        100   _printf_fp_hex.o
       128         16          0          0          0         84   _printf_fp_infnan.o
         6          0          0          0          0          0   _printf_g.o
       148          4         40          0          0        160   _printf_hex_int_ll_ptr.o
         6          0          0          0          0          0   _printf_i.o
       178          0          0          0          0         88   _printf_intcommon.o
        10          0          0          0          0          0   _printf_l.o
         6          0          0          0          0          0   _printf_lc.o
        10          0          0          0          0          0   _printf_ll.o
         6          0          0          0          0          0   _printf_lld.o
         6          0          0          0          0          0   _printf_lli.o
         6          0          0          0          0          0   _printf_llo.o
         6          0          0          0          0          0   _printf_llu.o
         6          0          0          0          0          0   _printf_llx.o
       124         16          0          0          0         92   _printf_longlong_dec.o
         6          0          0          0          0          0   _printf_ls.o
         6          0          0          0          0          0   _printf_n.o
         6          0          0          0          0          0   _printf_o.o
       112         10          0          0          0        124   _printf_oct_int_ll.o
         6          0          0          0          0          0   _printf_p.o
        78          0          0          0          0        108   _printf_pad.o
         0          0          0          0          0          0   _printf_percent.o
         4          0          0          0          0          0   _printf_percent_end.o
         6          0          0          0          0          0   _printf_s.o
        82          0          0          0          0         80   _printf_str.o
        36          0          0          0          0         84   _printf_truncate.o
         6          0          0          0          0          0   _printf_u.o
        44          0          0          0          0        108   _printf_wchar.o
       188          6          8          0          0         92   _printf_wctomb.o
         6          0          0          0          0          0   _printf_x.o
        22          0          0          0          0        100   _rserrno.o
        16          0          0          0          0         68   _snputc.o
        10          0          0          0          0         68   _sputc.o
        64          0          0          0          0         92   _wcrtomb.o
       228          4        148          0          0         96   bigflt0.o
      1936        128          0          0          0        672   btod.o
        18          0          0          0          0         80   exit.o
         6          0          0          0          0        152   heapauxi.o
         0          0          0          0          0          0   indicate_semi.o
        44         10        272          0          0         76   lc_ctype_c.o
        44         10         28          0          0         76   lc_numeric_c.o
         2          0          0          0          0          0   libinit.o
        34          0          0          0          0          0   libinit2.o
         2          0          0          0          0          0   libshutdown.o
         2          0          0          0          0          0   libshutdown2.o
         8          4          0          0         96         68   libspace.o
       138          0          0          0          0         80   lludiv10.o
       238          0          0          0          0        100   lludivv7m.o
        16          4          0          0          0         76   rt_ctype_table.o
         8          4          0          0          0         68   rt_errno_addr_intlibspace.o
         8          4          0          0          0         68   rt_locale_intlibspace.o
        78          0          0          0          0         80   rt_memclr_w.o
         2          0          0          0          0          0   rtexit.o
        10          0          0          0          0          0   rtexit2.o
       104          0          0          0          0         68   strcmpv7m_pel.o
        62          0          0          0          0         76   strlen.o
        12          4          0          0          0         68   sys_exit.o
        74          0          0          0          0         80   sys_stackheap_outer.o
         2          0          0          0          0         68   use_no_semi.o
        52          4          0          0          0         80   vsnprintf.o
        10          0          0          0          0        116   fpinit.o
         4          0          0          0          0        116   printf1.o
         4          0          0          0          0        116   printf2.o
         0          0          0          0          0          0   usenofp.o
       692         98          0          0          0        208   atan2f.o
        48          0          0          0          0        124   fpclassify.o
        38          0          0          0          0        116   fpclassifyf.o
        22          6          0          0          0        232   funder.o
        58          0          0          0          0        136   sqrtf.o

    ----------------------------------------------------------------------
      8000        374        552          0         96       5552   Library Totals
        14          0          1          0          0          0   (incl. Padding)

    ----------------------------------------------------------------------

      Code (inc. data)   RO Data    RW Data    ZI Data      Debug   Library Name

      7110        270        551          0         96       4388   c_w.l
        18          0          0          0          0        348   fz_wv.l
       858        104          0          0          0        816   m_wv.l

    ----------------------------------------------------------------------
      8000        374        552          0         96       5552   Library Totals

    ----------------------------------------------------------------------

==============================================================================


      Code (inc. data)   RO Data    RW Data    ZI Data      Debug   

     23214       1276       1306        120       1992    1475682   Grand Totals
     23214       1276       1306        120       1992    1475682   ELF Image Totals
     23214       1276       1306        120          0          0   ROM Totals

==============================================================================

    Total RO  Size (Code + RO Data)                24520 (  23.95kB)
    Total RW  Size (RW Data + ZI Data)              2112 (   2.06kB)
    Total ROM Size (Code + RO Data + RW Data)      24640 (  24.06kB)

==============================================================================

