<html>
<body>
<pre>
<h1>µVision Build Log</h1>
<h2>Tool Versions:</h2>
IDE-Version: ¦ÌVision V5.39.0.0
Copyright (C) 2023 ARM Ltd and ARM Germany GmbH. All rights reserved.
License Information: - 1096743423@qq.com, -, LIC=03C6R-KFL7S-GKRBG-V7YQX-AVNYG-R117F
 
Tool Versions:
Toolchain:       MDK-ARM Plus  Version: 5.39.0.0
Toolchain Path:  D:\Hardware\MDK\Core\ARM\ARMCC\Bin
C Compiler:      Armcc.exe V5.06 update 7 (build 960)
Assembler:       Armasm.exe V5.06 update 7 (build 960)
Linker/Locator:  ArmLink.exe V5.06 update 7 (build 960)
Library Manager: ArmAr.exe V5.06 update 7 (build 960)
Hex Converter:   FromElf.exe V5.06 update 7 (build 960)
CPU DLL:         SARMCM3.DLL V5.39.0.0
Dialog DLL:      DCM.DLL V1.17.5.0
Target DLL:      CMSIS_AGDI.dll V1.33.16.0
Dialog DLL:      TCM.DLL V1.56.4.0
 
<h2>Project:</h2>
D:\git\Const_IMU\1.Firmware\STM32H750VBT6\MDK-ARM\STM32H750VBT6.uvprojx
Project File Date:  10/29/2024

<h2>Output:</h2>
*** Using Compiler 'V5.06 update 7 (build 960)', folder: 'D:\Hardware\MDK\Core\ARM\ARMCC\Bin'
Build target 'STM32H750VBT6'
assembling startup_stm32h750xx.s...
compiling stm32h7xx_hal_msp.c...
compiling spi.c...
compiling gpio.c...
compiling usart.c...
compiling tim.c...
compiling stm32h7xx_it.c...
compiling main.c...
compiling stm32h7xx_hal_cortex.c...
compiling stm32h7xx_hal_flash_ex.c...
compiling stm32h7xx_hal_flash.c...
compiling stm32h7xx_hal_gpio.c...
compiling stm32h7xx_hal_rcc_ex.c...
compiling stm32h7xx_hal_hsem.c...
compiling stm32h7xx_hal_rcc.c...
compiling stm32h7xx_hal_dma_ex.c...
compiling stm32h7xx_hal_dma.c...
compiling stm32h7xx_hal_mdma.c...
compiling stm32h7xx_hal_pwr.c...
compiling stm32h7xx_hal_i2c_ex.c...
compiling stm32h7xx_hal.c...
compiling stm32h7xx_hal_pwr_ex.c...
compiling stm32h7xx_hal_exti.c...
compiling stm32h7xx_hal_i2c.c...
compiling stm32h7xx_hal_spi.c...
compiling stm32h7xx_hal_spi_ex.c...
compiling stm32h7xx_hal_tim_ex.c...
compiling system_stm32h7xx.c...
compiling icm42688.c...
compiling stm32h7xx_hal_uart_ex.c...
compiling stm32h7xx_hal_uart.c...
compiling stm32h7xx_hal_tim.c...
compiling uart.c...
compiling kalman.c...
linking...
Program Size: Code=23214 RO-data=1306 RW-data=120 ZI-data=1992  
FromELF: creating hex file...
"STM32H750VBT6\STM32H750VBT6.axf" - 0 Error(s), 0 Warning(s).

<h2>Software Packages used:</h2>

Package Vendor: ARM
                http://www.keil.com/pack/ARM.CMSIS.5.9.0.pack
                ARM::CMSIS@5.9.0
                CMSIS (Common Microcontroller Software Interface Standard)
   * Component: CORE Version: 5.6.0

Package Vendor: Keil
                https://www.keil.com/pack/Keil.STM32H7xx_DFP.4.0.0.pack
                Keil::STM32H7xx_DFP@4.0.0
                STMicroelectronics STM32H7 Series Device Support

<h2>Collection of Component include folders:</h2>
  ./RTE/_STM32H750VBT6
  D:/Hardware/MDK/Packs/ARM/CMSIS/5.9.0/CMSIS/Core/Include

<h2>Collection of Component Files used:</h2>

   * Component: ARM::CMSIS:CORE@5.6.0
      Include file:  CMSIS/Core/Include/tz_context.h
Build Time Elapsed:  00:03:35
</pre>
</body>
</html>
