Component: ARM Compiler 5.06 update 7 (build 960) Tool: armlink [4d3601]

==============================================================================

Section Cross References

    startup_stm32h750xx.o(STACK) refers (Special) to heapauxi.o(.text) for __use_two_region_memory
    startup_stm32h750xx.o(HEAP) refers (Special) to heapauxi.o(.text) for __use_two_region_memory
    startup_stm32h750xx.o(RESET) refers (Special) to heapauxi.o(.text) for __use_two_region_memory
    startup_stm32h750xx.o(RESET) refers to startup_stm32h750xx.o(STACK) for __initial_sp
    startup_stm32h750xx.o(RESET) refers to startup_stm32h750xx.o(.text) for Reset_Handler
    startup_stm32h750xx.o(RESET) refers to stm32h7xx_it.o(i.NMI_Handler) for NMI_Handler
    startup_stm32h750xx.o(RESET) refers to stm32h7xx_it.o(i.HardFault_Handler) for HardFault_Handler
    startup_stm32h750xx.o(RESET) refers to stm32h7xx_it.o(i.MemManage_Handler) for MemManage_Handler
    startup_stm32h750xx.o(RESET) refers to stm32h7xx_it.o(i.BusFault_Handler) for BusFault_Handler
    startup_stm32h750xx.o(RESET) refers to stm32h7xx_it.o(i.UsageFault_Handler) for UsageFault_Handler
    startup_stm32h750xx.o(RESET) refers to stm32h7xx_it.o(i.SVC_Handler) for SVC_Handler
    startup_stm32h750xx.o(RESET) refers to stm32h7xx_it.o(i.DebugMon_Handler) for DebugMon_Handler
    startup_stm32h750xx.o(RESET) refers to stm32h7xx_it.o(i.PendSV_Handler) for PendSV_Handler
    startup_stm32h750xx.o(RESET) refers to stm32h7xx_it.o(i.SysTick_Handler) for SysTick_Handler
    startup_stm32h750xx.o(RESET) refers to stm32h7xx_it.o(i.OTG_FS_IRQHandler) for OTG_FS_IRQHandler
    startup_stm32h750xx.o(.text) refers (Special) to heapauxi.o(.text) for __use_two_region_memory
    startup_stm32h750xx.o(.text) refers to system_stm32h7xx.o(i.SystemInit) for SystemInit
    startup_stm32h750xx.o(.text) refers to __main.o(!!!main) for __main
    startup_stm32h750xx.o(.text) refers to startup_stm32h750xx.o(HEAP) for Heap_Mem
    startup_stm32h750xx.o(.text) refers to startup_stm32h750xx.o(STACK) for Stack_Mem
    main.o(i.SystemClock_Config) refers to rt_memclr_w.o(.text) for __aeabi_memclr4
    main.o(i.SystemClock_Config) refers to stm32h7xx_hal_pwr_ex.o(i.HAL_PWREx_ConfigSupply) for HAL_PWREx_ConfigSupply
    main.o(i.SystemClock_Config) refers to stm32h7xx_hal_rcc.o(i.HAL_RCC_OscConfig) for HAL_RCC_OscConfig
    main.o(i.SystemClock_Config) refers to stm32h7xx_hal_rcc.o(i.HAL_RCC_ClockConfig) for HAL_RCC_ClockConfig
    main.o(i.main) refers to stm32h7xx_hal.o(i.HAL_Init) for HAL_Init
    main.o(i.main) refers to main.o(i.SystemClock_Config) for SystemClock_Config
    main.o(i.main) refers to gpio.o(i.MX_GPIO_Init) for MX_GPIO_Init
    main.o(i.main) refers to usart.o(i.MX_USART1_UART_Init) for MX_USART1_UART_Init
    main.o(i.main) refers to spi.o(i.MX_SPI1_Init) for MX_SPI1_Init
    main.o(i.main) refers to tim.o(i.MX_TIM2_Init) for MX_TIM2_Init
    main.o(i.main) refers to usb_device.o(i.MX_USB_DEVICE_Init) for MX_USB_DEVICE_Init
    main.o(i.main) refers to usbd_cdc_if.o(i.usb_printf) for usb_printf
    main.o(i.main) refers to icm42688.o(i.icm42688_Init) for icm42688_Init
    main.o(i.main) refers to kalman.o(i.EKF_init) for EKF_init
    main.o(i.main) refers to icm42688.o(i.Yaw_Bias_Calibration) for Yaw_Bias_Calibration
    main.o(i.main) refers to uart.o(i.myprintf) for myprintf
    main.o(i.main) refers to icm42688.o(i.Start_usTick) for Start_usTick
    main.o(i.main) refers to icm42688.o(i.Get_usTick) for Get_usTick
    main.o(i.main) refers to icm42688.o(i.icm42688_getGYRO_float) for icm42688_getGYRO_float
    main.o(i.main) refers to icm42688.o(i.icm42688_getAcc_float) for icm42688_getAcc_float
    main.o(i.main) refers to kalman.o(i.EKF_update) for EKF_update
    main.o(i.main) refers to icm42688.o(i.Reset_usTick) for Reset_usTick
    main.o(i.main) refers to stm32h7xx_hal_gpio.o(i.HAL_GPIO_TogglePin) for HAL_GPIO_TogglePin
    main.o(i.main) refers to stm32h7xx_hal.o(i.HAL_Delay) for HAL_Delay
    main.o(i.main) refers to main.o(.data) for .data
    gpio.o(i.MX_GPIO_Init) refers to rt_memclr_w.o(.text) for __aeabi_memclr4
    gpio.o(i.MX_GPIO_Init) refers to stm32h7xx_hal_gpio.o(i.HAL_GPIO_WritePin) for HAL_GPIO_WritePin
    gpio.o(i.MX_GPIO_Init) refers to stm32h7xx_hal_gpio.o(i.HAL_GPIO_Init) for HAL_GPIO_Init
    spi.o(i.HAL_SPI_MspDeInit) refers to stm32h7xx_hal_gpio.o(i.HAL_GPIO_DeInit) for HAL_GPIO_DeInit
    spi.o(i.HAL_SPI_MspInit) refers to rt_memclr_w.o(.text) for __aeabi_memclr4
    spi.o(i.HAL_SPI_MspInit) refers to stm32h7xx_hal_rcc_ex.o(i.HAL_RCCEx_PeriphCLKConfig) for HAL_RCCEx_PeriphCLKConfig
    spi.o(i.HAL_SPI_MspInit) refers to main.o(i.Error_Handler) for Error_Handler
    spi.o(i.HAL_SPI_MspInit) refers to stm32h7xx_hal_gpio.o(i.HAL_GPIO_Init) for HAL_GPIO_Init
    spi.o(i.MX_SPI1_Init) refers to stm32h7xx_hal_spi.o(i.HAL_SPI_Init) for HAL_SPI_Init
    spi.o(i.MX_SPI1_Init) refers to main.o(i.Error_Handler) for Error_Handler
[...]
    TIM6_DAC_IRQHandler                      0x0800043f   Thumb Code     0  startup_stm32h750xx.o(.text)
    TIM7_IRQHandler                          0x0800043f   Thumb Code     0  startup_stm32h750xx.o(.text)
    TIM8_BRK_TIM12_IRQHandler                0x0800043f   Thumb Code     0  startup_stm32h750xx.o(.text)
    TIM8_CC_IRQHandler                       0x0800043f   Thumb Code     0  startup_stm32h750xx.o(.text)
    TIM8_TRG_COM_TIM14_IRQHandler            0x0800043f   Thumb Code     0  startup_stm32h750xx.o(.text)
    TIM8_UP_TIM13_IRQHandler                 0x0800043f   Thumb Code     0  startup_stm32h750xx.o(.text)
    UART4_IRQHandler                         0x0800043f   Thumb Code     0  startup_stm32h750xx.o(.text)
    UART5_IRQHandler                         0x0800043f   Thumb Code     0  startup_stm32h750xx.o(.text)
    UART7_IRQHandler                         0x0800043f   Thumb Code     0  startup_stm32h750xx.o(.text)
    UART8_IRQHandler                         0x0800043f   Thumb Code     0  startup_stm32h750xx.o(.text)
    USART1_IRQHandler                        0x0800043f   Thumb Code     0  startup_stm32h750xx.o(.text)
    USART2_IRQHandler                        0x0800043f   Thumb Code     0  startup_stm32h750xx.o(.text)
    USART3_IRQHandler                        0x0800043f   Thumb Code     0  startup_stm32h750xx.o(.text)
    USART6_IRQHandler                        0x0800043f   Thumb Code     0  startup_stm32h750xx.o(.text)
    WAKEUP_PIN_IRQHandler                    0x0800043f   Thumb Code     0  startup_stm32h750xx.o(.text)
    WWDG_IRQHandler                          0x0800043f   Thumb Code     0  startup_stm32h750xx.o(.text)
    __user_initial_stackheap                 0x08000441   Thumb Code     0  startup_stm32h750xx.o(.text)
    __aeabi_uldivmod                         0x08000465   Thumb Code     0  lludivv7m.o(.text)
    _ll_udiv                                 0x08000465   Thumb Code   238  lludivv7m.o(.text)
    vsnprintf                                0x08000555   Thumb Code    48  vsnprintf.o(.text)
    strlen                                   0x08000589   Thumb Code    62  strlen.o(.text)
    __aeabi_memcpy4                          0x080005c7   Thumb Code     0  rt_memcpy_w.o(.text)
    __aeabi_memcpy8                          0x080005c7   Thumb Code     0  rt_memcpy_w.o(.text)
    __rt_memcpy_w                            0x080005c7   Thumb Code   100  rt_memcpy_w.o(.text)
    _memcpy_lastbytes_aligned                0x0800060f   Thumb Code     0  rt_memcpy_w.o(.text)
    __aeabi_memclr4                          0x0800062b   Thumb Code     0  rt_memclr_w.o(.text)
    __aeabi_memclr8                          0x0800062b   Thumb Code     0  rt_memclr_w.o(.text)
    __rt_memclr_w                            0x0800062b   Thumb Code    78  rt_memclr_w.o(.text)
    _memset_w                                0x0800062f   Thumb Code     0  rt_memclr_w.o(.text)
    __use_two_region_memory                  0x08000679   Thumb Code     2  heapauxi.o(.text)
    __rt_heap_escrow$2region                 0x0800067b   Thumb Code     2  heapauxi.o(.text)
    __rt_heap_expand$2region                 0x0800067d   Thumb Code     2  heapauxi.o(.text)
    __read_errno                             0x0800067f   Thumb Code    10  _rserrno.o(.text)
    __set_errno                              0x08000689   Thumb Code    12  _rserrno.o(.text)
    _printf_pre_padding                      0x08000695   Thumb Code    44  _printf_pad.o(.text)
    _printf_post_padding                     0x080006c1   Thumb Code    34  _printf_pad.o(.text)
    _printf_truncate_signed                  0x080006e3   Thumb Code    18  _printf_truncate.o(.text)
    _printf_truncate_unsigned                0x080006f5   Thumb Code    18  _printf_truncate.o(.text)
    _printf_str                              0x08000707   Thumb Code    82  _printf_str.o(.text)
    _printf_int_dec                          0x08000759   Thumb Code   104  _printf_dec.o(.text)
    _printf_charcount                        0x080007d1   Thumb Code    40  _printf_charcount.o(.text)
    _printf_char_common                      0x08000803   Thumb Code    32  _printf_char_common.o(.text)
    _sputc                                   0x08000829   Thumb Code    10  _sputc.o(.text)
    _snputc                                  0x08000833   Thumb Code    16  _snputc.o(.text)
    _printf_wctomb                           0x08000845   Thumb Code   182  _printf_wctomb.o(.text)
    _printf_longlong_dec                     0x08000901   Thumb Code   108  _printf_longlong_dec.o(.text)
    _printf_longlong_oct                     0x0800097d   Thumb Code    66  _printf_oct_int_ll.o(.text)
    _printf_int_oct                          0x080009bf   Thumb Code    24  _printf_oct_int_ll.o(.text)
    _printf_ll_oct                           0x080009d7   Thumb Code    12  _printf_oct_int_ll.o(.text)
    _printf_longlong_hex                     0x080009ed   Thumb Code    86  _printf_hex_int_ll_ptr.o(.text)
    _printf_int_hex                          0x08000a43   Thumb Code    28  _printf_hex_int_ll_ptr.o(.text)
    _printf_ll_hex                           0x08000a5f   Thumb Code    12  _printf_hex_int_ll_ptr.o(.text)
    _printf_hex_ptr                          0x08000a6b   Thumb Code    18  _printf_hex_int_ll_ptr.o(.text)
    __printf                                 0x08000a81   Thumb Code   388  __printf_flags_ss_wp.o(.text)
    __aeabi_errno_addr                       0x08000c09   Thumb Code     8  rt_errno_addr_intlibspace.o(.text)
    __errno$intlibspace                      0x08000c09   Thumb Code     0  rt_errno_addr_intlibspace.o(.text)
    __rt_errno_addr$intlibspace              0x08000c09   Thumb Code     0  rt_errno_addr_intlibspace.o(.text)
    _ll_udiv10                               0x08000c11   Thumb Code   138  lludiv10.o(.text)
    _printf_int_common                       0x08000c9b   Thumb Code   178  _printf_intcommon.o(.text)
    __lib_sel_fp_printf                      0x08000d4d   Thumb Code     2  _printf_fp_dec.o(.text)
    _printf_fp_dec_real                      0x08000eff   Thumb Code   620  _printf_fp_dec.o(.text)
    _printf_fp_hex_real                      0x0800116d   Thumb Code   756  _printf_fp_hex.o(.text)
    _printf_cs_common                        0x08001469   Thumb Code    20  _printf_char.o(.text)
    _printf_char                             0x0800147d   Thumb Code    16  _printf_char.o(.text)
    _printf_string                           0x0800148d   Thumb Code     8  _printf_char.o(.text)
    _printf_lcs_common                       0x08001495   Thumb Code    20  _printf_wchar.o(.text)
    _printf_wchar                            0x080014a9   Thumb Code    16  _printf_wchar.o(.text)
    _printf_wstring                          0x080014b9   Thumb Code     8  _printf_wchar.o(.text)
    _wcrtomb                                 0x080014c1   Thumb Code    64  _wcrtomb.o(.text)
    __user_libspace                          0x08001501   Thumb Code     8  libspace.o(.text)
    __user_perproc_libspace                  0x08001501   Thumb Code     0  libspace.o(.text)
    __user_perthread_libspace                0x08001501   Thumb Code     0  libspace.o(.text)
    __user_setup_stackheap                   0x08001509   Thumb Code    74  sys_stackheap_outer.o(.text)
    __rt_ctype_table                         0x08001555   Thumb Code    16  rt_ctype_table.o(.text)
    __rt_locale                              0x08001565   Thumb Code     8  rt_locale_intlibspace.o(.text)
    _printf_fp_infnan                        0x0800156d   Thumb Code   112  _printf_fp_infnan.o(.text)
    _btod_etento                             0x080015ed   Thumb Code   224  bigflt0.o(.text)
    exit                                     0x080016d1   Thumb Code    18  exit.o(.text)
    strcmp                                   0x080016e5   Thumb Code   104  strcmpv7m_pel.o(.text)
    _sys_exit                                0x0800174d   Thumb Code     8  sys_exit.o(.text)
    __I$use$semihosting                      0x08001759   Thumb Code     0  use_no_semi.o(.text)
    __use_no_semihosting_swi                 0x08001759   Thumb Code     2  use_no_semi.o(.text)
    __semihosting_library_function           0x0800175b   Thumb Code     0  indicate_semi.o(.text)
    _btod_d2e                                0x0800175b   Thumb Code    62  btod.o(CL$$btod_d2e)
    _d2e_denorm_low                          0x08001799   Thumb Code    70  btod.o(CL$$btod_d2e_denorm_low)
    _d2e_norm_op1                            0x080017df   Thumb Code    96  btod.o(CL$$btod_d2e_norm_op1)
    __btod_div_common                        0x0800183f   Thumb Code   696  btod.o(CL$$btod_div_common)
    _e2e                                     0x08001b77   Thumb Code   220  btod.o(CL$$btod_e2e)
    _btod_ediv                               0x08001c53   Thumb Code    42  btod.o(CL$$btod_ediv)
    _btod_emul                               0x08001c7d   Thumb Code    42  btod.o(CL$$btod_emul)
    __btod_mult_common                       0x08001ca7   Thumb Code   580  btod.o(CL$$btod_mult_common)
    BusFault_Handler                         0x08001eeb   Thumb Code     2  stm32h7xx_it.o(i.BusFault_Handler)
    CDC_Transmit_FS                          0x08001f35   Thumb Code    38  usbd_cdc_if.o(i.CDC_Transmit_FS)
    DebugMon_Handler                         0x08001f61   Thumb Code     2  stm32h7xx_it.o(i.DebugMon_Handler)
    EKF_init                                 0x08001f65   Thumb Code    88  kalman.o(i.EKF_init)
    EKF_update                               0x08001fcd   Thumb Code   624  kalman.o(i.EKF_update)
    Error_Handler                            0x08002245   Thumb Code     4  main.o(i.Error_Handler)
    Get_usTick                               0x08002249   Thumb Code     8  icm42688.o(i.Get_usTick)
    HAL_Delay                                0x08002255   Thumb Code    32  stm32h7xx_hal.o(i.HAL_Delay)
    HAL_GPIO_Init                            0x08002279   Thumb Code   506  stm32h7xx_hal_gpio.o(i.HAL_GPIO_Init)
    HAL_GPIO_TogglePin                       0x080024a5   Thumb Code    16  stm32h7xx_hal_gpio.o(i.HAL_GPIO_TogglePin)
    HAL_GPIO_WritePin                        0x080024b5   Thumb Code    10  stm32h7xx_hal_gpio.o(i.HAL_GPIO_WritePin)
    HAL_GetREVID                             0x080024c1   Thumb Code     8  stm32h7xx_hal.o(i.HAL_GetREVID)
    HAL_GetTick                              0x080024cd   Thumb Code     6  stm32h7xx_hal.o(i.HAL_GetTick)
    HAL_IncTick                              0x080024d9   Thumb Code    12  stm32h7xx_hal.o(i.HAL_IncTick)
    HAL_Init                                 0x080024e9   Thumb Code    74  stm32h7xx_hal.o(i.HAL_Init)
    HAL_InitTick                             0x08002545   Thumb Code    56  stm32h7xx_hal.o(i.HAL_InitTick)
    HAL_MspInit                              0x08002585   Thumb Code    22  stm32h7xx_hal_msp.o(i.HAL_MspInit)
    HAL_NVIC_EnableIRQ                       0x080025a1   Thumb Code    26  stm32h7xx_hal_cortex.o(i.HAL_NVIC_EnableIRQ)
    HAL_NVIC_SetPriority                     0x080025bd   Thumb Code    60  stm32h7xx_hal_cortex.o(i.HAL_NVIC_SetPriority)
    HAL_NVIC_SetPriorityGrouping             0x080025fd   Thumb Code    28  stm32h7xx_hal_cortex.o(i.HAL_NVIC_SetPriorityGrouping)
    HAL_PCDEx_ActivateLPM                    0x08002621   Thumb Code    34  stm32h7xx_hal_pcd_ex.o(i.HAL_PCDEx_ActivateLPM)
    HAL_PCDEx_LPM_Callback                   0x08002649   Thumb Code     2  stm32h7xx_hal_pcd_ex.o(i.HAL_PCDEx_LPM_Callback)
    HAL_PCDEx_SetRxFiFo                      0x0800264b   Thumb Code     8  stm32h7xx_hal_pcd_ex.o(i.HAL_PCDEx_SetRxFiFo)
    HAL_PCDEx_SetTxFiFo                      0x08002653   Thumb Code    70  stm32h7xx_hal_pcd_ex.o(i.HAL_PCDEx_SetTxFiFo)
    HAL_PCD_ConnectCallback                  0x08002699   Thumb Code     8  usbd_conf.o(i.HAL_PCD_ConnectCallback)
    HAL_PCD_DataInStageCallback              0x080026a1   Thumb Code    18  usbd_conf.o(i.HAL_PCD_DataInStageCallback)
    HAL_PCD_DataOutStageCallback             0x080026b3   Thumb Code    20  usbd_conf.o(i.HAL_PCD_DataOutStageCallback)
    HAL_PCD_DisconnectCallback               0x080026c7   Thumb Code     8  usbd_conf.o(i.HAL_PCD_DisconnectCallback)
    HAL_PCD_EP_Abort                         0x080026cf   Thumb Code    30  stm32h7xx_hal_pcd.o(i.HAL_PCD_EP_Abort)
    HAL_PCD_EP_Close                         0x080026ed   Thumb Code    76  stm32h7xx_hal_pcd.o(i.HAL_PCD_EP_Close)
    HAL_PCD_EP_ClrStall                      0x08002739   Thumb Code    92  stm32h7xx_hal_pcd.o(i.HAL_PCD_EP_ClrStall)
    HAL_PCD_EP_GetRxCount                    0x08002795   Thumb Code    18  stm32h7xx_hal_pcd.o(i.HAL_PCD_EP_GetRxCount)
    HAL_PCD_EP_Open                          0x080027a7   Thumb Code    96  stm32h7xx_hal_pcd.o(i.HAL_PCD_EP_Open)
    HAL_PCD_EP_Receive                       0x08002807   Thumb Code    52  stm32h7xx_hal_pcd.o(i.HAL_PCD_EP_Receive)
    HAL_PCD_EP_SetStall                      0x0800283b   Thumb Code   116  stm32h7xx_hal_pcd.o(i.HAL_PCD_EP_SetStall)
    HAL_PCD_EP_Transmit                      0x080028af   Thumb Code    52  stm32h7xx_hal_pcd.o(i.HAL_PCD_EP_Transmit)
    HAL_PCD_IRQHandler                       0x080028e5   Thumb Code  1436  stm32h7xx_hal_pcd.o(i.HAL_PCD_IRQHandler)
    HAL_PCD_ISOINIncompleteCallback          0x08002e81   Thumb Code     8  usbd_conf.o(i.HAL_PCD_ISOINIncompleteCallback)
    HAL_PCD_ISOOUTIncompleteCallback         0x08002e89   Thumb Code     8  usbd_conf.o(i.HAL_PCD_ISOOUTIncompleteCallback)
    HAL_PCD_Init                             0x08002e91   Thumb Code   242  stm32h7xx_hal_pcd.o(i.HAL_PCD_Init)
    HAL_PCD_MspInit                          0x08002f85   Thumb Code   148  usbd_conf.o(i.HAL_PCD_MspInit)
    HAL_PCD_ResetCallback                    0x08003025   Thumb Code    44  usbd_conf.o(i.HAL_PCD_ResetCallback)
    HAL_PCD_ResumeCallback                   0x08003051   Thumb Code     8  usbd_conf.o(i.HAL_PCD_ResumeCallback)
    HAL_PCD_SOFCallback                      0x08003059   Thumb Code     8  usbd_conf.o(i.HAL_PCD_SOFCallback)
    HAL_PCD_SetAddress                       0x08003061   Thumb Code    40  stm32h7xx_hal_pcd.o(i.HAL_PCD_SetAddress)
    HAL_PCD_SetupStageCallback               0x08003089   Thumb Code    14  usbd_conf.o(i.HAL_PCD_SetupStageCallback)
    HAL_PCD_Start                            0x08003097   Thumb Code    66  stm32h7xx_hal_pcd.o(i.HAL_PCD_Start)
    HAL_PCD_SuspendCallback                  0x080030d9   Thumb Code    44  usbd_conf.o(i.HAL_PCD_SuspendCallback)
    HAL_PWREx_ConfigSupply                   0x08003109   Thumb Code    78  stm32h7xx_hal_pwr_ex.o(i.HAL_PWREx_ConfigSupply)
    HAL_PWREx_EnableUSBVoltageDetector       0x0800315d   Thumb Code    12  stm32h7xx_hal_pwr_ex.o(i.HAL_PWREx_EnableUSBVoltageDetector)
    HAL_RCCEx_GetD3PCLK1Freq                 0x0800316d   Thumb Code    26  stm32h7xx_hal_rcc_ex.o(i.HAL_RCCEx_GetD3PCLK1Freq)
    HAL_RCCEx_GetPLL2ClockFreq               0x08003191   Thumb Code   296  stm32h7xx_hal_rcc_ex.o(i.HAL_RCCEx_GetPLL2ClockFreq)
    HAL_RCCEx_GetPLL3ClockFreq               0x080032d5   Thumb Code   296  stm32h7xx_hal_rcc_ex.o(i.HAL_RCCEx_GetPLL3ClockFreq)
    HAL_RCCEx_PeriphCLKConfig                0x08003419   Thumb Code  2472  stm32h7xx_hal_rcc_ex.o(i.HAL_RCCEx_PeriphCLKConfig)
    HAL_RCC_ClockConfig                      0x08003dc5   Thumb Code   580  stm32h7xx_hal_rcc.o(i.HAL_RCC_ClockConfig)
    HAL_RCC_GetHCLKFreq                      0x08004021   Thumb Code    52  stm32h7xx_hal_rcc.o(i.HAL_RCC_GetHCLKFreq)
    HAL_RCC_GetPCLK1Freq                     0x08004065   Thumb Code    26  stm32h7xx_hal_rcc.o(i.HAL_RCC_GetPCLK1Freq)
    HAL_RCC_GetPCLK2Freq                     0x08004089   Thumb Code    26  stm32h7xx_hal_rcc.o(i.HAL_RCC_GetPCLK2Freq)
    HAL_RCC_GetSysClockFreq                  0x080040ad   Thumb Code   278  stm32h7xx_hal_rcc.o(i.HAL_RCC_GetSysClockFreq)
    HAL_RCC_OscConfig                        0x080041e5   Thumb Code  1410  stm32h7xx_hal_rcc.o(i.HAL_RCC_OscConfig)
    HAL_SPI_Init                             0x08004769   Thumb Code   366  stm32h7xx_hal_spi.o(i.HAL_SPI_Init)
    HAL_SPI_MspInit                          0x080048e5   Thumb Code   142  spi.o(i.HAL_SPI_MspInit)
    HAL_SPI_Receive                          0x08004981   Thumb Code   470  stm32h7xx_hal_spi.o(i.HAL_SPI_Receive)
    HAL_SPI_Transmit                         0x08004b57   Thumb Code   590  stm32h7xx_hal_spi.o(i.HAL_SPI_Transmit)
    HAL_SYSTICK_Config                       0x08004da5   Thumb Code    38  stm32h7xx_hal_cortex.o(i.HAL_SYSTICK_Config)
    HAL_TIMEx_MasterConfigSynchronization    0x08004dcd   Thumb Code   134  stm32h7xx_hal_tim_ex.o(i.HAL_TIMEx_MasterConfigSynchronization)
    HAL_TIM_Base_Init                        0x08004e71   Thumb Code    98  stm32h7xx_hal_tim.o(i.HAL_TIM_Base_Init)
    HAL_TIM_Base_MspInit                     0x08004ed5   Thumb Code    30  tim.o(i.HAL_TIM_Base_MspInit)
    HAL_TIM_Base_Start                       0x08004ef9   Thumb Code    96  stm32h7xx_hal_tim.o(i.HAL_TIM_Base_Start)
    HAL_TIM_ConfigClockSource                0x08004f79   Thumb Code   248  stm32h7xx_hal_tim.o(i.HAL_TIM_ConfigClockSource)
    HAL_UARTEx_DisableFifoMode               0x08005075   Thumb Code    64  stm32h7xx_hal_uart_ex.o(i.HAL_UARTEx_DisableFifoMode)
    HAL_UARTEx_SetRxFifoThreshold            0x080050b5   Thumb Code    76  stm32h7xx_hal_uart_ex.o(i.HAL_UARTEx_SetRxFifoThreshold)
    HAL_UARTEx_SetTxFifoThreshold            0x08005101   Thumb Code    76  stm32h7xx_hal_uart_ex.o(i.HAL_UARTEx_SetTxFifoThreshold)
    HAL_UART_Init                            0x0800514d   Thumb Code   106  stm32h7xx_hal_uart.o(i.HAL_UART_Init)
    HAL_UART_MspInit                         0x080051b9   Thumb Code   122  usart.o(i.HAL_UART_MspInit)
    HAL_UART_Transmit                        0x08005241   Thumb Code   176  stm32h7xx_hal_uart.o(i.HAL_UART_Transmit)
    HardFault_Handler                        0x080052f1   Thumb Code     2  stm32h7xx_it.o(i.HardFault_Handler)
    MX_GPIO_Init                             0x0800532d   Thumb Code   130  gpio.o(i.MX_GPIO_Init)
    MX_SPI1_Init                             0x080053bd   Thumb Code    84  spi.o(i.MX_SPI1_Init)
    MX_TIM2_Init                             0x08005419   Thumb Code    96  tim.o(i.MX_TIM2_Init)
    MX_USART1_UART_Init                      0x0800547d   Thumb Code    94  usart.o(i.MX_USART1_UART_Init)
    MX_USB_DEVICE_Init                       0x080054e5   Thumb Code    66  usb_device.o(i.MX_USB_DEVICE_Init)
    MemManage_Handler                        0x08005539   Thumb Code     2  stm32h7xx_it.o(i.MemManage_Handler)
    Merge_Raw_Data                           0x0800553b   Thumb Code    38  icm42688.o(i.Merge_Raw_Data)
    NMI_Handler                              0x08005561   Thumb Code     2  stm32h7xx_it.o(i.NMI_Handler)
    OTG_FS_IRQHandler                        0x08005565   Thumb Code     6  stm32h7xx_it.o(i.OTG_FS_IRQHandler)
    PendSV_Handler                           0x080056df   Thumb Code     2  stm32h7xx_it.o(i.PendSV_Handler)
    Reset_usTick                             0x08005921   Thumb Code    10  icm42688.o(i.Reset_usTick)
    SVC_Handler                              0x08005a33   Thumb Code     2  stm32h7xx_it.o(i.SVC_Handler)
    Start_usTick                             0x08005a41   Thumb Code     6  icm42688.o(i.Start_usTick)
    SysTick_Handler                          0x08005a4d   Thumb Code     4  stm32h7xx_it.o(i.SysTick_Handler)
    SystemClock_Config                       0x08005a51   Thumb Code   212  main.o(i.SystemClock_Config)
    SystemInit                               0x08005b31   Thumb Code   180  system_stm32h7xx.o(i.SystemInit)
    TIM_Base_SetConfig                       0x08005c0d   Thumb Code   162  stm32h7xx_hal_tim.o(i.TIM_Base_SetConfig)
    TIM_ETR_SetConfig                        0x08005cd1   Thumb Code    18  stm32h7xx_hal_tim.o(i.TIM_ETR_SetConfig)
    UART_AdvFeatureConfig                    0x08005d85   Thumb Code   200  stm32h7xx_hal_uart.o(i.UART_AdvFeatureConfig)
    UART_CheckIdleState                      0x08005e4d   Thumb Code   170  stm32h7xx_hal_uart.o(i.UART_CheckIdleState)
    UART_SetConfig                           0x08005f4d   Thumb Code   876  stm32h7xx_hal_uart.o(i.UART_SetConfig)
    UART_WaitOnFlagUntilTimeout              0x080062f9   Thumb Code   140  stm32h7xx_hal_uart.o(i.UART_WaitOnFlagUntilTimeout)
    USBD_CDC_GetDeviceQualifierDescriptor    0x08006501   Thumb Code     8  usbd_cdc.o(i.USBD_CDC_GetDeviceQualifierDescriptor)
    USBD_CDC_ReceivePacket                   0x080066e9   Thumb Code    50  usbd_cdc.o(i.USBD_CDC_ReceivePacket)
    USBD_CDC_RegisterInterface               0x08006721   Thumb Code    22  usbd_cdc.o(i.USBD_CDC_RegisterInterface)
    USBD_CDC_SetRxBuffer                     0x08006737   Thumb Code    26  usbd_cdc.o(i.USBD_CDC_SetRxBuffer)
    USBD_CDC_SetTxBuffer                     0x08006751   Thumb Code    30  usbd_cdc.o(i.USBD_CDC_SetTxBuffer)
    USBD_CDC_TransmitPacket                  0x0800683d   Thumb Code    76  usbd_cdc.o(i.USBD_CDC_TransmitPacket)
    USBD_ClrClassConfig                      0x0800688d   Thumb Code    20  usbd_core.o(i.USBD_ClrClassConfig)
    USBD_CoreFindEP                          0x080068a1   Thumb Code     4  usbd_core.o(i.USBD_CoreFindEP)
    USBD_CoreFindIF                          0x080068a5   Thumb Code     4  usbd_core.o(i.USBD_CoreFindIF)
    USBD_CtlContinueRx                       0x080068a9   Thumb Code    16  usbd_ioreq.o(i.USBD_CtlContinueRx)
    USBD_CtlContinueSendData                 0x080068b9   Thumb Code    16  usbd_ioreq.o(i.USBD_CtlContinueSendData)
    USBD_CtlError                            0x080068c9   Thumb Code    22  usbd_ctlreq.o(i.USBD_CtlError)
    USBD_CtlPrepareRx                        0x080068df   Thumb Code    30  usbd_ioreq.o(i.USBD_CtlPrepareRx)
    USBD_CtlReceiveStatus                    0x080068fd   Thumb Code    22  usbd_ioreq.o(i.USBD_CtlReceiveStatus)
    USBD_CtlSendData                         0x08006913   Thumb Code    26  usbd_ioreq.o(i.USBD_CtlSendData)
    USBD_CtlSendStatus                       0x0800692d   Thumb Code    22  usbd_ioreq.o(i.USBD_CtlSendStatus)
    USBD_FS_ConfigStrDescriptor              0x08006945   Thumb Code    16  usbd_desc.o(i.USBD_FS_ConfigStrDescriptor)
    USBD_FS_DeviceDescriptor                 0x08006965   Thumb Code     8  usbd_desc.o(i.USBD_FS_DeviceDescriptor)
    USBD_FS_InterfaceStrDescriptor           0x08006971   Thumb Code    16  usbd_desc.o(i.USBD_FS_InterfaceStrDescriptor)
    USBD_FS_LangIDStrDescriptor              0x08006995   Thumb Code     8  usbd_desc.o(i.USBD_FS_LangIDStrDescriptor)
    USBD_FS_ManufacturerStrDescriptor        0x080069a1   Thumb Code    16  usbd_desc.o(i.USBD_FS_ManufacturerStrDescriptor)
    USBD_FS_ProductStrDescriptor             0x080069c9   Thumb Code    16  usbd_desc.o(i.USBD_FS_ProductStrDescriptor)
    USBD_FS_SerialStrDescriptor              0x080069f5   Thumb Code    50  usbd_desc.o(i.USBD_FS_SerialStrDescriptor)
    USBD_GetEpDesc                           0x08006b17   Thumb Code    58  usbd_core.o(i.USBD_GetEpDesc)
    USBD_GetNextDesc                         0x08006b51   Thumb Code    14  usbd_core.o(i.USBD_GetNextDesc)
    USBD_GetString                           0x08006b5f   Thumb Code    74  usbd_ctlreq.o(i.USBD_GetString)
    USBD_Get_USB_Status                      0x08006ba9   Thumb Code    24  usbd_conf.o(i.USBD_Get_USB_Status)
    USBD_Init                                0x08006bc1   Thumb Code    38  usbd_core.o(i.USBD_Init)
    USBD_LL_ClearStallEP                     0x08006be7   Thumb Code    18  usbd_conf.o(i.USBD_LL_ClearStallEP)
    USBD_LL_CloseEP                          0x08006bf9   Thumb Code    18  usbd_conf.o(i.USBD_LL_CloseEP)
    USBD_LL_DataInStage                      0x08006c0b   Thumb Code   184  usbd_core.o(i.USBD_LL_DataInStage)
    USBD_LL_DataOutStage                     0x08006cc3   Thumb Code   144  usbd_core.o(i.USBD_LL_DataOutStage)
    USBD_LL_DevConnected                     0x08006d53   Thumb Code     4  usbd_core.o(i.USBD_LL_DevConnected)
    USBD_LL_DevDisconnected                  0x08006d57   Thumb Code    32  usbd_core.o(i.USBD_LL_DevDisconnected)
    USBD_LL_GetRxDataSize                    0x08006d77   Thumb Code     8  usbd_conf.o(i.USBD_LL_GetRxDataSize)
    USBD_LL_Init                             0x08006d81   Thumb Code    90  usbd_conf.o(i.USBD_LL_Init)
    USBD_LL_IsStallEP                        0x08006de5   Thumb Code    32  usbd_conf.o(i.USBD_LL_IsStallEP)
    USBD_LL_IsoINIncomplete                  0x08006e05   Thumb Code    40  usbd_core.o(i.USBD_LL_IsoINIncomplete)
    USBD_LL_IsoOUTIncomplete                 0x08006e2d   Thumb Code    40  usbd_core.o(i.USBD_LL_IsoOUTIncomplete)
    USBD_LL_OpenEP                           0x08006e55   Thumb Code    24  usbd_conf.o(i.USBD_LL_OpenEP)
    USBD_LL_PrepareReceive                   0x08006e6d   Thumb Code    18  usbd_conf.o(i.USBD_LL_PrepareReceive)
    USBD_LL_Reset                            0x08006e7f   Thumb Code    94  usbd_core.o(i.USBD_LL_Reset)
    USBD_LL_Resume                           0x08006edd   Thumb Code    20  usbd_core.o(i.USBD_LL_Resume)
    USBD_LL_SOF                              0x08006ef1   Thumb Code    26  usbd_core.o(i.USBD_LL_SOF)
    USBD_LL_SetSpeed                         0x08006f0b   Thumb Code     6  usbd_core.o(i.USBD_LL_SetSpeed)
    USBD_LL_SetUSBAddress                    0x08006f11   Thumb Code    18  usbd_conf.o(i.USBD_LL_SetUSBAddress)
    USBD_LL_SetupStage                       0x08006f23   Thumb Code    96  usbd_core.o(i.USBD_LL_SetupStage)
    USBD_LL_StallEP                          0x08006f83   Thumb Code    18  usbd_conf.o(i.USBD_LL_StallEP)
    USBD_LL_Start                            0x08006f95   Thumb Code    18  usbd_conf.o(i.USBD_LL_Start)
    USBD_LL_Suspend                          0x08006fa7   Thumb Code    26  usbd_core.o(i.USBD_LL_Suspend)
    USBD_LL_Transmit                         0x08006fc1   Thumb Code    18  usbd_conf.o(i.USBD_LL_Transmit)
    USBD_ParseSetupRequest                   0x08006fd3   Thumb Code    42  usbd_ctlreq.o(i.USBD_ParseSetupRequest)
    USBD_RegisterClass                       0x08006ffd   Thumb Code    58  usbd_core.o(i.USBD_RegisterClass)
    USBD_SetClassConfig                      0x08007037   Thumb Code    20  usbd_core.o(i.USBD_SetClassConfig)
    USBD_Start                               0x08007109   Thumb Code     4  usbd_core.o(i.USBD_Start)
    USBD_StdDevReq                           0x0800710d   Thumb Code   302  usbd_ctlreq.o(i.USBD_StdDevReq)
    USBD_StdEPReq                            0x0800723b   Thumb Code   356  usbd_ctlreq.o(i.USBD_StdEPReq)
    USBD_StdItfReq                           0x0800739f   Thumb Code   116  usbd_ctlreq.o(i.USBD_StdItfReq)
    USBD_static_free                         0x08007413   Thumb Code     2  usbd_conf.o(i.USBD_static_free)
    USBD_static_malloc                       0x08007415   Thumb Code     4  usbd_conf.o(i.USBD_static_malloc)
    USB_ActivateEndpoint                     0x0800741d   Thumb Code   124  stm32h7xx_ll_usb.o(i.USB_ActivateEndpoint)
    USB_ActivateSetup                        0x0800749d   Thumb Code    28  stm32h7xx_ll_usb.o(i.USB_ActivateSetup)
    USB_CoreInit                             0x080074b9   Thumb Code   128  stm32h7xx_ll_usb.o(i.USB_CoreInit)
    USB_DeactivateEndpoint                   0x08007581   Thumb Code   194  stm32h7xx_ll_usb.o(i.USB_DeactivateEndpoint)
    USB_DevConnect                           0x0800764d   Thumb Code    28  stm32h7xx_ll_usb.o(i.USB_DevConnect)
    USB_DevDisconnect                        0x08007669   Thumb Code    28  stm32h7xx_ll_usb.o(i.USB_DevDisconnect)
    USB_DevInit                              0x08007685   Thumb Code   366  stm32h7xx_ll_usb.o(i.USB_DevInit)
    USB_DisableGlobalInt                     0x080077fd   Thumb Code    12  stm32h7xx_ll_usb.o(i.USB_DisableGlobalInt)
    USB_EP0_OutStart                         0x08007809   Thumb Code    84  stm32h7xx_ll_usb.o(i.USB_EP0_OutStart)
    USB_EPClearStall                         0x08007861   Thumb Code    88  stm32h7xx_ll_usb.o(i.USB_EPClearStall)
    USB_EPSetStall                           0x080078b9   Thumb Code    88  stm32h7xx_ll_usb.o(i.USB_EPSetStall)
    USB_EPStartXfer                          0x08007911   Thumb Code   562  stm32h7xx_ll_usb.o(i.USB_EPStartXfer)
    USB_EPStopXfer                           0x08007b49   Thumb Code   158  stm32h7xx_ll_usb.o(i.USB_EPStopXfer)
    USB_EnableGlobalInt                      0x08007be7   Thumb Code    12  stm32h7xx_ll_usb.o(i.USB_EnableGlobalInt)
    USB_FlushRxFifo                          0x08007bf5   Thumb Code    54  stm32h7xx_ll_usb.o(i.USB_FlushRxFifo)
    USB_FlushTxFifo                          0x08007c31   Thumb Code    58  stm32h7xx_ll_usb.o(i.USB_FlushTxFifo)
    USB_GetDevSpeed                          0x08007c71   Thumb Code    26  stm32h7xx_ll_usb.o(i.USB_GetDevSpeed)
    USB_GetMode                              0x08007c8b   Thumb Code     8  stm32h7xx_ll_usb.o(i.USB_GetMode)
    USB_ReadDevAllInEpInterrupt              0x08007c93   Thumb Code    14  stm32h7xx_ll_usb.o(i.USB_ReadDevAllInEpInterrupt)
    USB_ReadDevAllOutEpInterrupt             0x08007ca1   Thumb Code    14  stm32h7xx_ll_usb.o(i.USB_ReadDevAllOutEpInterrupt)
    USB_ReadDevInEPInterrupt                 0x08007caf   Thumb Code    36  stm32h7xx_ll_usb.o(i.USB_ReadDevInEPInterrupt)
    USB_ReadDevOutEPInterrupt                0x08007cd3   Thumb Code    16  stm32h7xx_ll_usb.o(i.USB_ReadDevOutEPInterrupt)
    USB_ReadInterrupts                       0x08007ce3   Thumb Code     8  stm32h7xx_ll_usb.o(i.USB_ReadInterrupts)
    USB_ReadPacket                           0x08007ceb   Thumb Code    64  stm32h7xx_ll_usb.o(i.USB_ReadPacket)
    USB_SetCurrentMode                       0x08007d2b   Thumb Code    94  stm32h7xx_ll_usb.o(i.USB_SetCurrentMode)
    USB_SetDevAddress                        0x08007d89   Thumb Code    34  stm32h7xx_ll_usb.o(i.USB_SetDevAddress)
    USB_SetTurnaroundTime                    0x08007dad   Thumb Code   158  stm32h7xx_ll_usb.o(i.USB_SetTurnaroundTime)
    USB_WritePacket                          0x08007e95   Thumb Code    40  stm32h7xx_ll_usb.o(i.USB_WritePacket)
    UsageFault_Handler                       0x08007ebd   Thumb Code     2  stm32h7xx_it.o(i.UsageFault_Handler)
    Yaw_Bias_Calibration                     0x08007ec1   Thumb Code    62  icm42688.o(i.Yaw_Bias_Calibration)
    __ARM_fpclassify                         0x08007f11   Thumb Code    48  fpclassify.o(i.__ARM_fpclassify)
    __ARM_fpclassifyf                        0x08007f41   Thumb Code    38  fpclassifyf.o(i.__ARM_fpclassifyf)
    __hardfp_atan2f                          0x08007f89   Thumb Code   594  atan2f.o(i.__hardfp_atan2f)
    __hardfp_sqrtf                           0x0800823d   Thumb Code    58  sqrtf.o(i.__hardfp_sqrtf)
    __mathlib_flt_infnan2                    0x08008277   Thumb Code     6  funder.o(i.__mathlib_flt_infnan2)
    __mathlib_flt_underflow                  0x0800827d   Thumb Code    10  funder.o(i.__mathlib_flt_underflow)
    _is_digit                                0x0800828d   Thumb Code    14  __printf_wp.o(i._is_digit)
    icm42688_Init                            0x0800829b   Thumb Code   230  icm42688.o(i.icm42688_Init)
    icm42688_getAcc_float                    0x08008381   Thumb Code    78  icm42688.o(i.icm42688_getAcc_float)
    icm42688_getAccel                        0x080083e1   Thumb Code    26  icm42688.o(i.icm42688_getAccel)
    icm42688_getGYRO                         0x080083fb   Thumb Code    26  icm42688.o(i.icm42688_getGYRO)
    icm42688_getGYRO_float                   0x08008415   Thumb Code    78  icm42688.o(i.icm42688_getGYRO_float)
    icm42688_readMem                         0x08008475   Thumb Code    66  icm42688.o(i.icm42688_readMem)
    icm42688_readReg                         0x080084c1   Thumb Code    72  icm42688.o(i.icm42688_readReg)
    main                                     0x08008549   Thumb Code   196  main.o(i.main)
    myprintf                                 0x0800864d   Thumb Code    44  uart.o(i.myprintf)
    usb_printf                               0x0800867d   Thumb Code    32  usbd_cdc_if.o(i.usb_printf)
    _get_lc_numeric                          0x080086a1   Thumb Code    44  lc_numeric_c.o(locale$$code)
    _get_lc_ctype                            0x080086cd   Thumb Code    44  lc_ctype_c.o(locale$$code)
    _fp_init                                 0x080086f9   Thumb Code    10  fpinit.o(x$fpl$fpinit)
    __fplib_config_fpu_vfp                   0x08008701   Thumb Code     0  fpinit.o(x$fpl$fpinit)
    __fplib_config_pureend_doubles           0x08008701   Thumb Code     0  fpinit.o(x$fpl$fpinit)
    _printf_fp_dec                           0x08008703   Thumb Code     4  printf1.o(x$fpl$printf1)
    _printf_fp_hex                           0x08008707   Thumb Code     4  printf2.o(x$fpl$printf2)
    UARTPrescTable                           0x0800870a   Data          24  stm32h7xx_hal_uart.o(.constdata)
    __I$use$fp                               0x0800870a   Number         0  usenofp.o(x$fpl$usenofp)
    D1CorePrescTable                         0x08008732   Data          16  system_stm32h7xx.o(.constdata)
    Region$$Table$$Base                      0x08008840   Number         0  anon$$obj.o(Region$$Table)
    Region$$Table$$Limit                     0x08008860   Number         0  anon$$obj.o(Region$$Table)
    __ctype                                  0x08008889   Data           0  lc_ctype_c.o(locale$$data)
    Kalman_para                              0x24000000   Data         100  main.o(.data)
    uwTickFreq                               0x24000064   Data           1  stm32h7xx_hal.o(.data)
    uwTickPrio                               0x24000068   Data           4  stm32h7xx_hal.o(.data)
    uwTick                                   0x2400006c   Data           4  stm32h7xx_hal.o(.data)
    SystemCoreClock                          0x24000070   Data           4  system_stm32h7xx.o(.data)
    SystemD2Clock                            0x24000074   Data           4  system_stm32h7xx.o(.data)
    FS_Desc                                  0x24000078   Data          28  usbd_desc.o(.data)
    USBD_LangIDDesc                          0x24000094   Data           4  usbd_desc.o(.data)
    USBD_FS_DeviceDesc                       0x24000098   Data          18  usbd_desc.o(.data)
    USBD_StringSerial                        0x240000ac   Data          26  usbd_desc.o(.data)
    USBD_Interface_fops_FS                   0x240000c8   Data          20  usbd_cdc_if.o(.data)
    USBD_CDC                                 0x24000134   Data          56  usbd_cdc.o(.data)
    hspi1                                    0x2400016c   Data         136  spi.o(.bss)
    htim2                                    0x240001f4   Data          76  tim.o(.bss)
    huart1                                   0x24000240   Data         148  usart.o(.bss)
    hUsbDeviceFS                             0x240002d4   Data         732  usb_device.o(.bss)
    USBD_StrDesc                             0x240005b0   Data         512  usbd_desc.o(.bss)
    UserRxBufferFS                           0x240007b0   Data        2048  usbd_cdc_if.o(.bss)
    UserTxBufferFS                           0x24000fb0   Data        2048  usbd_cdc_if.o(.bss)
    hpcd_USB_OTG_FS                          0x240019d0   Data        1292  usbd_conf.o(.bss)
    __libspace_start                         0x24001edc   Data          96  libspace.o(.bss)
    __temporary_stack_top$libspace           0x24001f3c   Data           0  libspace.o(.bss)



==============================================================================

Memory Map of the image

  Image Entry point : 0x08000299

  Load Region LR_IROM1 (Base: 0x08000000, Size: 0x00008af8, Max: 0x00020000, ABSOLUTE, COMPRESSED[0x00008a54])

    Execution Region ER_IROM1 (Exec base: 0x08000000, Load base: 0x08000000, Size: 0x0000898c, Max: 0x00020000, ABSOLUTE)

    Exec Addr    Load Addr    Size         Type   Attr      Idx    E Section Name        Object

    0x08000000   0x08000000   0x00000298   Data   RO            3    RESET               startup_stm32h750xx.o
    0x08000298   0x08000298   0x00000008   Code   RO         6470  * !!!main             c_w.l(__main.o)
    0x080002a0   0x080002a0   0x00000034   Code   RO         6915    !!!scatter          c_w.l(__scatter.o)
    0x080002d4   0x080002d4   0x0000005a   Code   RO         6913    !!dczerorl2         c_w.l(__dczerorl2.o)
    0x0800032e   0x0800032e   0x00000002   PAD
    0x08000330   0x08000330   0x0000001c   Code   RO         6917    !!handler_zi        c_w.l(__scatter_zi.o)
    0x0800034c   0x0800034c   0x00000000   Code   RO         6610    .ARM.Collect$$_printf_percent$$00000000  c_w.l(_printf_percent.o)
    0x0800034c   0x0800034c   0x00000006   Code   RO         6599    .ARM.Collect$$_printf_percent$$00000001  c_w.l(_printf_n.o)
    0x08000352   0x08000352   0x00000006   Code   RO         6601    .ARM.Collect$$_printf_percent$$00000002  c_w.l(_printf_p.o)
    0x08000358   0x08000358   0x00000006   Code   RO         6606    .ARM.Collect$$_printf_percent$$00000003  c_w.l(_printf_f.o)
    0x0800035e   0x0800035e   0x00000006   Code   RO         6607    .ARM.Collect$$_printf_percent$$00000004  c_w.l(_printf_e.o)
    0x08000364   0x08000364   0x00000006   Code   RO         6608    .ARM.Collect$$_printf_percent$$00000005  c_w.l(_printf_g.o)
    0x0800036a   0x0800036a   0x00000006   Code   RO         6609    .ARM.Collect$$_printf_percent$$00000006  c_w.l(_printf_a.o)
    0x08000370   0x08000370   0x0000000a   Code   RO         6614    .ARM.Collect$$_printf_percent$$00000007  c_w.l(_printf_ll.o)
    0x0800037a   0x0800037a   0x00000006   Code   RO         6603    .ARM.Collect$$_printf_percent$$00000008  c_w.l(_printf_i.o)
    0x08000380   0x08000380   0x00000006   Code   RO         6604    .ARM.Collect$$_printf_percent$$00000009  c_w.l(_printf_d.o)
    0x08000386   0x08000386   0x00000006   Code   RO         6605    .ARM.Collect$$_printf_percent$$0000000A  c_w.l(_printf_u.o)
    0x0800038c   0x0800038c   0x00000006   Code   RO         6602    .ARM.Collect$$_printf_percent$$0000000B  c_w.l(_printf_o.o)
    0x08000392   0x08000392   0x00000006   Code   RO         6600    .ARM.Collect$$_printf_percent$$0000000C  c_w.l(_printf_x.o)
    0x08000398   0x08000398   0x00000006   Code   RO         6611    .ARM.Collect$$_printf_percent$$0000000D  c_w.l(_printf_lli.o)
    0x0800039e   0x0800039e   0x00000006   Code   RO         6612    .ARM.Collect$$_printf_percent$$0000000E  c_w.l(_printf_lld.o)
    0x080003a4   0x080003a4   0x00000006   Code   RO         6613    .ARM.Collect$$_printf_percent$$0000000F  c_w.l(_printf_llu.o)
    0x080003aa   0x080003aa   0x00000006   Code   RO         6618    .ARM.Collect$$_printf_percent$$00000010  c_w.l(_printf_llo.o)
    0x080003b0   0x080003b0   0x00000006   Code   RO         6619    .ARM.Collect$$_printf_percent$$00000011  c_w.l(_printf_llx.o)
    0x080003b6   0x080003b6   0x0000000a   Code   RO         6615    .ARM.Collect$$_printf_percent$$00000012  c_w.l(_printf_l.o)
    0x080003c0   0x080003c0   0x00000006   Code   RO         6597    .ARM.Collect$$_printf_percent$$00000013  c_w.l(_printf_c.o)
    0x080003c6   0x080003c6   0x00000006   Code   RO         6598    .ARM.Collect$$_printf_percent$$00000014  c_w.l(_printf_s.o)
    0x080003cc   0x080003cc   0x00000006   Code   RO         6616    .ARM.Collect$$_printf_percent$$00000015  c_w.l(_printf_lc.o)
    0x080003d2   0x080003d2   0x00000006   Code   RO         6617    .ARM.Collect$$_printf_percent$$00000016  c_w.l(_printf_ls.o)
    0x080003d8   0x080003d8   0x00000004   Code   RO         6717    .ARM.Collect$$_printf_percent$$00000017  c_w.l(_printf_percent_end.o)
    0x080003dc   0x080003dc   0x00000002   Code   RO         6777    .ARM.Collect$$libinit$$00000000  c_w.l(libinit.o)
    0x080003de   0x080003de   0x00000004   Code   RO         6793    .ARM.Collect$$libinit$$00000001  c_w.l(libinit2.o)
    0x080003e2   0x080003e2   0x00000000   Code   RO         6796    .ARM.Collect$$libinit$$00000004  c_w.l(libinit2.o)
    0x080003e2   0x080003e2   0x00000000   Code   RO         6799    .ARM.Collect$$libinit$$0000000A  c_w.l(libinit2.o)
    0x080003e2   0x080003e2   0x00000000   Code   RO         6801    .ARM.Collect$$libinit$$0000000C  c_w.l(libinit2.o)
    0x080003e2   0x080003e2   0x00000000   Code   RO         6803    .ARM.Collect$$libinit$$0000000E  c_w.l(libinit2.o)
    0x080003e2   0x080003e2   0x00000006   Code   RO         6804    .ARM.Collect$$libinit$$0000000F  c_w.l(libinit2.o)
    0x080003e8   0x080003e8   0x00000000   Code   RO         6806    .ARM.Collect$$libinit$$00000011  c_w.l(libinit2.o)
    0x080003e8   0x080003e8   0x0000000c   Code   RO         6807    .ARM.Collect$$libinit$$00000012  c_w.l(libinit2.o)
    0x080003f4   0x080003f4   0x00000000   Code   RO         6808    .ARM.Collect$$libinit$$00000013  c_w.l(libinit2.o)
    0x080003f4   0x080003f4   0x00000000   Code   RO         6810    .ARM.Collect$$libinit$$00000015  c_w.l(libinit2.o)
    0x080003f4   0x080003f4   0x0000000a   Code   RO         6811    .ARM.Collect$$libinit$$00000016  c_w.l(libinit2.o)
    0x080003fe   0x080003fe   0x00000000   Code   RO         6812    .ARM.Collect$$libinit$$00000017  c_w.l(libinit2.o)
    0x080003fe   0x080003fe   0x00000000   Code   RO         6814    .ARM.Collect$$libinit$$00000019  c_w.l(libinit2.o)
    0x080003fe   0x080003fe   0x00000000   Code   RO         6816    .ARM.Collect$$libinit$$0000001B  c_w.l(libinit2.o)
    0x080003fe   0x080003fe   0x00000000   Code   RO         6818    .ARM.Collect$$libinit$$0000001D  c_w.l(libinit2.o)
    0x080003fe   0x080003fe   0x00000000   Code   RO         6820    .ARM.Collect$$libinit$$0000001F  c_w.l(libinit2.o)
    0x080003fe   0x080003fe   0x00000000   Code   RO         6822    .ARM.Collect$$libinit$$00000021  c_w.l(libinit2.o)
    0x080003fe   0x080003fe   0x00000000   Code   RO         6824    .ARM.Collect$$libinit$$00000023  c_w.l(libinit2.o)
    0x080003fe   0x080003fe   0x00000000   Code   RO         6826    .ARM.Collect$$libinit$$00000025  c_w.l(libinit2.o)
    0x080003fe   0x080003fe   0x00000000   Code   RO         6830    .ARM.Collect$$libinit$$0000002C  c_w.l(libinit2.o)
    0x080003fe   0x080003fe   0x00000000   Code   RO         6832    .ARM.Collect$$libinit$$0000002E  c_w.l(libinit2.o)
    0x080003fe   0x080003fe   0x00000000   Code   RO         6834    .ARM.Collect$$libinit$$00000030  c_w.l(libinit2.o)
    0x080003fe   0x080003fe   0x00000000   Code   RO         6836    .ARM.Collect$$libinit$$00000032  c_w.l(libinit2.o)
    0x080003fe   0x080003fe   0x00000002   Code   RO         6837    .ARM.Collect$$libinit$$00000033  c_w.l(libinit2.o)
    0x08000400   0x08000400   0x00000002   Code   RO         6868    .ARM.Collect$$libshutdown$$00000000  c_w.l(libshutdown.o)
    0x08000402   0x08000402   0x00000000   Code   RO         6894    .ARM.Collect$$libshutdown$$00000002  c_w.l(libshutdown2.o)
    0x08000402   0x08000402   0x00000000   Code   RO         6896    .ARM.Collect$$libshutdown$$00000004  c_w.l(libshutdown2.o)
    0x08000402   0x08000402   0x00000000   Code   RO         6898    .ARM.Collect$$libshutdown$$00000006  c_w.l(libshutdown2.o)
    0x08000402   0x08000402   0x00000000   Code   RO         6901    .ARM.Collect$$libshutdown$$00000009  c_w.l(libshutdown2.o)
    0x08000402   0x08000402   0x00000000   Code   RO         6904    .ARM.Collect$$libshutdown$$0000000C  c_w.l(libshutdown2.o)
    0x08000402   0x08000402   0x00000000   Code   RO         6906    .ARM.Collect$$libshutdown$$0000000E  c_w.l(libshutdown2.o)
    0x08000402   0x08000402   0x00000000   Code   RO         6909    .ARM.Collect$$libshutdown$$00000011  c_w.l(libshutdown2.o)
    0x08000402   0x08000402   0x00000002   Code   RO         6910    .ARM.Collect$$libshutdown$$00000012  c_w.l(libshutdown2.o)
    0x08000404   0x08000404   0x00000000   Code   RO         6520    .ARM.Collect$$rtentry$$00000000  c_w.l(__rtentry.o)
    0x08000404   0x08000404   0x00000000   Code   RO         6681    .ARM.Collect$$rtentry$$00000002  c_w.l(__rtentry2.o)
    0x08000404   0x08000404   0x00000006   Code   RO         6693    .ARM.Collect$$rtentry$$00000004  c_w.l(__rtentry4.o)
    0x0800040a   0x0800040a   0x00000000   Code   RO         6683    .ARM.Collect$$rtentry$$00000009  c_w.l(__rtentry2.o)
    0x0800040a   0x0800040a   0x00000004   Code   RO         6684    .ARM.Collect$$rtentry$$0000000A  c_w.l(__rtentry2.o)
    0x0800040e   0x0800040e   0x00000000   Code   RO         6686    .ARM.Collect$$rtentry$$0000000C  c_w.l(__rtentry2.o)
    0x0800040e   0x0800040e   0x00000008   Code   RO         6687    .ARM.Collect$$rtentry$$0000000D  c_w.l(__rtentry2.o)
    0x08000416   0x08000416   0x00000002   Code   RO         6780    .ARM.Collect$$rtexit$$00000000  c_w.l(rtexit.o)
    0x08000418   0x08000418   0x00000000   Code   RO         6841    .ARM.Collect$$rtexit$$00000002  c_w.l(rtexit2.o)
    0x08000418   0x08000418   0x00000004   Code   RO         6842    .ARM.Collect$$rtexit$$00000003  c_w.l(rtexit2.o)
    0x0800041c   0x0800041c   0x00000006   Code   RO         6843    .ARM.Collect$$rtexit$$00000004  c_w.l(rtexit2.o)
    0x08000422   0x08000422   0x00000002   PAD
    0x08000424   0x08000424   0x00000040   Code   RO            4    .text               startup_stm32h750xx.o
    0x08000464   0x08000464   0x000000ee   Code   RO         6456    .text               c_w.l(lludivv7m.o)
    0x08000552   0x08000552   0x00000002   PAD
    0x08000554   0x08000554   0x00000034   Code   RO         6458    .text               c_w.l(vsnprintf.o)
    0x08000588   0x08000588   0x0000003e   Code   RO         6460    .text               c_w.l(strlen.o)
    0x080005c6   0x080005c6   0x00000064   Code   RO         6464    .text               c_w.l(rt_memcpy_w.o)
    0x0800062a   0x0800062a   0x0000004e   Code   RO         6466    .text               c_w.l(rt_memclr_w.o)
    0x08000678   0x08000678   0x00000006   Code   RO         6468    .text               c_w.l(heapauxi.o)
    0x0800067e   0x0800067e   0x00000016   Code   RO         6525    .text               c_w.l(_rserrno.o)
    0x08000694   0x08000694   0x0000004e   Code   RO         6529    .text               c_w.l(_printf_pad.o)
    0x080006e2   0x080006e2   0x00000024   Code   RO         6531    .text               c_w.l(_printf_truncate.o)
    0x08000706   0x08000706   0x00000052   Code   RO         6533    .text               c_w.l(_printf_str.o)
    0x08000758   0x08000758   0x00000078   Code   RO         6535    .text               c_w.l(_printf_dec.o)
    0x080007d0   0x080007d0   0x00000028   Code   RO         6537    .text               c_w.l(_printf_charcount.o)
    0x080007f8   0x080007f8   0x00000030   Code   RO         6539    .text               c_w.l(_printf_char_common.o)
    0x08000828   0x08000828   0x0000000a   Code   RO         6541    .text               c_w.l(_sputc.o)
    0x08000832   0x08000832   0x00000010   Code   RO         6543    .text               c_w.l(_snputc.o)
    0x08000842   0x08000842   0x00000002   PAD
    0x08000844   0x08000844   0x000000bc   Code   RO         6545    .text               c_w.l(_printf_wctomb.o)
    0x08000900   0x08000900   0x0000007c   Code   RO         6548    .text               c_w.l(_printf_longlong_dec.o)
    0x0800097c   0x0800097c   0x00000070   Code   RO         6554    .text               c_w.l(_printf_oct_int_ll.o)
    0x080009ec   0x080009ec   0x00000094   Code   RO         6574    .text               c_w.l(_printf_hex_int_ll_ptr.o)
    0x08000a80   0x08000a80   0x00000188   Code   RO         6594    .text               c_w.l(__printf_flags_ss_wp.o)
    0x08000c08   0x08000c08   0x00000008   Code   RO         6700    .text               c_w.l(rt_errno_addr_intlibspace.o)
    0x08000c10   0x08000c10   0x0000008a   Code   RO         6702    .text               c_w.l(lludiv10.o)
    0x08000c9a   0x08000c9a   0x000000b2   Code   RO         6704    .text               c_w.l(_printf_intcommon.o)
    0x08000d4c   0x08000d4c   0x0000041e   Code   RO         6706    .text               c_w.l(_printf_fp_dec.o)
    0x0800116a   0x0800116a   0x00000002   PAD
    0x0800116c   0x0800116c   0x000002fc   Code   RO         6708    .text               c_w.l(_printf_fp_hex.o)
    0x08001468   0x08001468   0x0000002c   Code   RO         6713    .text               c_w.l(_printf_char.o)
    0x08001494   0x08001494   0x0000002c   Code   RO         6715    .text               c_w.l(_printf_wchar.o)
    0x080014c0   0x080014c0   0x00000040   Code   RO         6718    .text               c_w.l(_wcrtomb.o)
    0x08001500   0x08001500   0x00000008   Code   RO         6724    .text               c_w.l(libspace.o)
    0x08001508   0x08001508   0x0000004a   Code   RO         6727    .text               c_w.l(sys_stackheap_outer.o)
    0x08001552   0x08001552   0x00000002   PAD
    0x08001554   0x08001554   0x00000010   Code   RO         6729    .text               c_w.l(rt_ctype_table.o)
    0x08001564   0x08001564   0x00000008   Code   RO         6734    .text               c_w.l(rt_locale_intlibspace.o)
    0x0800156c   0x0800156c   0x00000080   Code   RO         6736    .text               c_w.l(_printf_fp_infnan.o)
    0x080015ec   0x080015ec   0x000000e4   Code   RO         6738    .text               c_w.l(bigflt0.o)
    0x080016d0   0x080016d0   0x00000012   Code   RO         6766    .text               c_w.l(exit.o)
    0x080016e2   0x080016e2   0x00000002   PAD
    0x080016e4   0x080016e4   0x00000068   Code   RO         6791    .text               c_w.l(strcmpv7m_pel.o)
    0x0800174c   0x0800174c   0x0000000c   Code   RO         6838    .text               c_w.l(sys_exit.o)
    0x08001758   0x08001758   0x00000002   Code   RO         6857    .text               c_w.l(use_no_semi.o)
    0x0800175a   0x0800175a   0x00000000   Code   RO         6859    .text               c_w.l(indicate_semi.o)
    0x0800175a   0x0800175a   0x0000003e   Code   RO         6741    CL$$btod_d2e        c_w.l(btod.o)
    0x08001798   0x08001798   0x00000046   Code   RO         6743    CL$$btod_d2e_denorm_low  c_w.l(btod.o)
    0x080017de   0x080017de   0x00000060   Code   RO         6742    CL$$btod_d2e_norm_op1  c_w.l(btod.o)
    0x0800183e   0x0800183e   0x00000338   Code   RO         6751    CL$$btod_div_common  c_w.l(btod.o)
    0x08001b76   0x08001b76   0x000000dc   Code   RO         6748    CL$$btod_e2e        c_w.l(btod.o)
    0x08001c52   0x08001c52   0x0000002a   Code   RO         6745    CL$$btod_ediv       c_w.l(btod.o)
    0x08001c7c   0x08001c7c   0x0000002a   Code   RO         6744    CL$$btod_emul       c_w.l(btod.o)
    0x08001ca6   0x08001ca6   0x00000244   Code   RO         6750    CL$$btod_mult_common  c_w.l(btod.o)
    0x08001eea   0x08001eea   0x00000002   Code   RO          397    i.BusFault_Handler  stm32h7xx_it.o
    0x08001eec   0x08001eec   0x00000004   Code   RO         5766    i.CDC_Control_FS    usbd_cdc_if.o
    0x08001ef0   0x08001ef0   0x00000004   Code   RO         5767    i.CDC_DeInit_FS     usbd_cdc_if.o
    0x08001ef4   0x08001ef4   0x00000024   Code   RO         5768    i.CDC_Init_FS       usbd_cdc_if.o
    0x08001f18   0x08001f18   0x00000018   Code   RO         5769    i.CDC_Receive_FS    usbd_cdc_if.o
    0x08001f30   0x08001f30   0x00000004   Code   RO         5770    i.CDC_TransmitCplt_FS  usbd_cdc_if.o
    0x08001f34   0x08001f34   0x0000002c   Code   RO         5771    i.CDC_Transmit_FS   usbd_cdc_if.o
    0x08001f60   0x08001f60   0x00000002   Code   RO          398    i.DebugMon_Handler  stm32h7xx_it.o
    0x08001f62   0x08001f62   0x00000002   PAD
    0x08001f64   0x08001f64   0x00000068   Code   RO         5602    i.EKF_init          kalman.o
    0x08001fcc   0x08001fcc   0x00000278   Code   RO         5603    i.EKF_update        kalman.o
    0x08002244   0x08002244   0x00000004   Code   RO           13    i.Error_Handler     main.o
    0x08002248   0x08002248   0x0000000c   Code   RO         5403    i.Get_usTick        icm42688.o
    0x08002254   0x08002254   0x00000024   Code   RO         2587    i.HAL_Delay         stm32h7xx_hal.o
    0x08002278   0x08002278   0x0000022c   Code   RO         1585    i.HAL_GPIO_Init     stm32h7xx_hal_gpio.o
    0x080024a4   0x080024a4   0x00000010   Code   RO         1588    i.HAL_GPIO_TogglePin  stm32h7xx_hal_gpio.o
    0x080024b4   0x080024b4   0x0000000a   Code   RO         1589    i.HAL_GPIO_WritePin  stm32h7xx_hal_gpio.o
    0x080024be   0x080024be   0x00000002   PAD
    0x080024c0   0x080024c0   0x0000000c   Code   RO         2598    i.HAL_GetREVID      stm32h7xx_hal.o
    0x080024cc   0x080024cc   0x0000000c   Code   RO         2599    i.HAL_GetTick       stm32h7xx_hal.o
    0x080024d8   0x080024d8   0x00000010   Code   RO         2605    i.HAL_IncTick       stm32h7xx_hal.o
    0x080024e8   0x080024e8   0x0000005c   Code   RO         2606    i.HAL_Init          stm32h7xx_hal.o
    0x08002544   0x08002544   0x00000040   Code   RO         2607    i.HAL_InitTick      stm32h7xx_hal.o
    0x08002584   0x08002584   0x0000001c   Code   RO          479    i.HAL_MspInit       stm32h7xx_hal_msp.o
    0x080025a0   0x080025a0   0x0000001a   Code   RO         2445    i.HAL_NVIC_EnableIRQ  stm32h7xx_hal_cortex.o
    0x080025ba   0x080025ba   0x00000002   PAD
    0x080025bc   0x080025bc   0x00000040   Code   RO         2451    i.HAL_NVIC_SetPriority  stm32h7xx_hal_cortex.o
    0x080025fc   0x080025fc   0x00000024   Code   RO         2452    i.HAL_NVIC_SetPriorityGrouping  stm32h7xx_hal_cortex.o
    0x08002620   0x08002620   0x00000028   Code   RO          736    i.HAL_PCDEx_ActivateLPM  stm32h7xx_hal_pcd_ex.o
    0x08002648   0x08002648   0x00000002   Code   RO          741    i.HAL_PCDEx_LPM_Callback  stm32h7xx_hal_pcd_ex.o
    0x0800264a   0x0800264a   0x00000008   Code   RO          742    i.HAL_PCDEx_SetRxFiFo  stm32h7xx_hal_pcd_ex.o
    0x08002652   0x08002652   0x00000046   Code   RO          743    i.HAL_PCDEx_SetTxFiFo  stm32h7xx_hal_pcd_ex.o
    0x08002698   0x08002698   0x00000008   Code   RO         5832    i.HAL_PCD_ConnectCallback  usbd_conf.o
    0x080026a0   0x080026a0   0x00000012   Code   RO         5833    i.HAL_PCD_DataInStageCallback  usbd_conf.o
    0x080026b2   0x080026b2   0x00000014   Code   RO         5834    i.HAL_PCD_DataOutStageCallback  usbd_conf.o
    0x080026c6   0x080026c6   0x00000008   Code   RO         5835    i.HAL_PCD_DisconnectCallback  usbd_conf.o
    0x080026ce   0x080026ce   0x0000001e   Code   RO          512    i.HAL_PCD_EP_Abort  stm32h7xx_hal_pcd.o
    0x080026ec   0x080026ec   0x0000004c   Code   RO          513    i.HAL_PCD_EP_Close  stm32h7xx_hal_pcd.o
    0x08002738   0x08002738   0x0000005c   Code   RO          514    i.HAL_PCD_EP_ClrStall  stm32h7xx_hal_pcd.o
    0x08002794   0x08002794   0x00000012   Code   RO          516    i.HAL_PCD_EP_GetRxCount  stm32h7xx_hal_pcd.o
    0x080027a6   0x080027a6   0x00000060   Code   RO          517    i.HAL_PCD_EP_Open   stm32h7xx_hal_pcd.o
    0x08002806   0x08002806   0x00000034   Code   RO          518    i.HAL_PCD_EP_Receive  stm32h7xx_hal_pcd.o
    0x0800283a   0x0800283a   0x00000074   Code   RO          519    i.HAL_PCD_EP_SetStall  stm32h7xx_hal_pcd.o
    0x080028ae   0x080028ae   0x00000034   Code   RO          520    i.HAL_PCD_EP_Transmit  stm32h7xx_hal_pcd.o
    0x080028e2   0x080028e2   0x00000002   PAD
    0x080028e4   0x080028e4   0x0000059c   Code   RO          522    i.HAL_PCD_IRQHandler  stm32h7xx_hal_pcd.o
    0x08002e80   0x08002e80   0x00000008   Code   RO         5836    i.HAL_PCD_ISOINIncompleteCallback  usbd_conf.o
    0x08002e88   0x08002e88   0x00000008   Code   RO         5837    i.HAL_PCD_ISOOUTIncompleteCallback  usbd_conf.o
    0x08002e90   0x08002e90   0x000000f2   Code   RO          525    i.HAL_PCD_Init      stm32h7xx_hal_pcd.o
    0x08002f82   0x08002f82   0x00000002   PAD
    0x08002f84   0x08002f84   0x000000a0   Code   RO         5839    i.HAL_PCD_MspInit   usbd_conf.o
    0x08003024   0x08003024   0x0000002c   Code   RO         5840    i.HAL_PCD_ResetCallback  usbd_conf.o
    0x08003050   0x08003050   0x00000008   Code   RO         5841    i.HAL_PCD_ResumeCallback  usbd_conf.o
    0x08003058   0x08003058   0x00000008   Code   RO         5842    i.HAL_PCD_SOFCallback  usbd_conf.o
    0x08003060   0x08003060   0x00000028   Code   RO          531    i.HAL_PCD_SetAddress  stm32h7xx_hal_pcd.o
    0x08003088   0x08003088   0x0000000e   Code   RO         5843    i.HAL_PCD_SetupStageCallback  usbd_conf.o
    0x08003096   0x08003096   0x00000042   Code   RO          534    i.HAL_PCD_Start     stm32h7xx_hal_pcd.o
    0x080030d8   0x080030d8   0x00000030   Code   RO         5844    i.HAL_PCD_SuspendCallback  usbd_conf.o
    0x08003108   0x08003108   0x00000054   Code   RO         2186    i.HAL_PWREx_ConfigSupply  stm32h7xx_hal_pwr_ex.o
    0x0800315c   0x0800315c   0x00000010   Code   RO         2203    i.HAL_PWREx_EnableUSBVoltageDetector  stm32h7xx_hal_pwr_ex.o
    0x0800316c   0x0800316c   0x00000024   Code   RO         1228    i.HAL_RCCEx_GetD3PCLK1Freq  stm32h7xx_hal_rcc_ex.o
    0x08003190   0x08003190   0x00000144   Code   RO         1230    i.HAL_RCCEx_GetPLL2ClockFreq  stm32h7xx_hal_rcc_ex.o
    0x080032d4   0x080032d4   0x00000144   Code   RO         1231    i.HAL_RCCEx_GetPLL3ClockFreq  stm32h7xx_hal_rcc_ex.o
    0x08003418   0x08003418   0x000009ac   Code   RO         1237    i.HAL_RCCEx_PeriphCLKConfig  stm32h7xx_hal_rcc_ex.o
    0x08003dc4   0x08003dc4   0x0000025c   Code   RO         1113    i.HAL_RCC_ClockConfig  stm32h7xx_hal_rcc.o
    0x08004020   0x08004020   0x00000044   Code   RO         1118    i.HAL_RCC_GetHCLKFreq  stm32h7xx_hal_rcc.o
    0x08004064   0x08004064   0x00000024   Code   RO         1120    i.HAL_RCC_GetPCLK1Freq  stm32h7xx_hal_rcc.o
    0x08004088   0x08004088   0x00000024   Code   RO         1121    i.HAL_RCC_GetPCLK2Freq  stm32h7xx_hal_rcc.o
    0x080040ac   0x080040ac   0x00000138   Code   RO         1122    i.HAL_RCC_GetSysClockFreq  stm32h7xx_hal_rcc.o
    0x080041e4   0x080041e4   0x00000582   Code   RO         1125    i.HAL_RCC_OscConfig  stm32h7xx_hal_rcc.o
    0x08004766   0x08004766   0x00000002   PAD
    0x08004768   0x08004768   0x0000017c   Code   RO         3501    i.HAL_SPI_Init      stm32h7xx_hal_spi.o
    0x080048e4   0x080048e4   0x0000009c   Code   RO          272    i.HAL_SPI_MspInit   spi.o
    0x08004980   0x08004980   0x000001d6   Code   RO         3504    i.HAL_SPI_Receive   stm32h7xx_hal_spi.o
    0x08004b56   0x08004b56   0x0000024e   Code   RO         3510    i.HAL_SPI_Transmit  stm32h7xx_hal_spi.o
    0x08004da4   0x08004da4   0x00000026   Code   RO         2456    i.HAL_SYSTICK_Config  stm32h7xx_hal_cortex.o
    0x08004dca   0x08004dca   0x00000002   PAD
    0x08004dcc   0x08004dcc   0x000000a4   Code   RO         4557    i.HAL_TIMEx_MasterConfigSynchronization  stm32h7xx_hal_tim_ex.o
    0x08004e70   0x08004e70   0x00000062   Code   RO         3821    i.HAL_TIM_Base_Init  stm32h7xx_hal_tim.o
    0x08004ed2   0x08004ed2   0x00000002   PAD
    0x08004ed4   0x08004ed4   0x00000024   Code   RO          314    i.HAL_TIM_Base_MspInit  tim.o
    0x08004ef8   0x08004ef8   0x00000080   Code   RO         3824    i.HAL_TIM_Base_Start  stm32h7xx_hal_tim.o
    0x08004f78   0x08004f78   0x000000fc   Code   RO         3830    i.HAL_TIM_ConfigClockSource  stm32h7xx_hal_tim.o
    0x08005074   0x08005074   0x00000040   Code   RO         5246    i.HAL_UARTEx_DisableFifoMode  stm32h7xx_hal_uart_ex.o
    0x080050b4   0x080050b4   0x0000004c   Code   RO         5255    i.HAL_UARTEx_SetRxFifoThreshold  stm32h7xx_hal_uart_ex.o
    0x08005100   0x08005100   0x0000004c   Code   RO         5256    i.HAL_UARTEx_SetTxFifoThreshold  stm32h7xx_hal_uart_ex.o
    0x0800514c   0x0800514c   0x0000006a   Code   RO         4855    i.HAL_UART_Init     stm32h7xx_hal_uart.o
    0x080051b6   0x080051b6   0x00000002   PAD
    0x080051b8   0x080051b8   0x00000088   Code   RO          356    i.HAL_UART_MspInit  usart.o
    0x08005240   0x08005240   0x000000b0   Code   RO         4864    i.HAL_UART_Transmit  stm32h7xx_hal_uart.o
    0x080052f0   0x080052f0   0x00000002   Code   RO          399    i.HardFault_Handler  stm32h7xx_it.o
    0x080052f2   0x080052f2   0x00000002   PAD
    0x080052f4   0x080052f4   0x00000038   Code   RO         5680    i.IntToUnicode      usbd_desc.o
    0x0800532c   0x0800532c   0x00000090   Code   RO          247    i.MX_GPIO_Init      gpio.o
    0x080053bc   0x080053bc   0x0000005c   Code   RO          273    i.MX_SPI1_Init      spi.o
    0x08005418   0x08005418   0x00000064   Code   RO          315    i.MX_TIM2_Init      tim.o
    0x0800547c   0x0800547c   0x00000068   Code   RO          357    i.MX_USART1_UART_Init  usart.o
    0x080054e4   0x080054e4   0x00000054   Code   RO         5645    i.MX_USB_DEVICE_Init  usb_device.o
    0x08005538   0x08005538   0x00000002   Code   RO          400    i.MemManage_Handler  stm32h7xx_it.o
    0x0800553a   0x0800553a   0x00000026   Code   RO         5404    i.Merge_Raw_Data    icm42688.o
    0x08005560   0x08005560   0x00000002   Code   RO          401    i.NMI_Handler       stm32h7xx_it.o
    0x08005562   0x08005562   0x00000002   PAD
    0x08005564   0x08005564   0x0000000c   Code   RO          402    i.OTG_FS_IRQHandler  stm32h7xx_it.o
    0x08005570   0x08005570   0x000000cc   Code   RO          537    i.PCD_EP_OutXfrComplete_int  stm32h7xx_hal_pcd.o
    0x0800563c   0x0800563c   0x000000a2   Code   RO          538    i.PCD_WriteEmptyTxFifo  stm32h7xx_hal_pcd.o
    0x080056de   0x080056de   0x00000002   Code   RO          403    i.PendSV_Handler    stm32h7xx_it.o
    0x080056e0   0x080056e0   0x00000120   Code   RO         1240    i.RCCEx_PLL2_Config  stm32h7xx_hal_rcc_ex.o
    0x08005800   0x08005800   0x00000120   Code   RO         1241    i.RCCEx_PLL3_Config  stm32h7xx_hal_rcc_ex.o
    0x08005920   0x08005920   0x00000010   Code   RO         5408    i.Reset_usTick      icm42688.o
    0x08005930   0x08005930   0x000000bc   Code   RO         3521    i.SPI_CloseTransfer  stm32h7xx_hal_spi.o
    0x080059ec   0x080059ec   0x00000046   Code   RO         3538    i.SPI_WaitOnFlagUntilTimeout  stm32h7xx_hal_spi.o
    0x08005a32   0x08005a32   0x00000002   Code   RO          404    i.SVC_Handler       stm32h7xx_it.o
    0x08005a34   0x08005a34   0x0000000a   Code   RO         6206    i.SWAPBYTE          usbd_ctlreq.o
    0x08005a3e   0x08005a3e   0x00000002   PAD
    0x08005a40   0x08005a40   0x0000000c   Code   RO         5409    i.Start_usTick      icm42688.o
    0x08005a4c   0x08005a4c   0x00000004   Code   RO          405    i.SysTick_Handler   stm32h7xx_it.o
    0x08005a50   0x08005a50   0x000000e0   Code   RO           14    i.SystemClock_Config  main.o
    0x08005b30   0x08005b30   0x000000dc   Code   RO         5365    i.SystemInit        system_stm32h7xx.o
    0x08005c0c   0x08005c0c   0x000000c4   Code   RO         3914    i.TIM_Base_SetConfig  stm32h7xx_hal_tim.o
    0x08005cd0   0x08005cd0   0x00000012   Code   RO         3925    i.TIM_ETR_SetConfig  stm32h7xx_hal_tim.o
    0x08005ce2   0x08005ce2   0x00000002   PAD
    0x08005ce4   0x08005ce4   0x00000014   Code   RO         3926    i.TIM_ITRx_SetConfig  stm32h7xx_hal_tim.o
    0x08005cf8   0x08005cf8   0x00000022   Code   RO         3934    i.TIM_TI1_ConfigInputStage  stm32h7xx_hal_tim.o
    0x08005d1a   0x08005d1a   0x00000024   Code   RO         3936    i.TIM_TI2_ConfigInputStage  stm32h7xx_hal_tim.o
    0x08005d3e   0x08005d3e   0x00000002   PAD
    0x08005d40   0x08005d40   0x00000044   Code   RO         5260    i.UARTEx_SetNbDataToProcess  stm32h7xx_hal_uart_ex.o
    0x08005d84   0x08005d84   0x000000c8   Code   RO         4869    i.UART_AdvFeatureConfig  stm32h7xx_hal_uart.o
    0x08005e4c   0x08005e4c   0x000000aa   Code   RO         4870    i.UART_CheckIdleState  stm32h7xx_hal_uart.o
    0x08005ef6   0x08005ef6   0x00000002   PAD
    0x08005ef8   0x08005ef8   0x00000054   Code   RO         4881    i.UART_EndRxTransfer  stm32h7xx_hal_uart.o
    0x08005f4c   0x08005f4c   0x000003ac   Code   RO         4887    i.UART_SetConfig    stm32h7xx_hal_uart.o
    0x080062f8   0x080062f8   0x0000008c   Code   RO         4894    i.UART_WaitOnFlagUntilTimeout  stm32h7xx_hal_uart.o
    0x08006384   0x08006384   0x00000076   Code   RO         6347    i.USBD_CDC_DataIn   usbd_cdc.o
    0x080063fa   0x080063fa   0x0000003c   Code   RO         6348    i.USBD_CDC_DataOut  usbd_cdc.o
    0x08006436   0x08006436   0x00000002   PAD
    0x08006438   0x08006438   0x00000090   Code   RO         6349    i.USBD_CDC_DeInit   usbd_cdc.o
    0x080064c8   0x080064c8   0x00000036   Code   RO         6350    i.USBD_CDC_EP0_RxReady  usbd_cdc.o
    0x080064fe   0x080064fe   0x00000002   PAD
    0x08006500   0x08006500   0x0000000c   Code   RO         6351    i.USBD_CDC_GetDeviceQualifierDescriptor  usbd_cdc.o
    0x0800650c   0x0800650c   0x00000040   Code   RO         6352    i.USBD_CDC_GetFSCfgDesc  usbd_cdc.o
    0x0800654c   0x0800654c   0x00000040   Code   RO         6353    i.USBD_CDC_GetHSCfgDesc  usbd_cdc.o
    0x0800658c   0x0800658c   0x00000040   Code   RO         6354    i.USBD_CDC_GetOtherSpeedCfgDesc  usbd_cdc.o
    0x080065cc   0x080065cc   0x0000011c   Code   RO         6355    i.USBD_CDC_Init     usbd_cdc.o
    0x080066e8   0x080066e8   0x00000038   Code   RO         6356    i.USBD_CDC_ReceivePacket  usbd_cdc.o
    0x08006720   0x08006720   0x00000016   Code   RO         6357    i.USBD_CDC_RegisterInterface  usbd_cdc.o
    0x08006736   0x08006736   0x0000001a   Code   RO         6358    i.USBD_CDC_SetRxBuffer  usbd_cdc.o
    0x08006750   0x08006750   0x0000001e   Code   RO         6359    i.USBD_CDC_SetTxBuffer  usbd_cdc.o
    0x0800676e   0x0800676e   0x000000ce   Code   RO         6360    i.USBD_CDC_Setup    usbd_cdc.o
    0x0800683c   0x0800683c   0x00000050   Code   RO         6361    i.USBD_CDC_TransmitPacket  usbd_cdc.o
    0x0800688c   0x0800688c   0x00000014   Code   RO         6043    i.USBD_ClrClassConfig  usbd_core.o
    0x080068a0   0x080068a0   0x00000004   Code   RO         6044    i.USBD_CoreFindEP   usbd_core.o
    0x080068a4   0x080068a4   0x00000004   Code   RO         6045    i.USBD_CoreFindIF   usbd_core.o
    0x080068a8   0x080068a8   0x00000010   Code   RO         6283    i.USBD_CtlContinueRx  usbd_ioreq.o
    0x080068b8   0x080068b8   0x00000010   Code   RO         6284    i.USBD_CtlContinueSendData  usbd_ioreq.o
    0x080068c8   0x080068c8   0x00000016   Code   RO         6207    i.USBD_CtlError     usbd_ctlreq.o
    0x080068de   0x080068de   0x0000001e   Code   RO         6285    i.USBD_CtlPrepareRx  usbd_ioreq.o
    0x080068fc   0x080068fc   0x00000016   Code   RO         6286    i.USBD_CtlReceiveStatus  usbd_ioreq.o
    0x08006912   0x08006912   0x0000001a   Code   RO         6287    i.USBD_CtlSendData  usbd_ioreq.o
    0x0800692c   0x0800692c   0x00000016   Code   RO         6288    i.USBD_CtlSendStatus  usbd_ioreq.o
    0x08006942   0x08006942   0x00000002   PAD
    0x08006944   0x08006944   0x00000020   Code   RO         5681    i.USBD_FS_ConfigStrDescriptor  usbd_desc.o
    0x08006964   0x08006964   0x0000000c   Code   RO         5682    i.USBD_FS_DeviceDescriptor  usbd_desc.o
    0x08006970   0x08006970   0x00000024   Code   RO         5683    i.USBD_FS_InterfaceStrDescriptor  usbd_desc.o
    0x08006994   0x08006994   0x0000000c   Code   RO         5684    i.USBD_FS_LangIDStrDescriptor  usbd_desc.o
    0x080069a0   0x080069a0   0x00000028   Code   RO         5685    i.USBD_FS_ManufacturerStrDescriptor  usbd_desc.o
    0x080069c8   0x080069c8   0x0000002c   Code   RO         5686    i.USBD_FS_ProductStrDescriptor  usbd_desc.o
    0x080069f4   0x080069f4   0x0000003c   Code   RO         5687    i.USBD_FS_SerialStrDescriptor  usbd_desc.o
    0x08006a30   0x08006a30   0x000000e6   Code   RO         6208    i.USBD_GetDescriptor  usbd_ctlreq.o
    0x08006b16   0x08006b16   0x0000003a   Code   RO         6047    i.USBD_GetEpDesc    usbd_core.o
    0x08006b50   0x08006b50   0x0000000e   Code   RO         6048    i.USBD_GetNextDesc  usbd_core.o
    0x08006b5e   0x08006b5e   0x0000004a   Code   RO         6209    i.USBD_GetString    usbd_ctlreq.o
    0x08006ba8   0x08006ba8   0x00000018   Code   RO         5845    i.USBD_Get_USB_Status  usbd_conf.o
    0x08006bc0   0x08006bc0   0x00000026   Code   RO         6049    i.USBD_Init         usbd_core.o
    0x08006be6   0x08006be6   0x00000012   Code   RO         5846    i.USBD_LL_ClearStallEP  usbd_conf.o
    0x08006bf8   0x08006bf8   0x00000012   Code   RO         5847    i.USBD_LL_CloseEP   usbd_conf.o
    0x08006c0a   0x08006c0a   0x000000b8   Code   RO         6050    i.USBD_LL_DataInStage  usbd_core.o
    0x08006cc2   0x08006cc2   0x00000090   Code   RO         6051    i.USBD_LL_DataOutStage  usbd_core.o
    0x08006d52   0x08006d52   0x00000004   Code   RO         6052    i.USBD_LL_DevConnected  usbd_core.o
    0x08006d56   0x08006d56   0x00000020   Code   RO         6053    i.USBD_LL_DevDisconnected  usbd_core.o
    0x08006d76   0x08006d76   0x00000008   Code   RO         5851    i.USBD_LL_GetRxDataSize  usbd_conf.o
    0x08006d7e   0x08006d7e   0x00000002   PAD
    0x08006d80   0x08006d80   0x00000064   Code   RO         5852    i.USBD_LL_Init      usbd_conf.o
    0x08006de4   0x08006de4   0x00000020   Code   RO         5853    i.USBD_LL_IsStallEP  usbd_conf.o
    0x08006e04   0x08006e04   0x00000028   Code   RO         6054    i.USBD_LL_IsoINIncomplete  usbd_core.o
    0x08006e2c   0x08006e2c   0x00000028   Code   RO         6055    i.USBD_LL_IsoOUTIncomplete  usbd_core.o
    0x08006e54   0x08006e54   0x00000018   Code   RO         5854    i.USBD_LL_OpenEP    usbd_conf.o
    0x08006e6c   0x08006e6c   0x00000012   Code   RO         5855    i.USBD_LL_PrepareReceive  usbd_conf.o
    0x08006e7e   0x08006e7e   0x0000005e   Code   RO         6056    i.USBD_LL_Reset     usbd_core.o
    0x08006edc   0x08006edc   0x00000014   Code   RO         6057    i.USBD_LL_Resume    usbd_core.o
    0x08006ef0   0x08006ef0   0x0000001a   Code   RO         6058    i.USBD_LL_SOF       usbd_core.o
    0x08006f0a   0x08006f0a   0x00000006   Code   RO         6059    i.USBD_LL_SetSpeed  usbd_core.o
    0x08006f10   0x08006f10   0x00000012   Code   RO         5856    i.USBD_LL_SetUSBAddress  usbd_conf.o
    0x08006f22   0x08006f22   0x00000060   Code   RO         6060    i.USBD_LL_SetupStage  usbd_core.o
    0x08006f82   0x08006f82   0x00000012   Code   RO         5857    i.USBD_LL_StallEP   usbd_conf.o
    0x08006f94   0x08006f94   0x00000012   Code   RO         5858    i.USBD_LL_Start     usbd_conf.o
    0x08006fa6   0x08006fa6   0x0000001a   Code   RO         6061    i.USBD_LL_Suspend   usbd_core.o
    0x08006fc0   0x08006fc0   0x00000012   Code   RO         5860    i.USBD_LL_Transmit  usbd_conf.o
    0x08006fd2   0x08006fd2   0x0000002a   Code   RO         6210    i.USBD_ParseSetupRequest  usbd_ctlreq.o
    0x08006ffc   0x08006ffc   0x0000003a   Code   RO         6062    i.USBD_RegisterClass  usbd_core.o
    0x08007036   0x08007036   0x00000014   Code   RO         6064    i.USBD_SetClassConfig  usbd_core.o
    0x0800704a   0x0800704a   0x00000002   PAD
    0x0800704c   0x0800704c   0x000000bc   Code   RO         6211    i.USBD_SetConfig    usbd_ctlreq.o
    0x08007108   0x08007108   0x00000004   Code   RO         6065    i.USBD_Start        usbd_core.o
    0x0800710c   0x0800710c   0x0000012e   Code   RO         6212    i.USBD_StdDevReq    usbd_ctlreq.o
    0x0800723a   0x0800723a   0x00000164   Code   RO         6213    i.USBD_StdEPReq     usbd_ctlreq.o
    0x0800739e   0x0800739e   0x00000074   Code   RO         6214    i.USBD_StdItfReq    usbd_ctlreq.o
    0x08007412   0x08007412   0x00000002   Code   RO         5861    i.USBD_static_free  usbd_conf.o
    0x08007414   0x08007414   0x00000008   Code   RO         5862    i.USBD_static_malloc  usbd_conf.o
    0x0800741c   0x0800741c   0x00000080   Code   RO          808    i.USB_ActivateEndpoint  stm32h7xx_ll_usb.o
    0x0800749c   0x0800749c   0x0000001c   Code   RO          810    i.USB_ActivateSetup  stm32h7xx_ll_usb.o
    0x080074b8   0x080074b8   0x00000088   Code   RO          812    i.USB_CoreInit      stm32h7xx_ll_usb.o
    0x08007540   0x08007540   0x00000040   Code   RO          813    i.USB_CoreReset     stm32h7xx_ll_usb.o
    0x08007580   0x08007580   0x000000cc   Code   RO          816    i.USB_DeactivateEndpoint  stm32h7xx_ll_usb.o
    0x0800764c   0x0800764c   0x0000001c   Code   RO          817    i.USB_DevConnect    stm32h7xx_ll_usb.o
    0x08007668   0x08007668   0x0000001c   Code   RO          818    i.USB_DevDisconnect  stm32h7xx_ll_usb.o
    0x08007684   0x08007684   0x00000178   Code   RO          819    i.USB_DevInit       stm32h7xx_ll_usb.o
    0x080077fc   0x080077fc   0x0000000c   Code   RO          820    i.USB_DisableGlobalInt  stm32h7xx_ll_usb.o
    0x08007808   0x08007808   0x00000058   Code   RO          823    i.USB_EP0_OutStart  stm32h7xx_ll_usb.o
    0x08007860   0x08007860   0x00000058   Code   RO          824    i.USB_EPClearStall  stm32h7xx_ll_usb.o
    0x080078b8   0x080078b8   0x00000058   Code   RO          825    i.USB_EPSetStall    stm32h7xx_ll_usb.o
    0x08007910   0x08007910   0x00000238   Code   RO          826    i.USB_EPStartXfer   stm32h7xx_ll_usb.o
    0x08007b48   0x08007b48   0x0000009e   Code   RO          827    i.USB_EPStopXfer    stm32h7xx_ll_usb.o
    0x08007be6   0x08007be6   0x0000000c   Code   RO          828    i.USB_EnableGlobalInt  stm32h7xx_ll_usb.o
    0x08007bf2   0x08007bf2   0x00000002   PAD
    0x08007bf4   0x08007bf4   0x0000003c   Code   RO          829    i.USB_FlushRxFifo   stm32h7xx_ll_usb.o
    0x08007c30   0x08007c30   0x00000040   Code   RO          830    i.USB_FlushTxFifo   stm32h7xx_ll_usb.o
    0x08007c70   0x08007c70   0x0000001a   Code   RO          832    i.USB_GetDevSpeed   stm32h7xx_ll_usb.o
    0x08007c8a   0x08007c8a   0x00000008   Code   RO          834    i.USB_GetMode       stm32h7xx_ll_usb.o
    0x08007c92   0x08007c92   0x0000000e   Code   RO          842    i.USB_ReadDevAllInEpInterrupt  stm32h7xx_ll_usb.o
    0x08007ca0   0x08007ca0   0x0000000e   Code   RO          843    i.USB_ReadDevAllOutEpInterrupt  stm32h7xx_ll_usb.o
    0x08007cae   0x08007cae   0x00000024   Code   RO          844    i.USB_ReadDevInEPInterrupt  stm32h7xx_ll_usb.o
    0x08007cd2   0x08007cd2   0x00000010   Code   RO          845    i.USB_ReadDevOutEPInterrupt  stm32h7xx_ll_usb.o
    0x08007ce2   0x08007ce2   0x00000008   Code   RO          846    i.USB_ReadInterrupts  stm32h7xx_ll_usb.o
    0x08007cea   0x08007cea   0x00000040   Code   RO          847    i.USB_ReadPacket    stm32h7xx_ll_usb.o
    0x08007d2a   0x08007d2a   0x0000005e   Code   RO          849    i.USB_SetCurrentMode  stm32h7xx_ll_usb.o
    0x08007d88   0x08007d88   0x00000022   Code   RO          850    i.USB_SetDevAddress  stm32h7xx_ll_usb.o
    0x08007daa   0x08007daa   0x00000002   PAD
    0x08007dac   0x08007dac   0x000000e8   Code   RO          852    i.USB_SetTurnaroundTime  stm32h7xx_ll_usb.o
    0x08007e94   0x08007e94   0x00000028   Code   RO          855    i.USB_WritePacket   stm32h7xx_ll_usb.o
    0x08007ebc   0x08007ebc   0x00000002   Code   RO          406    i.UsageFault_Handler  stm32h7xx_it.o
    0x08007ebe   0x08007ebe   0x00000002   PAD
    0x08007ec0   0x08007ec0   0x00000050   Code   RO         5412    i.Yaw_Bias_Calibration  icm42688.o
    0x08007f10   0x08007f10   0x00000030   Code   RO         6720    i.__ARM_fpclassify  m_wv.l(fpclassify.o)
    0x08007f40   0x08007f40   0x00000026   Code   RO         6663    i.__ARM_fpclassifyf  m_wv.l(fpclassifyf.o)
    0x08007f66   0x08007f66   0x00000022   Code   RO         2458    i.__NVIC_SetPriority  stm32h7xx_hal_cortex.o
    0x08007f88   0x08007f88   0x000002b4   Code   RO         6484    i.__hardfp_atan2f   m_wv.l(atan2f.o)
    0x0800823c   0x0800823c   0x0000003a   Code   RO         6508    i.__hardfp_sqrtf    m_wv.l(sqrtf.o)
    0x08008276   0x08008276   0x00000006   Code   RO         6667    i.__mathlib_flt_infnan2  m_wv.l(funder.o)
    0x0800827c   0x0800827c   0x00000010   Code   RO         6671    i.__mathlib_flt_underflow  m_wv.l(funder.o)
    0x0800828c   0x0800828c   0x0000000e   Code   RO         6587    i._is_digit         c_w.l(__printf_wp.o)
    0x0800829a   0x0800829a   0x000000e6   Code   RO         5414    i.icm42688_Init     icm42688.o
    0x08008380   0x08008380   0x00000060   Code   RO         5415    i.icm42688_getAcc_float  icm42688.o
    0x080083e0   0x080083e0   0x0000001a   Code   RO         5416    i.icm42688_getAccel  icm42688.o
    0x080083fa   0x080083fa   0x0000001a   Code   RO         5418    i.icm42688_getGYRO  icm42688.o
    0x08008414   0x08008414   0x00000060   Code   RO         5419    i.icm42688_getGYRO_float  icm42688.o
    0x08008474   0x08008474   0x0000004c   Code   RO         5420    i.icm42688_readMem  icm42688.o
    0x080084c0   0x080084c0   0x00000050   Code   RO         5421    i.icm42688_readReg  icm42688.o
    0x08008510   0x08008510   0x00000038   Code   RO         5423    i.icm42688_writeReg  icm42688.o
    0x08008548   0x08008548   0x00000104   Code   RO           15    i.main              main.o
    0x0800864c   0x0800864c   0x00000030   Code   RO         5566    i.myprintf          uart.o
    0x0800867c   0x0800867c   0x00000024   Code   RO         5772    i.usb_printf        usbd_cdc_if.o
    0x080086a0   0x080086a0   0x0000002c   Code   RO         6764    locale$$code        c_w.l(lc_numeric_c.o)
    0x080086cc   0x080086cc   0x0000002c   Code   RO         6785    locale$$code        c_w.l(lc_ctype_c.o)
    0x080086f8   0x080086f8   0x0000000a   Code   RO         6853    x$fpl$fpinit        fz_wv.l(fpinit.o)
    0x08008702   0x08008702   0x00000004   Code   RO         6620    x$fpl$printf1       fz_wv.l(printf1.o)
    0x08008706   0x08008706   0x00000004   Code   RO         6622    x$fpl$printf2       fz_wv.l(printf2.o)
    0x0800870a   0x0800870a   0x00000000   Code   RO         6628    x$fpl$usenofp       fz_wv.l(usenofp.o)
    0x0800870a   0x0800870a   0x00000018   Data   RO         4895    .constdata          stm32h7xx_hal_uart.o
    0x08008722   0x08008722   0x00000010   Data   RO         5261    .constdata          stm32h7xx_hal_uart_ex.o
    0x08008732   0x08008732   0x00000010   Data   RO         5366    .constdata          system_stm32h7xx.o
    0x08008742   0x08008742   0x00000002   PAD
    0x08008744   0x08008744   0x00000008   Data   RO         6546    .constdata          c_w.l(_printf_wctomb.o)
    0x0800874c   0x0800874c   0x00000028   Data   RO         6575    .constdata          c_w.l(_printf_hex_int_ll_ptr.o)
    0x08008774   0x08008774   0x00000011   Data   RO         6595    .constdata          c_w.l(__printf_flags_ss_wp.o)
    0x08008785   0x08008785   0x00000026   Data   RO         6709    .constdata          c_w.l(_printf_fp_hex.o)
    0x080087ab   0x080087ab   0x00000001   PAD
    0x080087ac   0x080087ac   0x00000094   Data   RO         6739    .constdata          c_w.l(bigflt0.o)
    0x08008840   0x08008840   0x00000020   Data   RO         6911    Region$$Table       anon$$obj.o
    0x08008860   0x08008860   0x0000001c   Data   RO         6763    locale$$data        c_w.l(lc_numeric_c.o)
    0x0800887c   0x0800887c   0x00000110   Data   RO         6784    locale$$data        c_w.l(lc_ctype_c.o)


    Execution Region RW_IRAM1 (Exec base: 0x20000000, Load base: 0x0800898c, Size: 0x00000000, Max: 0x00020000, ABSOLUTE)

    **** No section assigned to this execution region ****


    Execution Region RW_IRAM2 (Exec base: 0x24000000, Load base: 0x0800898c, Size: 0x00002940, Max: 0x00080000, ABSOLUTE, COMPRESSED[0x000000c8])

    Exec Addr    Load Addr    Size         Type   Attr      Idx    E Section Name        Object

    0x24000000   COMPRESSED   0x00000064   Data   RW           18    .data               main.o
    0x24000064   COMPRESSED   0x0000000c   Data   RW         2628    .data               stm32h7xx_hal.o
    0x24000070   COMPRESSED   0x00000008   Data   RW         5367    .data               system_stm32h7xx.o
    0x24000078   COMPRESSED   0x0000001c   Data   RW         5689    .data               usbd_desc.o
    0x24000094   COMPRESSED   0x00000032   Data   RW         5690    .data               usbd_desc.o
    0x240000c6   COMPRESSED   0x00000002   PAD
    0x240000c8   COMPRESSED   0x00000014   Data   RW         5774    .data               usbd_cdc_if.o
    0x240000dc   COMPRESSED   0x00000001   Data   RW         6215    .data               usbd_ctlreq.o
    0x240000dd   COMPRESSED   0x00000003   PAD
    0x240000e0   COMPRESSED   0x00000053   Data   RW         6362    .data               usbd_cdc.o
    0x24000133   COMPRESSED   0x00000001   PAD
    0x24000134   COMPRESSED   0x00000038   Data   RW         6363    .data               usbd_cdc.o
    0x2400016c        -       0x00000088   Zero   RW          274    .bss                spi.o
    0x240001f4        -       0x0000004c   Zero   RW          316    .bss                tim.o
    0x24000240        -       0x00000094   Zero   RW          358    .bss                usart.o
    0x240002d4        -       0x000002dc   Zero   RW         5646    .bss                usb_device.o
    0x240005b0        -       0x00000200   Zero   RW         5688    .bss                usbd_desc.o
    0x240007b0        -       0x00001000   Zero   RW         5773    .bss                usbd_cdc_if.o
    0x240017b0        -       0x0000072c   Zero   RW         5863    .bss                usbd_conf.o
    0x24001edc        -       0x00000060   Zero   RW         6725    .bss                c_w.l(libspace.o)
    0x24001f3c   COMPRESSED   0x00000004   PAD
    0x24001f40        -       0x00000600   Zero   RW            2    HEAP                startup_stm32h750xx.o
    0x24002540        -       0x00000400   Zero   RW            1    STACK               startup_stm32h750xx.o


==============================================================================

Image component sizes


      Code (inc. data)   RO Data    RW Data    ZI Data      Debug   Object Name

       144         14          0          0          0       1067   gpio.o
       844         96          0          0          0      14707   icm42688.o
       736         24          0          0          0       8876   kalman.o
       488         76          0        100          0    1330729   main.o
       248         22          0          0        136       1945   spi.o
        64         26        664          0       2560        852   startup_stm32h750xx.o
       232         44          0         12          0      23524   stm32h7xx_hal.o
       198         12          0          0          0      39683   stm32h7xx_hal_cortex.o
       582         50          0          0          0       2997   stm32h7xx_hal_gpio.o
        28          6          0          0          0        954   stm32h7xx_hal_msp.o
      2682         16          0          0          0      14036   stm32h7xx_hal_pcd.o
       120          6          0          0          0       3351   stm32h7xx_hal_pcd_ex.o
       100         10          0          0          0       1382   stm32h7xx_hal_pwr_ex.o
      2466        102          0          0          0       7244   stm32h7xx_hal_rcc.o
      3736        118          0          0          0       7957   stm32h7xx_hal_rcc_ex.o
      1698         14          0          0          0       6468   stm32h7xx_hal_spi.o
       782         82          0          0          0       7280   stm32h7xx_hal_tim.o
       164         30          0          0          0       1596   stm32h7xx_hal_tim_ex.o
      1816        112         24          0          0      27002   stm32h7xx_hal_uart.o
       284          6         16          0          0       3865   stm32h7xx_hal_uart_ex.o
        32          6          0          0          0       4738   stm32h7xx_it.o
      2716        134          0          0          0      23568   stm32h7xx_ll_usb.o
       220         40         16          8          0       1538   system_stm32h7xx.o
       136         10          0          0         76       1846   tim.o
        48          4          0          0          0        639   uart.o
       240         24          0          0        148       1982   usart.o
        84         18          0          0        732        820   usb_device.o
      1284         40          0        139          0      14793   usbd_cdc.o
       152         26          0         20       4096       4819   usbd_cdc_if.o
       676         30          0          0       1836      17268   usbd_conf.o
       932          0          0          0          0      15803   usbd_core.o
      1340         30          0          1          0      15268   usbd_ctlreq.o
       292        106          0         78        512       6421   usbd_desc.o
       132          0          0          0          0       4736   usbd_ioreq.o

    ----------------------------------------------------------------------
     25742       1334        754        364      10096    1619754   Object Totals
         0          0         32          0          0          0   (incl. Generated)
        46          0          2          6          0          0   (incl. Padding)

    ----------------------------------------------------------------------

      Code (inc. data)   RO Data    RW Data    ZI Data      Debug   Library Member Name

        90          0          0          0          0          0   __dczerorl2.o
         8          0          0          0          0         68   __main.o
       392          4         17          0          0         92   __printf_flags_ss_wp.o
        14          0          0          0          0         68   __printf_wp.o
         0          0          0          0          0          0   __rtentry.o
        12          0          0          0          0          0   __rtentry2.o
         6          0          0          0          0          0   __rtentry4.o
        52          8          0          0          0          0   __scatter.o
        28          0          0          0          0          0   __scatter_zi.o
         6          0          0          0          0          0   _printf_a.o
         6          0          0          0          0          0   _printf_c.o
        44          0          0          0          0        108   _printf_char.o
        48          6          0          0          0         96   _printf_char_common.o
        40          0          0          0          0         68   _printf_charcount.o
         6          0          0          0          0          0   _printf_d.o
       120         16          0          0          0         92   _printf_dec.o
         6          0          0          0          0          0   _printf_e.o
         6          0          0          0          0          0   _printf_f.o
      1054          0          0          0          0        216   _printf_fp_dec.o
       764          8         38          0          0        100   _printf_fp_hex.o
       128         16          0          0          0         84   _printf_fp_infnan.o
         6          0          0          0          0          0   _printf_g.o
       148          4         40          0          0        160   _printf_hex_int_ll_ptr.o
         6          0          0          0          0          0   _printf_i.o
       178          0          0          0          0         88   _printf_intcommon.o
        10          0          0          0          0          0   _printf_l.o
         6          0          0          0          0          0   _printf_lc.o
        10          0          0          0          0          0   _printf_ll.o
         6          0          0          0          0          0   _printf_lld.o
         6          0          0          0          0          0   _printf_lli.o
         6          0          0          0          0          0   _printf_llo.o
         6          0          0          0          0          0   _printf_llu.o
         6          0          0          0          0          0   _printf_llx.o
       124         16          0          0          0         92   _printf_longlong_dec.o
         6          0          0          0          0          0   _printf_ls.o
         6          0          0          0          0          0   _printf_n.o
         6          0          0          0          0          0   _printf_o.o
       112         10          0          0          0        124   _printf_oct_int_ll.o
         6          0          0          0          0          0   _printf_p.o
        78          0          0          0          0        108   _printf_pad.o
         0          0          0          0          0          0   _printf_percent.o
         4          0          0          0          0          0   _printf_percent_end.o
         6          0          0          0          0          0   _printf_s.o
        82          0          0          0          0         80   _printf_str.o
        36          0          0          0          0         84   _printf_truncate.o
         6          0          0          0          0          0   _printf_u.o
        44          0          0          0          0        108   _printf_wchar.o
       188          6          8          0          0         92   _printf_wctomb.o
         6          0          0          0          0          0   _printf_x.o
        22          0          0          0          0        100   _rserrno.o
        16          0          0          0          0         68   _snputc.o
        10          0          0          0          0         68   _sputc.o
        64          0          0          0          0         92   _wcrtomb.o
       228          4        148          0          0         96   bigflt0.o
      1936        128          0          0          0        672   btod.o
        18          0          0          0          0         80   exit.o
         6          0          0          0          0        152   heapauxi.o
         0          0          0          0          0          0   indicate_semi.o
        44         10        272          0          0         76   lc_ctype_c.o
        44         10         28          0          0         76   lc_numeric_c.o
         2          0          0          0          0          0   libinit.o
        34          0          0          0          0          0   libinit2.o
         2          0          0          0          0          0   libshutdown.o
         2          0          0          0          0          0   libshutdown2.o
         8          4          0          0         96         68   libspace.o
       138          0          0          0          0         80   lludiv10.o
       238          0          0          0          0        100   lludivv7m.o
        16          4          0          0          0         76   rt_ctype_table.o
         8          4          0          0          0         68   rt_errno_addr_intlibspace.o
         8          4          0          0          0         68   rt_locale_intlibspace.o
        78          0          0          0          0         80   rt_memclr_w.o
       100          0          0          0          0         80   rt_memcpy_w.o
         2          0          0          0          0          0   rtexit.o
        10          0          0          0          0          0   rtexit2.o
       104          0          0          0          0         68   strcmpv7m_pel.o
        62          0          0          0          0         76   strlen.o
        12          4          0          0          0         68   sys_exit.o
        74          0          0          0          0         80   sys_stackheap_outer.o
         2          0          0          0          0         68   use_no_semi.o
        52          4          0          0          0         80   vsnprintf.o
        10          0          0          0          0        116   fpinit.o
         4          0          0          0          0        116   printf1.o
         4          0          0          0          0        116   printf2.o
         0          0          0          0          0          0   usenofp.o
       692         98          0          0          0        208   atan2f.o
        48          0          0          0          0        124   fpclassify.o
        38          0          0          0          0        116   fpclassifyf.o
        22          6          0          0          0        232   funder.o
        58          0          0          0          0        136   sqrtf.o

    ----------------------------------------------------------------------
      8164        374        552          0        100       5632   Library Totals
        14          0          1          0          4          0   (incl. Padding)

    ----------------------------------------------------------------------

      Code (inc. data)   RO Data    RW Data    ZI Data      Debug   Library Name

      7274        270        551          0         96       4468   c_w.l
        18          0          0          0          0        348   fz_wv.l
       858        104          0          0          0        816   m_wv.l

    ----------------------------------------------------------------------
      8164        374        552          0        100       5632   Library Totals

    ----------------------------------------------------------------------

==============================================================================


      Code (inc. data)   RO Data    RW Data    ZI Data      Debug   

     33906       1708       1306        364      10196    1600142   Grand Totals
     33906       1708       1306        200      10196    1600142   ELF Image Totals (compressed)
     33906       1708       1306        200          0          0   ROM Totals

==============================================================================

    Total RO  Size (Code + RO Data)                35212 (  34.39kB)
    Total RW  Size (RW Data + ZI Data)             10560 (  10.31kB)
    Total ROM Size (Code + RO Data + RW Data)      35412 (  34.58kB)

==============================================================================

